[Licensing::Module] Trying to connect to existing licensing client channel...
Built from '6000.3/staging' branch; Version is '6000.3.8f1 (1c7db571dde0) revision 1867189'; Using compiler version '194234433'; Build Type 'Release'
OS: 'Windows 11  (10.0.26200) Core' Language: 'en' Physical Memory: 32097 MB
[Licensing::IpcConnector] Successfully connected to: "LicenseClient-lisab" at "2026-06-23T22:31:20.8413592Z"
BatchMode: 1, IsHumanControllingUs: 0, StartBugReporterOnCrash: 0, Is64bit: 1
System  architecture: x64
Process architecture: x64
Date: 2026-06-23T22:31:20Z
[Licensing::Client] Code 10 while verifying Licensing Client signature (process Id: 42024, path: "C:/Program Files/Unity Hub/UnityLicensingClient_V1/Unity.Licensing.Client.exe")
[Licensing::Module] LicensingClient has failed validation; ignoring
[Licensing::Client] Error: Unexpected message Type: ApiErrorResponse, expected: HandshakeResponse

COMMAND LINE ARGUMENTS:
C:\Program Files\Unity\Hub\Editor\6000.3.8f1\Editor\Unity.exe
-adb2
-batchMode
-noUpm
-name
AssetImportWorker17
-projectPath
C:/Users/lisab/Desktop/FH/Semesterprojekt II/UnityProject/platformer-movement
-logFile
Logs/AssetImportWorker17.log
-srvPort
55373
-licensingIpc
LicenseClient-lisab
-job-worker-count
7
-background-job-worker-count
8
-gc-helper-count
1
-name
AssetImport
Successfully changed project path to: C:/Users/lisab/Desktop/FH/Semesterprojekt II/UnityProject/platformer-movement
C:/Users/lisab/Desktop/FH/Semesterprojekt II/UnityProject/platformer-movement
[UnityMemory] Configuration Parameters - Can be set up in boot.config
    "memorysetup-temp-allocator-size-nav-mesh-worker=65536"
    "memorysetup-temp-allocator-size-audio-worker=65536"
    "memorysetup-temp-allocator-size-gfx=262144"
    "memorysetup-allocator-temp-initial-block-size-main=262144"
    "memorysetup-allocator-temp-initial-block-size-worker=262144"
    "memorysetup-temp-allocator-size-background-worker=32768"
    "memorysetup-temp-allocator-size-job-worker=262144"
    "memorysetup-temp-allocator-size-preload-manager=33554432"
    "memorysetup-temp-allocator-size-gi-baking-worker=262144"
    "memorysetup-temp-allocator-size-gi-baking-worker=262144"
    "memorysetup-temp-allocator-size-gi-baking-worker=262144"
    "memorysetup-temp-allocator-size-gi-baking-worker=262144"
    "memorysetup-temp-allocator-size-gi-baking-worker=262144"
    "memorysetup-bucket-allocator-granularity=16"
    "memorysetup-bucket-allocator-bucket-count=8"
    "memorysetup-bucket-allocator-block-size=33554432"
    "memorysetup-bucket-allocator-block-count=8"
    "memorysetup-main-allocator-block-size=16777216"
    "memorysetup-thread-allocator-block-size=16777216"
    "memorysetup-gfx-main-allocator-block-size=16777216"
    "memorysetup-gfx-thread-allocator-block-size=16777216"
    "memorysetup-cache-allocator-block-size=4194304"
    "memorysetup-typetree-allocator-block-size=2097152"
    "memorysetup-profiler-bucket-allocator-granularity=16"
    "memorysetup-profiler-bucket-allocator-bucket-count=8"
    "memorysetup-profiler-bucket-allocator-block-size=33554432"
    "memorysetup-profiler-bucket-allocator-block-count=8"
    "memorysetup-profiler-allocator-block-size=16777216"
    "memorysetup-profiler-editor-allocator-block-size=1048576"
    "memorysetup-temp-allocator-size-main=16777216"
    "memorysetup-job-temp-allocator-block-size=2097152"
    "memorysetup-job-temp-allocator-block-size-background=1048576"
    "memorysetup-job-temp-allocator-reduction-small-platforms=262144"
    "memorysetup-temp-allocator-size-cloud-worker=32768"
Player connection [54636]  Target information:

Player connection [54636]  * "[IP] 192.168.0.45 [Port] 0 [Flags] 2 [Guid] 1104834414 [EditorId] 1104834414 [Version] 1048832 [Id] WindowsEditor(7,LAPTOP-K33LQTEE) [Debug] 1 [PackageName] WindowsEditor [ProjectName] Editor" 

Player connection [54636] Host joined multi-casting on [225.0.0.222:54997]...
Player connection [54636] Host joined alternative multi-casting on [225.0.0.222:34997]...
JobSystem: Creating JobQueue using job-worker-count value 7
Input System module state changed to: Initialized.
[Physics::Module] Initialized fallback backend.
[Physics::Module] Id: 0xdecafbad
Library Redirect Path: Library/
[Physics::Module] Selected backend.
[Physics::Module] Name: PhysX
[Physics::Module] Id: 0xf2b8ea05
[Physics::Module] SDK Version: 4.1.2
[Physics::Module] Integration Version: 1.0.0
[Physics::Module] Threading Mode: Multi-Threaded
Refreshing native plugins compatible for Editor in 3.29 ms, found 3 plugins.
Preloading 0 native plugins for Editor in 0.00 ms.
Initialize engine version: 6000.3.8f1 (1c7db571dde0)
[Subsystems] Discovering subsystems at path C:/Program Files/Unity/Hub/Editor/6000.3.8f1/Editor/Data/Resources/UnitySubsystems
[Subsystems] Discovering subsystems at path C:/Users/lisab/Desktop/FH/Semesterprojekt II/UnityProject/platformer-movement/Assets
GfxDevice: creating device client; kGfxThreadingModeNonThreaded
Direct3D:
    Version:  Direct3D 11.0 [level 11.1]
    Renderer: NVIDIA GeForce RTX 3060 Laptop GPU (ID=0x2520)
    Vendor:   NVIDIA
    VRAM:     5996 MB
    Driver:   32.0.15.8183
Initialize mono
Mono path[0] = 'C:/Program Files/Unity/Hub/Editor/6000.3.8f1/Editor/Data/Managed'
Mono path[1] = 'C:/Program Files/Unity/Hub/Editor/6000.3.8f1/Editor/Data/MonoBleedingEdge/lib/mono/unityjit-win32'
Mono config path = 'C:/Program Files/Unity/Hub/Editor/6000.3.8f1/Editor/Data/MonoBleedingEdge/etc'
Using monoOptions --debugger-agent=transport=dt_socket,embedding=1,server=y,suspend=n,address=127.0.0.1:56096
Begin MonoManager ReloadAssembly
Registering precompiled unity dll's ...
Register platform support module: C:/Program Files/Unity/Hub/Editor/6000.3.8f1/Editor/Data/PlaybackEngines/WindowsStandaloneSupport/UnityEditor.WindowsStandalone.Extensions.dll
Registered in 0.003152 seconds.
- Loaded All Assemblies, in  0.515 seconds
Native extension for WindowsStandalone target not found
ScheduleIndexationOnStartup MainProcess:False IndexOnStartup:True
Mono: successfully reloaded assembly
- Finished resetting the current domain, in  0.527 seconds
Domain Reload Profiling: 1038ms
	BeginReloadAssembly (201ms)
		ExecutionOrderSort (0ms)
		DisableScriptedObjects (0ms)
		BackupInstance (0ms)
		ReleaseScriptingObjects (0ms)
		CreateAndSetChildDomain (1ms)
	RebuildCommonClasses (43ms)
	RebuildNativeTypeToScriptingClass (13ms)
	initialDomainReloadingComplete (60ms)
	LoadAllAssembliesAndSetupDomain (194ms)
		LoadAssemblies (196ms)
		RebuildTransferFunctionScriptingTraits (0ms)
		AnalyzeDomain (190ms)
			TypeCache.Refresh (188ms)
				TypeCache.ScanAssembly (172ms)
			BuildScriptInfoCaches (0ms)
			ResolveRequiredComponents (1ms)
	FinalizeReload (527ms)
		ReleaseScriptCaches (0ms)
		RebuildScriptCaches (0ms)
		SetupLoadedEditorAssemblies (477ms)
			LogAssemblyErrors (0ms)
			InitializePlatformSupportModulesInManaged (55ms)
			SetLoadedEditorAssemblies (4ms)
			BeforeProcessingInitializeOnLoad (104ms)
			ProcessInitializeOnLoadAttributes (198ms)
			ProcessInitializeOnLoadMethodAttributes (116ms)
			AfterProcessingInitializeOnLoad (0ms)
			EditorAssembliesLoaded (0ms)
		ExecutionOrderSort2 (0ms)
		AwakeInstancesAfterBackupRestoration (0ms)
========================================================================
Worker process is ready to serve import requests
Import Worker Mode flag is 0x00
Begin MonoManager ReloadAssembly
[Licensing::Module] Licensing is not yet initialized.
[Licensing::Client] Error: Timed-out after 30.00s, waiting for HandshakeResponse
[Licensing::Module] Error: Failed to handshake to channel: "LicenseClient-lisab"
[Licensing::IpcConnector] LicenseClient-lisab channel disconnected successfully.
[Licensing::IpcConnector] Successfully connected to: "LicenseClient-lisab-6000.3.8" at "2026-06-23T22:31:50.8974549Z"
[Licensing::Client] Handshaking with LicensingClient:
  Version:                 1.17.4+4293ba1
  Session Id:              eacdabcd8fcf4788a0409383094e2a9b
  Correlation Id:          1c65b57383602796b3a43942ce365f6f
  External correlation Id: 6058305584857418203
  Machine Id:              OkdY9qFmRvOtmEhu81VG2AUWO5c=
[Licensing::Module] Successfully connected to LicensingClient on channel: "LicenseClient-lisab-6000.3.8" (connect: 0.00s, validation: 0.00s, handshake: 1.14s)
[Licensing::IpcConnector] Successfully connected to: "LicenseClient-lisab-6000.3.8-notifications" at "2026-06-23T22:31:52.0386403Z"
[Licensing::Module] Licensing Background thread has ended after 31.20s
[Licensing::Module] Licensing is initialized (took 28.88s).
[Licensing::Client] Successfully resolved entitlement details
[Licensing::Module] License group:
  Id: F4-2GQG-FKZX-2Q8B-M9AS-XXXX
  Product: Unity Personal
  Type: ULF
  Expiration: Unlimited
- Loaded All Assemblies, in 29.807 seconds
Refreshing native plugins compatible for Editor in 1.60 ms, found 3 plugins.
Native extension for WindowsStandalone target not found
Package Manager log level set to [2]
[Package Manager] Failed to launch server process. Reason: Unity was launched with the -noUpm command-line argument
[Package Manager] Unable to send message (not connected to server process).
[Package Manager] Cannot connect to Unity Package Manager local server
ScheduleIndexationOnStartup MainProcess:False IndexOnStartup:True
Mono: successfully reloaded assembly
- Finished resetting the current domain, in  0.851 seconds
Domain Reload Profiling: 30646ms
	BeginReloadAssembly (29084ms)
		ExecutionOrderSort (0ms)
		DisableScriptedObjects (7ms)
		BackupInstance (0ms)
		ReleaseScriptingObjects (0ms)
		CreateAndSetChildDomain (34ms)
	RebuildCommonClasses (39ms)
	RebuildNativeTypeToScriptingClass (12ms)
	initialDomainReloadingComplete (45ms)
	LoadAllAssembliesAndSetupDomain (616ms)
		LoadAssemblies (501ms)
		RebuildTransferFunctionScriptingTraits (0ms)
		AnalyzeDomain (228ms)
			TypeCache.Refresh (157ms)
				TypeCache.ScanAssembly (144ms)
			BuildScriptInfoCaches (58ms)
			ResolveRequiredComponents (9ms)
	FinalizeReload (852ms)
		ReleaseScriptCaches (0ms)
		RebuildScriptCaches (0ms)
		SetupLoadedEditorAssemblies (681ms)
			LogAssemblyErrors (0ms)
			InitializePlatformSupportModulesInManaged (2ms)
			SetLoadedEditorAssemblies (4ms)
			BeforeProcessingInitializeOnLoad (157ms)
			ProcessInitializeOnLoadAttributes (357ms)
			ProcessInitializeOnLoadMethodAttributes (151ms)
			AfterProcessingInitializeOnLoad (10ms)
			EditorAssembliesLoaded (0ms)
		ExecutionOrderSort2 (0ms)
		AwakeInstancesAfterBackupRestoration (7ms)
Launched and connected shader compiler UnityShaderCompiler.exe after 0.01 seconds
Refreshing native plugins compatible for Editor in 1.95 ms, found 3 plugins.
Preloading 0 native plugins for Editor in 0.00 ms.
Unloading 16 Unused Serialized files (Serialized files now loaded: 0)
Unloading 4812 unused Assets / (4.5 MB). Loaded Objects now: 5647.
Memory consumption went from 141.2 MB to 136.7 MB.
Total: 11.466500 ms (FindLiveObjects: 0.684700 ms CreateObjectMapping: 0.529700 ms MarkObjects: 7.367000 ms  DeleteObjects: 2.883300 ms)

========================================================================
Received Import Request.
  Time since last request: 1021764.497376 seconds.
  path: Assets/Scenes/NoGriAllowed/Global Volume Profile.asset
  artifactKey: Guid(42fb591ead61f0645aca7c82dd9acbd4) Importer(2089858483,d624ce77472d68a35037170ec1d2d27e)
Start importing Assets/Scenes/NoGriAllowed/Global Volume Profile.asset using Guid(42fb591ead61f0645aca7c82dd9acbd4) Importer(2089858483,d624ce77472d68a35037170ec1d2d27e) (ScriptedImporter) -> (artifact id: '59ce0d3f249eddbaeb6b60f16d2f3592') in 0.0878684 seconds
Number of updated asset objects reloaded before import = 0Number of asset objects unloaded after import = 3

========================================================================
Received Import Request.
  Time since last request: 29.607158 seconds.
  path: Assets/Scenes/NoGriAllowed/Global Volume Profile.asset
  artifactKey: Guid(42fb591ead61f0645aca7c82dd9acbd4) Importer(2089858483,d624ce77472d68a35037170ec1d2d27e)
Start importing Assets/Scenes/NoGriAllowed/Global Volume Profile.asset using Guid(42fb591ead61f0645aca7c82dd9acbd4) Importer(2089858483,d624ce77472d68a35037170ec1d2d27e) (ScriptedImporter) -> (artifact id: 'd1d9838a53663414bd4e239931a2aaea') in 0.0155509 seconds
Number of updated asset objects reloaded before import = 0Number of asset objects unloaded after import = 4

========================================================================
Received Import Request.
  Time since last request: 16.862190 seconds.
  path: Assets/Scenes/NoGriAllowed/Global Volume Profile.asset
  artifactKey: Guid(42fb591ead61f0645aca7c82dd9acbd4) Importer(2089858483,d624ce77472d68a35037170ec1d2d27e)
Start importing Assets/Scenes/NoGriAllowed/Global Volume Profile.asset using Guid(42fb591ead61f0645aca7c82dd9acbd4) Importer(2089858483,d624ce77472d68a35037170ec1d2d27e) (ScriptedImporter) -> (artifact id: '5ec7107f3eb6db299d7bb69058496480') in 0.0171123 seconds
Number of updated asset objects reloaded before import = 0Number of asset objects unloaded after import = 5

========================================================================
Received Import Request.
  Time since last request: 104.874585 seconds.
  path: Assets/Scenes/NoGriAllowed/Global Volume Profile.asset
  artifactKey: Guid(42fb591ead61f0645aca7c82dd9acbd4) Importer(2089858483,d624ce77472d68a35037170ec1d2d27e)
Start importing Assets/Scenes/NoGriAllowed/Global Volume Profile.asset using Guid(42fb591ead61f0645aca7c82dd9acbd4) Importer(2089858483,d624ce77472d68a35037170ec1d2d27e) (ScriptedImporter) -> (artifact id: 'c827bf3fa904df4a5b88d5579ac4abdb') in 0.0158176 seconds
Number of updated asset objects reloaded before import = 0Number of asset objects unloaded after import = 5

========================================================================
Received Import Request.
  Time since last request: 15.616952 seconds.
  path: Assets/Scenes/NoGriAllowed/Global Volume Profile.asset
  artifactKey: Guid(42fb591ead61f0645aca7c82dd9acbd4) Importer(2089858483,d624ce77472d68a35037170ec1d2d27e)
Start importing Assets/Scenes/NoGriAllowed/Global Volume Profile.asset using Guid(42fb591ead61f0645aca7c82dd9acbd4) Importer(2089858483,d624ce77472d68a35037170ec1d2d27e) (ScriptedImporter) -> (artifact id: 'e0d970470710c3ccd044fb2cafc33d64') in 0.0173414 seconds
Number of updated asset objects reloaded before import = 0Number of asset objects unloaded after import = 6

========================================================================
Received Import Request.
  Time since last request: 24.020295 seconds.
  path: Assets/Scenes/NoGriAllowed/Global Volume Profile.asset
  artifactKey: Guid(42fb591ead61f0645aca7c82dd9acbd4) Importer(2089858483,d624ce77472d68a35037170ec1d2d27e)
Start importing Assets/Scenes/NoGriAllowed/Global Volume Profile.asset using Guid(42fb591ead61f0645aca7c82dd9acbd4) Importer(2089858483,d624ce77472d68a35037170ec1d2d27e) (ScriptedImporter) -> (artifact id: '716caf538b9f55440eb6c298f6a0722c') in 0.0122319 seconds
Number of updated asset objects reloaded before import = 0Number of asset objects unloaded after import = 7

========================================================================
Received Import Request.
  Time since last request: 10.796550 seconds.
  path: Assets/Scenes/NoGriAllowed/Global Volume Profile.asset
  artifactKey: Guid(42fb591ead61f0645aca7c82dd9acbd4) Importer(2089858483,d624ce77472d68a35037170ec1d2d27e)
Start importing Assets/Scenes/NoGriAllowed/Global Volume Profile.asset using Guid(42fb591ead61f0645aca7c82dd9acbd4) Importer(2089858483,d624ce77472d68a35037170ec1d2d27e) (ScriptedImporter) -> (artifact id: '539baa8dc0e9de3fd02cfb2f285316da') in 0.0162652 seconds
Number of updated asset objects reloaded before import = 0Number of asset objects unloaded after import = 7

========================================================================
Received Import Request.
  Time since last request: 10.127268 seconds.
  path: Assets/Scenes/NoGriAllowed/Global Volume Profile.asset
  artifactKey: Guid(42fb591ead61f0645aca7c82dd9acbd4) Importer(2089858483,d624ce77472d68a35037170ec1d2d27e)
Start importing Assets/Scenes/NoGriAllowed/Global Volume Profile.asset using Guid(42fb591ead61f0645aca7c82dd9acbd4) Importer(2089858483,d624ce77472d68a35037170ec1d2d27e) (ScriptedImporter) -> (artifact id: 'e93e6d8ec68bf2dd3b3daaeedb64af9d') in 0.0159196 seconds
Number of updated asset objects reloaded before import = 0Number of asset objects unloaded after import = 5

========================================================================
Received Import Request.
  Time since last request: 7.373811 seconds.
  path: Assets/Scenes/NoGriAllowed/Global Volume Profile.asset
  artifactKey: Guid(42fb591ead61f0645aca7c82dd9acbd4) Importer(2089858483,d624ce77472d68a35037170ec1d2d27e)
Start importing Assets/Scenes/NoGriAllowed/Global Volume Profile.asset using Guid(42fb591ead61f0645aca7c82dd9acbd4) Importer(2089858483,d624ce77472d68a35037170ec1d2d27e) (ScriptedImporter) -> (artifact id: '79b23e1d7779153876ac83903c752e25') in 0.0121195 seconds
Number of updated asset objects reloaded before import = 0Number of asset objects unloaded after import = 6

========================================================================
Received Import Request.
  Time since last request: 10.089049 seconds.
  path: Assets/Scenes/NoGriAllowed/Global Volume Profile.asset
  artifactKey: Guid(42fb591ead61f0645aca7c82dd9acbd4) Importer(2089858483,d624ce77472d68a35037170ec1d2d27e)
Start importing Assets/Scenes/NoGriAllowed/Global Volume Profile.asset using Guid(42fb591ead61f0645aca7c82dd9acbd4) Importer(2089858483,d624ce77472d68a35037170ec1d2d27e) (ScriptedImporter) -> (artifact id: '3f8142f44e1ade9379ffe224967ca3c1') in 0.0170481 seconds
Number of updated asset objects reloaded before import = 0Number of asset objects unloaded after import = 6

========================================================================
Received Import Request.
  Time since last request: 58.200028 seconds.
  path: Assets/Scenes/NoGriAllowed/Global Volume Profile.asset
  artifactKey: Guid(42fb591ead61f0645aca7c82dd9acbd4) Importer(2089858483,d624ce77472d68a35037170ec1d2d27e)
Start importing Assets/Scenes/NoGriAllowed/Global Volume Profile.asset using Guid(42fb591ead61f0645aca7c82dd9acbd4) Importer(2089858483,d624ce77472d68a35037170ec1d2d27e) (ScriptedImporter) -> (artifact id: '5f225d5875731e790212cefee0a37d9c') in 0.0113365 seconds
Number of updated asset objects reloaded before import = 0Number of asset objects unloaded after import = 7

========================================================================
Received Import Request.
  Time since last request: 77.644465 seconds.
  path: Assets/Scenes/NoGriAllowed/Global Volume Profile.asset
  artifactKey: Guid(42fb591ead61f0645aca7c82dd9acbd4) Importer(2089858483,d624ce77472d68a35037170ec1d2d27e)
Start importing Assets/Scenes/NoGriAllowed/Global Volume Profile.asset using Guid(42fb591ead61f0645aca7c82dd9acbd4) Importer(2089858483,d624ce77472d68a35037170ec1d2d27e) (ScriptedImporter) -> (artifact id: 'd3ea95069a6202df0d7f14c1d2087908') in 0.0145212 seconds
Number of updated asset objects reloaded before import = 0Number of asset objects unloaded after import = 7

========================================================================
Received Import Request.
  Time since last request: 55.580825 seconds.
  path: Assets/Visuals/Animation/dash.png
  artifactKey: Guid(53dce9f856432e14aae44805e2cb0ad1) Importer(815301076,1909f56bfc062723c751e8b465ee728b)
Start importing Assets/Visuals/Animation/dash.png using Guid(53dce9f856432e14aae44805e2cb0ad1) Importer(815301076,1909f56bfc062723c751e8b465ee728b) (PreviewImporter) -> (artifact id: 'f3b916c540c78de1afae55ab91a0fbf7') in 0.0986871 seconds
Number of updated asset objects reloaded before import = 0Number of asset objects unloaded after import = 3

========================================================================
Received Import Request.
  Time since last request: 0.825027 seconds.
  path: Assets/Visuals/Animation/dash.png
  artifactKey: Guid(53dce9f856432e14aae44805e2cb0ad1) Importer(2089858483,d624ce77472d68a35037170ec1d2d27e)
Start importing Assets/Visuals/Animation/dash.png using Guid(53dce9f856432e14aae44805e2cb0ad1) Importer(2089858483,d624ce77472d68a35037170ec1d2d27e) (ScriptedImporter) -> (artifact id: '860e0ce8ff1897e9836809686b8588d5') in 0.0821094 seconds
Number of updated asset objects reloaded before import = 0Number of asset objects unloaded after import = 3

========================================================================
Received Import Request.
  Time since last request: 13.669699 seconds.
  path: Assets/Visuals/Animation/dash.png
  artifactKey: Guid(53dce9f856432e14aae44805e2cb0ad1) Importer(815301076,1909f56bfc062723c751e8b465ee728b)
Start importing Assets/Visuals/Animation/dash.png using Guid(53dce9f856432e14aae44805e2cb0ad1) Importer(815301076,1909f56bfc062723c751e8b465ee728b) (PreviewImporter) -> (artifact id: '00f19df2a0fe6cff364abec205965d94') in 0.0186424 seconds
Number of updated asset objects reloaded before import = 0Number of asset objects unloaded after import = 3

========================================================================
Received Import Request.
  Time since last request: 0.891053 seconds.
  path: Assets/Visuals/Animation/dash.png
  artifactKey: Guid(53dce9f856432e14aae44805e2cb0ad1) Importer(2089858483,d624ce77472d68a35037170ec1d2d27e)
Start importing Assets/Visuals/Animation/dash.png using Guid(53dce9f856432e14aae44805e2cb0ad1) Importer(2089858483,d624ce77472d68a35037170ec1d2d27e) (ScriptedImporter) -> (artifact id: 'f40e1596c376c31f611f9fd934bcb367') in 0.0165069 seconds
Number of updated asset objects reloaded before import = 0Number of asset objects unloaded after import = 3

========================================================================
Received Import Request.
  Time since last request: 7.398544 seconds.
  path: Assets/Visuals/Animation/dash.png
  artifactKey: Guid(53dce9f856432e14aae44805e2cb0ad1) Importer(815301076,1909f56bfc062723c751e8b465ee728b)
Start importing Assets/Visuals/Animation/dash.png using Guid(53dce9f856432e14aae44805e2cb0ad1) Importer(815301076,1909f56bfc062723c751e8b465ee728b) (PreviewImporter) -> (artifact id: '1d263ba50b29f9ecb7fe96d3965abb76') in 0.0175797 seconds
Number of updated asset objects reloaded before import = 0Number of asset objects unloaded after import = 3

========================================================================
Received Import Request.
  Time since last request: 0.904686 seconds.
  path: Assets/Visuals/Animation/dash.png
  artifactKey: Guid(53dce9f856432e14aae44805e2cb0ad1) Importer(2089858483,d624ce77472d68a35037170ec1d2d27e)
Start importing Assets/Visuals/Animation/dash.png using Guid(53dce9f856432e14aae44805e2cb0ad1) Importer(2089858483,d624ce77472d68a35037170ec1d2d27e) (ScriptedImporter) -> (artifact id: '76a4d536e371ec960b262add61386030') in 0.0148248 seconds
Number of updated asset objects reloaded before import = 0Number of asset objects unloaded after import = 3

========================================================================
Received Import Request.
  Time since last request: 8.386390 seconds.
  path: Assets/_Recovery/0 (1).unity
  artifactKey: Guid(25f89b3a1de06574ba41901dd3e3b11a) Importer(2089858483,d624ce77472d68a35037170ec1d2d27e)
Start importing Assets/_Recovery/0 (1).unity using Guid(25f89b3a1de06574ba41901dd3e3b11a) Importer(2089858483,d624ce77472d68a35037170ec1d2d27e) (ScriptedImporter) -> (artifact id: 'a68df62436c05dad05f27570ef172067') in 0.0121311 seconds
Number of updated asset objects reloaded before import = 0Number of asset objects unloaded after import = 1

========================================================================
Received Import Request.
  Time since last request: 31586.343762 seconds.
  path: Assets/Visuals/Art/Leaderboard.PNG
  artifactKey: Guid(22fd01b443a0ef14aab156dd934b8847) Importer(815301076,1909f56bfc062723c751e8b465ee728b)
Start importing Assets/Visuals/Art/Leaderboard.PNG using Guid(22fd01b443a0ef14aab156dd934b8847) Importer(815301076,1909f56bfc062723c751e8b465ee728b) (PreviewImporter) -> (artifact id: '4183b9762c10d212b14de0250d25ade6') in 0.0284777 seconds
Number of updated asset objects reloaded before import = 0Number of asset objects unloaded after import = 3

========================================================================
Received Import Request.
  Time since last request: 0.000028 seconds.
  path: Assets/Visuals/Art/Spikes.PNG
  artifactKey: Guid(aedb39879a26b7048a1a409573690109) Importer(815301076,1909f56bfc062723c751e8b465ee728b)
Start importing Assets/Visuals/Art/Spikes.PNG using Guid(aedb39879a26b7048a1a409573690109) Importer(815301076,1909f56bfc062723c751e8b465ee728b) (PreviewImporter) -> (artifact id: 'caade596a7280b613ad1e282900a9fb8') in 0.0228734 seconds
Number of updated asset objects reloaded before import = 0Number of asset objects unloaded after import = 3

========================================================================
Received Import Request.
  Time since last request: 0.000034 seconds.
  path: Assets/Visuals/Art/NamePut.PNG
  artifactKey: Guid(94697e959677d8a4d9a44013e0d984fe) Importer(2089858483,d624ce77472d68a35037170ec1d2d27e)
Start importing Assets/Visuals/Art/NamePut.PNG using Guid(94697e959677d8a4d9a44013e0d984fe) Importer(2089858483,d624ce77472d68a35037170ec1d2d27e) (ScriptedImporter) -> (artifact id: '5ca3fc668f0b9eb49d97cd850bcd13e7') in 0.018648 seconds
Number of updated asset objects reloaded before import = 0Number of asset objects unloaded after import = 3

========================================================================
Received Import Request.
  Time since last request: 0.000019 seconds.
  path: Assets/Visuals/Art/Leaderboard.PNG
  artifactKey: Guid(22fd01b443a0ef14aab156dd934b8847) Importer(2089858483,d624ce77472d68a35037170ec1d2d27e)
Start importing Assets/Visuals/Art/Leaderboard.PNG using Guid(22fd01b443a0ef14aab156dd934b8847) Importer(2089858483,d624ce77472d68a35037170ec1d2d27e) (ScriptedImporter) -> (artifact id: 'cd635737b0115d8bfebea8583fb4da43') in 0.0200685 seconds
Number of updated asset objects reloaded before import = 0Number of asset objects unloaded after import = 3

========================================================================
Received Import Request.
  Time since last request: 19.126295 seconds.
  path: Assets/Visuals/Art/Spikes.PNG
  artifactKey: Guid(aedb39879a26b7048a1a409573690109) Importer(815301076,1909f56bfc062723c751e8b465ee728b)
Start importing Assets/Visuals/Art/Spikes.PNG using Guid(aedb39879a26b7048a1a409573690109) Importer(815301076,1909f56bfc062723c751e8b465ee728b) (PreviewImporter) -> (artifact id: 'ab203bbcab8a91bc5c0d8819cf291d20') in 0.0207432 seconds
Number of updated asset objects reloaded before import = 0Number of asset objects unloaded after import = 3

========================================================================
Received Import Request.
  Time since last request: 0.889228 seconds.
  path: Assets/Visuals/Art/Spikes.PNG
  artifactKey: Guid(aedb39879a26b7048a1a409573690109) Importer(2089858483,d624ce77472d68a35037170ec1d2d27e)
Start importing Assets/Visuals/Art/Spikes.PNG using Guid(aedb39879a26b7048a1a409573690109) Importer(2089858483,d624ce77472d68a35037170ec1d2d27e) (ScriptedImporter) -> (artifact id: '44c6759eab80ec95207702ce5d7a54f3') in 0.0189905 seconds
Number of updated asset objects reloaded before import = 0Number of asset objects unloaded after import = 3

========================================================================
Received Import Request.
  Time since last request: 9.259602 seconds.
  path: Assets/Visuals/Art/tili/Spikes.asset
  artifactKey: Guid(8cabb6976adab9b4abcdd5ddedae5a2e) Importer(2089858483,d624ce77472d68a35037170ec1d2d27e)
Start importing Assets/Visuals/Art/tili/Spikes.asset using Guid(8cabb6976adab9b4abcdd5ddedae5a2e) Importer(2089858483,d624ce77472d68a35037170ec1d2d27e) (ScriptedImporter) -> (artifact id: 'bfa58297fd23128d09bc5d09713a3e0a') in 0.0658868 seconds
Number of updated asset objects reloaded before import = 0Number of asset objects unloaded after import = 2

========================================================================
Received Import Request.
  Time since last request: 219.601049 seconds.
  path: Assets/Visuals/Art/IMG_1974.PNG
  artifactKey: Guid(1af0a4787d5266946832b8782e957571) Importer(815301076,1909f56bfc062723c751e8b465ee728b)
Start importing Assets/Visuals/Art/IMG_1974.PNG using Guid(1af0a4787d5266946832b8782e957571) Importer(815301076,1909f56bfc062723c751e8b465ee728b) (PreviewImporter) -> (artifact id: '87ddc93703a094eb311396ee4cc397ca') in 0.0207582 seconds
Number of updated asset objects reloaded before import = 0Number of asset objects unloaded after import = 3

========================================================================
Received Import Request.
  Time since last request: 0.886005 seconds.
  path: Assets/Visuals/Art/IMG_1974.PNG
  artifactKey: Guid(1af0a4787d5266946832b8782e957571) Importer(2089858483,d624ce77472d68a35037170ec1d2d27e)
Start importing Assets/Visuals/Art/IMG_1974.PNG using Guid(1af0a4787d5266946832b8782e957571) Importer(2089858483,d624ce77472d68a35037170ec1d2d27e) (ScriptedImporter) -> (artifact id: 'd3cc1a6d43131ca2637b349065241f98') in 0.0177505 seconds
Number of updated asset objects reloaded before import = 0Number of asset objects unloaded after import = 3

========================================================================
Received Import Request.
  Time since last request: 11.649546 seconds.
  path: Assets/Visuals/Art/IMG_1974.PNG
  artifactKey: Guid(1af0a4787d5266946832b8782e957571) Importer(815301076,1909f56bfc062723c751e8b465ee728b)
Start importing Assets/Visuals/Art/IMG_1974.PNG using Guid(1af0a4787d5266946832b8782e957571) Importer(815301076,1909f56bfc062723c751e8b465ee728b) (PreviewImporter) -> (artifact id: 'abcddcb01b6ead587a4a308eff551319') in 0.0218538 seconds
Number of updated asset objects reloaded before import = 0Number of asset objects unloaded after import = 3

========================================================================
Received Import Request.
  Time since last request: 0.894726 seconds.
  path: Assets/Visuals/Art/IMG_1974.PNG
  artifactKey: Guid(1af0a4787d5266946832b8782e957571) Importer(2089858483,d624ce77472d68a35037170ec1d2d27e)
Start importing Assets/Visuals/Art/IMG_1974.PNG using Guid(1af0a4787d5266946832b8782e957571) Importer(2089858483,d624ce77472d68a35037170ec1d2d27e) (ScriptedImporter) -> (artifact id: '55b862e7d50137123ddf84c6362bee56') in 0.0160431 seconds
Number of updated asset objects reloaded before import = 0Number of asset objects unloaded after import = 3

========================================================================
Received Import Request.
  Time since last request: 5.685532 seconds.
  path: Assets/Visuals/Art/tili/IMG_1974.asset
  artifactKey: Guid(97e058b484e3c974cad3dc0ab4b46f93) Importer(2089858483,d624ce77472d68a35037170ec1d2d27e)
Start importing Assets/Visuals/Art/tili/IMG_1974.asset using Guid(97e058b484e3c974cad3dc0ab4b46f93) Importer(2089858483,d624ce77472d68a35037170ec1d2d27e) (ScriptedImporter) -> (artifact id: 'cd6ec515e07842d5c48bfe23f861aede') in 0.0176075 seconds
Number of updated asset objects reloaded before import = 0Number of asset objects unloaded after import = 2

========================================================================
Received Import Request.
  Time since last request: 22.653009 seconds.
  path: Assets/_Recovery/0 (1).unity
  artifactKey: Guid(25f89b3a1de06574ba41901dd3e3b11a) Importer(2089858483,d624ce77472d68a35037170ec1d2d27e)
Start importing Assets/_Recovery/0 (1).unity using Guid(25f89b3a1de06574ba41901dd3e3b11a) Importer(2089858483,d624ce77472d68a35037170ec1d2d27e) (ScriptedImporter) -> (artifact id: 'a0f3382b2bf4d2b6dcd9e9ffe4c40cf1') in 0.0137351 seconds
Number of updated asset objects reloaded before import = 0Number of asset objects unloaded after import = 1

========================================================================
Received Import Request.
  Time since last request: 33.261872 seconds.
  path: Assets/_Recovery/0 (1).unity
  artifactKey: Guid(25f89b3a1de06574ba41901dd3e3b11a) Importer(2089858483,d624ce77472d68a35037170ec1d2d27e)
Start importing Assets/_Recovery/0 (1).unity using Guid(25f89b3a1de06574ba41901dd3e3b11a) Importer(2089858483,d624ce77472d68a35037170ec1d2d27e) (ScriptedImporter) -> (artifact id: 'f19fec0f3e76ea18ea061358e480d554') in 0.0141895 seconds
Number of updated asset objects reloaded before import = 0Number of asset objects unloaded after import = 1

========================================================================
Received Import Request.
  Time since last request: 474.737804 seconds.
  path: Assets/Visuals/Art/IMG_1975.PNG
  artifactKey: Guid(2b1c50087dbd51f47b21687b1e1cf87b) Importer(815301076,1909f56bfc062723c751e8b465ee728b)
Start importing Assets/Visuals/Art/IMG_1975.PNG using Guid(2b1c50087dbd51f47b21687b1e1cf87b) Importer(815301076,1909f56bfc062723c751e8b465ee728b) (PreviewImporter) -> (artifact id: '5210f2530da520a89bb951e79a631fcb') in 0.0371759 seconds
Number of updated asset objects reloaded before import = 0Number of asset objects unloaded after import = 5

========================================================================
Received Import Request.
  Time since last request: 0.864368 seconds.
  path: Assets/Visuals/Art/IMG_1975.PNG
  artifactKey: Guid(2b1c50087dbd51f47b21687b1e1cf87b) Importer(2089858483,d624ce77472d68a35037170ec1d2d27e)
Start importing Assets/Visuals/Art/IMG_1975.PNG using Guid(2b1c50087dbd51f47b21687b1e1cf87b) Importer(2089858483,d624ce77472d68a35037170ec1d2d27e) (ScriptedImporter) -> (artifact id: 'c3df05784422a30302ce07bebba29226') in 0.0219677 seconds
Number of updated asset objects reloaded before import = 0Number of asset objects unloaded after import = 5

========================================================================
Received Import Request.
  Time since last request: 16.878689 seconds.
  path: Assets/Visuals/Art/IMG_1975.PNG
  artifactKey: Guid(2b1c50087dbd51f47b21687b1e1cf87b) Importer(815301076,1909f56bfc062723c751e8b465ee728b)
Start importing Assets/Visuals/Art/IMG_1975.PNG using Guid(2b1c50087dbd51f47b21687b1e1cf87b) Importer(815301076,1909f56bfc062723c751e8b465ee728b) (PreviewImporter) -> (artifact id: '1f25a7811e67e4ebabdc050fd9069c2c') in 0.0223109 seconds
Number of updated asset objects reloaded before import = 0Number of asset objects unloaded after import = 4

========================================================================
Received Import Request.
  Time since last request: 0.830615 seconds.
  path: Assets/Visuals/Art/IMG_1975.PNG
  artifactKey: Guid(2b1c50087dbd51f47b21687b1e1cf87b) Importer(2089858483,d624ce77472d68a35037170ec1d2d27e)
Start importing Assets/Visuals/Art/IMG_1975.PNG using Guid(2b1c50087dbd51f47b21687b1e1cf87b) Importer(2089858483,d624ce77472d68a35037170ec1d2d27e) (ScriptedImporter) -> (artifact id: '67049fcfe3fd44512cd5cd2e303034b9') in 0.021534 seconds
Number of updated asset objects reloaded before import = 0Number of asset objects unloaded after import = 4

========================================================================
Received Import Request.
  Time since last request: 14.195775 seconds.
  path: Assets/Visuals/Art/IMG_1975.PNG
  artifactKey: Guid(2b1c50087dbd51f47b21687b1e1cf87b) Importer(815301076,1909f56bfc062723c751e8b465ee728b)
Start importing Assets/Visuals/Art/IMG_1975.PNG using Guid(2b1c50087dbd51f47b21687b1e1cf87b) Importer(815301076,1909f56bfc062723c751e8b465ee728b) (PreviewImporter) -> (artifact id: 'bdd423aa25531354d7e6e0f9d59ba4c9') in 0.0138084 seconds
Number of updated asset objects reloaded before import = 0Number of asset objects unloaded after import = 4

========================================================================
Received Import Request.
  Time since last request: 0.904838 seconds.
  path: Assets/Visuals/Art/IMG_1975.PNG
  artifactKey: Guid(2b1c50087dbd51f47b21687b1e1cf87b) Importer(2089858483,d624ce77472d68a35037170ec1d2d27e)
Start importing Assets/Visuals/Art/IMG_1975.PNG using Guid(2b1c50087dbd51f47b21687b1e1cf87b) Importer(2089858483,d624ce77472d68a35037170ec1d2d27e) (ScriptedImporter) -> (artifact id: 'ebae4f39ad5b68ede4912a37dcce9630') in 0.0168516 seconds
Number of updated asset objects reloaded before import = 0Number of asset objects unloaded after import = 4

========================================================================
Received Import Request.
  Time since last request: 29.284264 seconds.
  path: Assets/Visuals/Art/StartFinishLines.PNG
  artifactKey: Guid(2b1c50087dbd51f47b21687b1e1cf87b) Importer(815301076,1909f56bfc062723c751e8b465ee728b)
Start importing Assets/Visuals/Art/StartFinishLines.PNG using Guid(2b1c50087dbd51f47b21687b1e1cf87b) Importer(815301076,1909f56bfc062723c751e8b465ee728b) (PreviewImporter) -> (artifact id: '687205cc6d046d57179ca1683f726e8b') in 0.0143615 seconds
Number of updated asset objects reloaded before import = 0Number of asset objects unloaded after import = 4

========================================================================
Received Import Request.
  Time since last request: 0.866793 seconds.
  path: Assets/Visuals/Art/StartFinishLines.PNG
  artifactKey: Guid(2b1c50087dbd51f47b21687b1e1cf87b) Importer(2089858483,d624ce77472d68a35037170ec1d2d27e)
Start importing Assets/Visuals/Art/StartFinishLines.PNG using Guid(2b1c50087dbd51f47b21687b1e1cf87b) Importer(2089858483,d624ce77472d68a35037170ec1d2d27e) (ScriptedImporter) -> (artifact id: '823a3316f47be74e7b73b8855c30b7b4') in 0.0211738 seconds
Number of updated asset objects reloaded before import = 0Number of asset objects unloaded after import = 4

========================================================================
Received Import Request.
  Time since last request: 5.720606 seconds.
  path: Assets/Visuals/Art/Spikes.PNG
  artifactKey: Guid(1af0a4787d5266946832b8782e957571) Importer(815301076,1909f56bfc062723c751e8b465ee728b)
Start importing Assets/Visuals/Art/Spikes.PNG using Guid(1af0a4787d5266946832b8782e957571) Importer(815301076,1909f56bfc062723c751e8b465ee728b) (PreviewImporter) -> (artifact id: 'daa536870c639cf9ae96aaef1d53cf35') in 0.0204466 seconds
Number of updated asset objects reloaded before import = 0Number of asset objects unloaded after import = 3

========================================================================
Received Import Request.
  Time since last request: 0.865482 seconds.
  path: Assets/Visuals/Art/Spikes.PNG
  artifactKey: Guid(1af0a4787d5266946832b8782e957571) Importer(2089858483,d624ce77472d68a35037170ec1d2d27e)
Start importing Assets/Visuals/Art/Spikes.PNG using Guid(1af0a4787d5266946832b8782e957571) Importer(2089858483,d624ce77472d68a35037170ec1d2d27e) (ScriptedImporter) -> (artifact id: 'fe79c98400852417731ba5bd224d8990') in 0.0181844 seconds
Number of updated asset objects reloaded before import = 0Number of asset objects unloaded after import = 3

========================================================================
Received Import Request.
  Time since last request: 14.062206 seconds.
  path: Assets/_Recovery/0 (1).unity
  artifactKey: Guid(25f89b3a1de06574ba41901dd3e3b11a) Importer(2089858483,d624ce77472d68a35037170ec1d2d27e)
Start importing Assets/_Recovery/0 (1).unity using Guid(25f89b3a1de06574ba41901dd3e3b11a) Importer(2089858483,d624ce77472d68a35037170ec1d2d27e) (ScriptedImporter) -> (artifact id: 'a4ee1d5b7bb3835d2650e721aa85dd87') in 0.0139592 seconds
Number of updated asset objects reloaded before import = 0Number of asset objects unloaded after import = 1

========================================================================
Received Import Request.
  Time since last request: 5.681012 seconds.
  path: Assets/_Recovery/0 (1).unity
  artifactKey: Guid(25f89b3a1de06574ba41901dd3e3b11a) Importer(2089858483,d624ce77472d68a35037170ec1d2d27e)
Start importing Assets/_Recovery/0 (1).unity using Guid(25f89b3a1de06574ba41901dd3e3b11a) Importer(2089858483,d624ce77472d68a35037170ec1d2d27e) (ScriptedImporter) -> (artifact id: 'e3b450ef96dc7f1cdfb39d5b37232f55') in 0.0118546 seconds
Number of updated asset objects reloaded before import = 0Number of asset objects unloaded after import = 1

