[Licensing::Module] Trying to connect to existing licensing client channel...
Built from '6000.3/staging' branch; Version is '6000.3.8f1 (1c7db571dde0) revision 1867189'; Using compiler version '194234433'; Build Type 'Release'
OS: 'Windows 11  (10.0.26200) Core' Language: 'en' Physical Memory: 32097 MB
[Licensing::IpcConnector] Successfully connected to: "LicenseClient-lisab" at "2026-06-23T11:22:38.5424216Z"
BatchMode: 1, IsHumanControllingUs: 0, StartBugReporterOnCrash: 0, Is64bit: 1
System  architecture: x64
Process architecture: x64
Date: 2026-06-23T11:22:38Z
[Licensing::Client] Code 10 while verifying Licensing Client signature (process Id: 42024, path: "C:/Program Files/Unity Hub/UnityLicensingClient_V1/Unity.Licensing.Client.exe")
[Licensing::Module] LicensingClient has failed validation; ignoring
[Licensing::Client] Error: Unexpected message Type: ApiErrorResponse, expected: HandshakeResponse

COMMAND LINE ARGUMENTS:
C:\Program Files\Unity\Hub\Editor\6000.3.8f1\Editor\Unity.exe
-adb2
-batchMode
-noUpm
-name
AssetImportWorker11
-projectPath
C:/Users/lisab/Desktop/FH/Semesterprojekt II/UnityProject/platformer-movement
-logFile
Logs/AssetImportWorker11.log
-srvPort
55373
-licensingIpc
LicenseClient-lisab
-job-worker-count
7
-background-job-worker-count
8
-gc-helper-count
1
-name
AssetImport
Successfully changed project path to: C:/Users/lisab/Desktop/FH/Semesterprojekt II/UnityProject/platformer-movement
C:/Users/lisab/Desktop/FH/Semesterprojekt II/UnityProject/platformer-movement
[UnityMemory] Configuration Parameters - Can be set up in boot.config
    "memorysetup-temp-allocator-size-nav-mesh-worker=65536"
    "memorysetup-temp-allocator-size-audio-worker=65536"
    "memorysetup-temp-allocator-size-gfx=262144"
    "memorysetup-allocator-temp-initial-block-size-main=262144"
    "memorysetup-allocator-temp-initial-block-size-worker=262144"
    "memorysetup-temp-allocator-size-background-worker=32768"
    "memorysetup-temp-allocator-size-job-worker=262144"
    "memorysetup-temp-allocator-size-preload-manager=33554432"
    "memorysetup-temp-allocator-size-gi-baking-worker=262144"
    "memorysetup-temp-allocator-size-gi-baking-worker=262144"
    "memorysetup-temp-allocator-size-gi-baking-worker=262144"
    "memorysetup-temp-allocator-size-gi-baking-worker=262144"
    "memorysetup-temp-allocator-size-gi-baking-worker=262144"
    "memorysetup-bucket-allocator-granularity=16"
    "memorysetup-bucket-allocator-bucket-count=8"
    "memorysetup-bucket-allocator-block-size=33554432"
    "memorysetup-bucket-allocator-block-count=8"
    "memorysetup-main-allocator-block-size=16777216"
    "memorysetup-thread-allocator-block-size=16777216"
    "memorysetup-gfx-main-allocator-block-size=16777216"
    "memorysetup-gfx-thread-allocator-block-size=16777216"
    "memorysetup-cache-allocator-block-size=4194304"
    "memorysetup-typetree-allocator-block-size=2097152"
    "memorysetup-profiler-bucket-allocator-granularity=16"
    "memorysetup-profiler-bucket-allocator-bucket-count=8"
    "memorysetup-profiler-bucket-allocator-block-size=33554432"
    "memorysetup-profiler-bucket-allocator-block-count=8"
    "memorysetup-profiler-allocator-block-size=16777216"
    "memorysetup-profiler-editor-allocator-block-size=1048576"
    "memorysetup-temp-allocator-size-main=16777216"
    "memorysetup-job-temp-allocator-block-size=2097152"
    "memorysetup-job-temp-allocator-block-size-background=1048576"
    "memorysetup-job-temp-allocator-reduction-small-platforms=262144"
    "memorysetup-temp-allocator-size-cloud-worker=32768"
Player connection [15460]  Target information:

Player connection [15460]  * "[IP] 192.168.0.45 [Port] 0 [Flags] 2 [Guid] 958937007 [EditorId] 958937007 [Version] 1048832 [Id] WindowsEditor(7,LAPTOP-K33LQTEE) [Debug] 1 [PackageName] WindowsEditor [ProjectName] Editor" 

Player connection [15460] Host joined multi-casting on [225.0.0.222:54997]...
Player connection [15460] Host joined alternative multi-casting on [225.0.0.222:34997]...
JobSystem: Creating JobQueue using job-worker-count value 7
Input System module state changed to: Initialized.
[Physics::Module] Initialized fallback backend.
[Physics::Module] Id: 0xdecafbad
Library Redirect Path: Library/
[Physics::Module] Selected backend.
[Physics::Module] Name: PhysX
[Physics::Module] Id: 0xf2b8ea05
[Physics::Module] SDK Version: 4.1.2
[Physics::Module] Integration Version: 1.0.0
[Physics::Module] Threading Mode: Multi-Threaded
Refreshing native plugins compatible for Editor in 3.30 ms, found 3 plugins.
Preloading 0 native plugins for Editor in 0.00 ms.
Initialize engine version: 6000.3.8f1 (1c7db571dde0)
[Subsystems] Discovering subsystems at path C:/Program Files/Unity/Hub/Editor/6000.3.8f1/Editor/Data/Resources/UnitySubsystems
[Subsystems] Discovering subsystems at path C:/Users/lisab/Desktop/FH/Semesterprojekt II/UnityProject/platformer-movement/Assets
GfxDevice: creating device client; kGfxThreadingModeNonThreaded
Direct3D:
    Version:  Direct3D 11.0 [level 11.1]
    Renderer: NVIDIA GeForce RTX 3060 Laptop GPU (ID=0x2520)
    Vendor:   NVIDIA
    VRAM:     5996 MB
    Driver:   32.0.15.8183
Initialize mono
Mono path[0] = 'C:/Program Files/Unity/Hub/Editor/6000.3.8f1/Editor/Data/Managed'
Mono path[1] = 'C:/Program Files/Unity/Hub/Editor/6000.3.8f1/Editor/Data/MonoBleedingEdge/lib/mono/unityjit-win32'
Mono config path = 'C:/Program Files/Unity/Hub/Editor/6000.3.8f1/Editor/Data/MonoBleedingEdge/etc'
Using monoOptions --debugger-agent=transport=dt_socket,embedding=1,server=y,suspend=n,address=127.0.0.1:56732
Begin MonoManager ReloadAssembly
Registering precompiled unity dll's ...
Register platform support module: C:/Program Files/Unity/Hub/Editor/6000.3.8f1/Editor/Data/PlaybackEngines/WindowsStandaloneSupport/UnityEditor.WindowsStandalone.Extensions.dll
Registered in 0.002447 seconds.
- Loaded All Assemblies, in  0.552 seconds
Native extension for WindowsStandalone target not found
ScheduleIndexationOnStartup MainProcess:False IndexOnStartup:True
Mono: successfully reloaded assembly
- Finished resetting the current domain, in  0.575 seconds
Domain Reload Profiling: 1122ms
	BeginReloadAssembly (178ms)
		ExecutionOrderSort (0ms)
		DisableScriptedObjects (0ms)
		BackupInstance (0ms)
		ReleaseScriptingObjects (0ms)
		CreateAndSetChildDomain (1ms)
	RebuildCommonClasses (44ms)
	RebuildNativeTypeToScriptingClass (14ms)
	initialDomainReloadingComplete (69ms)
	LoadAllAssembliesAndSetupDomain (241ms)
		LoadAssemblies (174ms)
		RebuildTransferFunctionScriptingTraits (0ms)
		AnalyzeDomain (237ms)
			TypeCache.Refresh (235ms)
				TypeCache.ScanAssembly (219ms)
			BuildScriptInfoCaches (0ms)
			ResolveRequiredComponents (1ms)
	FinalizeReload (576ms)
		ReleaseScriptCaches (0ms)
		RebuildScriptCaches (0ms)
		SetupLoadedEditorAssemblies (518ms)
			LogAssemblyErrors (0ms)
			InitializePlatformSupportModulesInManaged (68ms)
			SetLoadedEditorAssemblies (6ms)
			BeforeProcessingInitializeOnLoad (118ms)
			ProcessInitializeOnLoadAttributes (229ms)
			ProcessInitializeOnLoadMethodAttributes (97ms)
			AfterProcessingInitializeOnLoad (0ms)
			EditorAssembliesLoaded (0ms)
		ExecutionOrderSort2 (0ms)
		AwakeInstancesAfterBackupRestoration (0ms)
========================================================================
Worker process is ready to serve import requests
Import Worker Mode flag is 0x00
Begin MonoManager ReloadAssembly
[Licensing::Module] Licensing is not yet initialized.
[Licensing::Client] Error: Timed-out after 30.00s, waiting for HandshakeResponse
[Licensing::Module] Error: Failed to handshake to channel: "LicenseClient-lisab"
[Licensing::IpcConnector] LicenseClient-lisab channel disconnected successfully.
[Licensing::IpcConnector] Successfully connected to: "LicenseClient-lisab-6000.3.8" at "2026-06-23T11:23:08.6052311Z"
[Licensing::Client] Handshaking with LicensingClient:
  Version:                 1.17.4+4293ba1
  Session Id:              85c0030a5cee4a588a246da84c014b6a
  Correlation Id:          1c65b57383602796b3a43942ce365f6f
  External correlation Id: 7098026852377319045
  Machine Id:              OkdY9qFmRvOtmEhu81VG2AUWO5c=
[Licensing::Module] Successfully connected to LicensingClient on channel: "LicenseClient-lisab-6000.3.8" (connect: 0.00s, validation: 0.00s, handshake: 1.14s)
[Licensing::IpcConnector] Successfully connected to: "LicenseClient-lisab-6000.3.8-notifications" at "2026-06-23T11:23:09.7433384Z"
[Licensing::Module] Licensing Background thread has ended after 31.20s
[Licensing::Module] Licensing is initialized (took 28.59s).
[Licensing::Client] Successfully resolved entitlement details
[Licensing::Module] License group:
  Id: F4-2GQG-FKZX-2Q8B-M9AS-XXXX
  Product: Unity Personal
  Type: ULF
  Expiration: Unlimited
- Loaded All Assemblies, in 29.573 seconds
Refreshing native plugins compatible for Editor in 1.82 ms, found 3 plugins.
Native extension for WindowsStandalone target not found
Package Manager log level set to [2]
[Package Manager] Failed to launch server process. Reason: Unity was launched with the -noUpm command-line argument
[Package Manager] Unable to send message (not connected to server process).
[Package Manager] Cannot connect to Unity Package Manager local server
ScheduleIndexationOnStartup MainProcess:False IndexOnStartup:True
Mono: successfully reloaded assembly
- Finished resetting the current domain, in  0.989 seconds
Domain Reload Profiling: 30551ms
	BeginReloadAssembly (28820ms)
		ExecutionOrderSort (0ms)
		DisableScriptedObjects (8ms)
		BackupInstance (0ms)
		ReleaseScriptingObjects (0ms)
		CreateAndSetChildDomain (38ms)
	RebuildCommonClasses (48ms)
	RebuildNativeTypeToScriptingClass (17ms)
	initialDomainReloadingComplete (54ms)
	LoadAllAssembliesAndSetupDomain (623ms)
		LoadAssemblies (478ms)
		RebuildTransferFunctionScriptingTraits (0ms)
		AnalyzeDomain (274ms)
			TypeCache.Refresh (196ms)
				TypeCache.ScanAssembly (178ms)
			BuildScriptInfoCaches (65ms)
			ResolveRequiredComponents (9ms)
	FinalizeReload (989ms)
		ReleaseScriptCaches (0ms)
		RebuildScriptCaches (0ms)
		SetupLoadedEditorAssemblies (820ms)
			LogAssemblyErrors (0ms)
			InitializePlatformSupportModulesInManaged (2ms)
			SetLoadedEditorAssemblies (6ms)
			BeforeProcessingInitializeOnLoad (240ms)
			ProcessInitializeOnLoadAttributes (402ms)
			ProcessInitializeOnLoadMethodAttributes (156ms)
			AfterProcessingInitializeOnLoad (14ms)
			EditorAssembliesLoaded (0ms)
		ExecutionOrderSort2 (0ms)
		AwakeInstancesAfterBackupRestoration (8ms)
Launched and connected shader compiler UnityShaderCompiler.exe after 0.02 seconds
Refreshing native plugins compatible for Editor in 2.15 ms, found 3 plugins.
Preloading 0 native plugins for Editor in 0.00 ms.
Unloading 16 Unused Serialized files (Serialized files now loaded: 0)
Unloading 4812 unused Assets / (3.4 MB). Loaded Objects now: 5647.
Memory consumption went from 137.2 MB to 133.7 MB.
Total: 11.157000 ms (FindLiveObjects: 0.890400 ms CreateObjectMapping: 1.127800 ms MarkObjects: 6.955500 ms  DeleteObjects: 2.181800 ms)

========================================================================
Received Import Request.
  Time since last request: 981362.994521 seconds.
  path: Assets/Visuals/Art/GS_TileMap.png
  artifactKey: Guid(3f7c07094e1320d41a614ff143d7d51e) Importer(815301076,1909f56bfc062723c751e8b465ee728b)
Start importing Assets/Visuals/Art/GS_TileMap.png using Guid(3f7c07094e1320d41a614ff143d7d51e) Importer(815301076,1909f56bfc062723c751e8b465ee728b) (PreviewImporter) -> (artifact id: 'e9c9b53ec555da50d8a1c5fe1f6da233') in 0.1537198 seconds
Number of updated asset objects reloaded before import = 0Number of asset objects unloaded after import = 6

========================================================================
Received Import Request.
  Time since last request: 1.066961 seconds.
  path: Assets/Visuals/Art/GS_TileMap.png
  artifactKey: Guid(3f7c07094e1320d41a614ff143d7d51e) Importer(2089858483,d624ce77472d68a35037170ec1d2d27e)
Start importing Assets/Visuals/Art/GS_TileMap.png using Guid(3f7c07094e1320d41a614ff143d7d51e) Importer(2089858483,d624ce77472d68a35037170ec1d2d27e) (ScriptedImporter) -> (artifact id: 'beb2c5754e154de968c551b123c321a8') in 0.1475938 seconds
Number of updated asset objects reloaded before import = 0Number of asset objects unloaded after import = 6

========================================================================
Received Import Request.
  Time since last request: 9.828647 seconds.
  path: Assets/Visuals/Art/tili/ddickfish.prefab
  artifactKey: Guid(ec93ad72b5af1c94ca40fd5e53c7c60d) Importer(2089858483,d624ce77472d68a35037170ec1d2d27e)
Start importing Assets/Visuals/Art/tili/ddickfish.prefab using Guid(ec93ad72b5af1c94ca40fd5e53c7c60d) Importer(2089858483,d624ce77472d68a35037170ec1d2d27e) (ScriptedImporter) -> (artifact id: 'f98b7a5b1c2e313e37da2d92c7c5991f') in 0.0306594 seconds
Number of updated asset objects reloaded before import = 0Number of asset objects unloaded after import = 10

========================================================================
Received Import Request.
  Time since last request: 3.815485 seconds.
  path: Assets/Visuals/Art/GS_TileMap.png
  artifactKey: Guid(3f7c07094e1320d41a614ff143d7d51e) Importer(815301076,1909f56bfc062723c751e8b465ee728b)
Start importing Assets/Visuals/Art/GS_TileMap.png using Guid(3f7c07094e1320d41a614ff143d7d51e) Importer(815301076,1909f56bfc062723c751e8b465ee728b) (PreviewImporter) -> (artifact id: 'f604a3defa0d9e625086e844b5776334') in 0.0385199 seconds
Number of updated asset objects reloaded before import = 0Number of asset objects unloaded after import = 6

========================================================================
Received Import Request.
  Time since last request: 0.934769 seconds.
  path: Assets/Visuals/Art/GS_TileMap.png
  artifactKey: Guid(3f7c07094e1320d41a614ff143d7d51e) Importer(2089858483,d624ce77472d68a35037170ec1d2d27e)
Start importing Assets/Visuals/Art/GS_TileMap.png using Guid(3f7c07094e1320d41a614ff143d7d51e) Importer(2089858483,d624ce77472d68a35037170ec1d2d27e) (ScriptedImporter) -> (artifact id: '1178c3640be59e1f09942ab00680b5e7') in 0.0366909 seconds
Number of updated asset objects reloaded before import = 0Number of asset objects unloaded after import = 6

========================================================================
Received Import Request.
  Time since last request: 4.460395 seconds.
  path: Assets/Visuals/Art/GS_TileMap.png
  artifactKey: Guid(3f7c07094e1320d41a614ff143d7d51e) Importer(815301076,1909f56bfc062723c751e8b465ee728b)
Start importing Assets/Visuals/Art/GS_TileMap.png using Guid(3f7c07094e1320d41a614ff143d7d51e) Importer(815301076,1909f56bfc062723c751e8b465ee728b) (PreviewImporter) -> (artifact id: 'e72feb8daede94344f4e0a89d79ca64e') in 0.0953241 seconds
Number of updated asset objects reloaded before import = 0Number of asset objects unloaded after import = 20

========================================================================
Received Import Request.
  Time since last request: 0.770624 seconds.
  path: Assets/Visuals/Art/GS_TileMap.png
  artifactKey: Guid(3f7c07094e1320d41a614ff143d7d51e) Importer(2089858483,d624ce77472d68a35037170ec1d2d27e)
Start importing Assets/Visuals/Art/GS_TileMap.png using Guid(3f7c07094e1320d41a614ff143d7d51e) Importer(2089858483,d624ce77472d68a35037170ec1d2d27e) (ScriptedImporter) -> (artifact id: '4d29e9ce811bb377f7034f676d9f7900') in 0.033237 seconds
Number of updated asset objects reloaded before import = 0Number of asset objects unloaded after import = 20

========================================================================
Received Import Request.
  Time since last request: 5.291684 seconds.
  path: Assets/Visuals/Art/tili/GS_TileMap_14.asset
  artifactKey: Guid(1e857e5643258804d80da0de4470403a) Importer(2089858483,d624ce77472d68a35037170ec1d2d27e)
Start importing Assets/Visuals/Art/tili/GS_TileMap_14.asset using Guid(1e857e5643258804d80da0de4470403a) Importer(2089858483,d624ce77472d68a35037170ec1d2d27e) (ScriptedImporter) -> (artifact id: '3a0d0231e7abadee328eb733f85477b5') in 0.0290193 seconds
Number of updated asset objects reloaded before import = 0Number of asset objects unloaded after import = 2

========================================================================
Received Import Request.
  Time since last request: 0.000028 seconds.
  path: Assets/Visuals/Art/tili/GS_TileMap_15.asset
  artifactKey: Guid(0b8c3bfeb0701a9469919aa6e58b73c2) Importer(2089858483,d624ce77472d68a35037170ec1d2d27e)
Start importing Assets/Visuals/Art/tili/GS_TileMap_15.asset using Guid(0b8c3bfeb0701a9469919aa6e58b73c2) Importer(2089858483,d624ce77472d68a35037170ec1d2d27e) (ScriptedImporter) -> (artifact id: 'dfb56631c3fbdf6bd6942f2768328f15') in 0.014124 seconds
Number of updated asset objects reloaded before import = 0Number of asset objects unloaded after import = 2

========================================================================
Received Import Request.
  Time since last request: 0.000030 seconds.
  path: Assets/Visuals/Art/tili/GS_TileMap_8.asset
  artifactKey: Guid(d3c389ef74bd6e14ba75ea11a4846bcb) Importer(2089858483,d624ce77472d68a35037170ec1d2d27e)
Start importing Assets/Visuals/Art/tili/GS_TileMap_8.asset using Guid(d3c389ef74bd6e14ba75ea11a4846bcb) Importer(2089858483,d624ce77472d68a35037170ec1d2d27e) (ScriptedImporter) -> (artifact id: '960cb8f43134633b3e1874fc74e64a7c') in 0.0169957 seconds
Number of updated asset objects reloaded before import = 0Number of asset objects unloaded after import = 2

========================================================================
Received Import Request.
  Time since last request: 0.000020 seconds.
  path: Assets/Visuals/Art/tili/GS_TileMap_6.asset
  artifactKey: Guid(d00a3ca9bf0a2024dab907c52bb10cbc) Importer(2089858483,d624ce77472d68a35037170ec1d2d27e)
Start importing Assets/Visuals/Art/tili/GS_TileMap_6.asset using Guid(d00a3ca9bf0a2024dab907c52bb10cbc) Importer(2089858483,d624ce77472d68a35037170ec1d2d27e) (ScriptedImporter) -> (artifact id: '6f19fba08bf70ecc0066e3f3c1814b94') in 0.0198289 seconds
Number of updated asset objects reloaded before import = 0Number of asset objects unloaded after import = 2

========================================================================
Received Import Request.
  Time since last request: 0.000066 seconds.
  path: Assets/Visuals/Art/tili/GS_TileMap_17.asset
  artifactKey: Guid(90ac3969b0b58f44fb58ff02562d4ce2) Importer(2089858483,d624ce77472d68a35037170ec1d2d27e)
Start importing Assets/Visuals/Art/tili/GS_TileMap_17.asset using Guid(90ac3969b0b58f44fb58ff02562d4ce2) Importer(2089858483,d624ce77472d68a35037170ec1d2d27e) (ScriptedImporter) -> (artifact id: '913c46b31906dae6a13dd52c4003c241') in 0.0187202 seconds
Number of updated asset objects reloaded before import = 0Number of asset objects unloaded after import = 2

========================================================================
Received Import Request.
  Time since last request: 0.000023 seconds.
  path: Assets/Visuals/Art/tili/ddickfish.prefab
  artifactKey: Guid(ec93ad72b5af1c94ca40fd5e53c7c60d) Importer(2089858483,d624ce77472d68a35037170ec1d2d27e)
Start importing Assets/Visuals/Art/tili/ddickfish.prefab using Guid(ec93ad72b5af1c94ca40fd5e53c7c60d) Importer(2089858483,d624ce77472d68a35037170ec1d2d27e) (ScriptedImporter) -> (artifact id: '7de16298895bf8701f10dcf383fa33cc') in 0.014613 seconds
Number of updated asset objects reloaded before import = 0Number of asset objects unloaded after import = 10

========================================================================
Received Import Request.
  Time since last request: 0.000031 seconds.
  path: Assets/Visuals/Art/tili/GS_TileMap_1.asset
  artifactKey: Guid(f495a225d7e4ffc45b58f4a64c4d4663) Importer(2089858483,d624ce77472d68a35037170ec1d2d27e)
Start importing Assets/Visuals/Art/tili/GS_TileMap_1.asset using Guid(f495a225d7e4ffc45b58f4a64c4d4663) Importer(2089858483,d624ce77472d68a35037170ec1d2d27e) (ScriptedImporter) -> (artifact id: '48ed0434d0f4d90f55b8db99bc9b14ed') in 0.0158866 seconds
Number of updated asset objects reloaded before import = 0Number of asset objects unloaded after import = 2

========================================================================
Received Import Request.
  Time since last request: 0.000025 seconds.
  path: Assets/Visuals/Art/tili/GS_TileMap_12.asset
  artifactKey: Guid(93ebc05cd554d74419a944a09992b11e) Importer(2089858483,d624ce77472d68a35037170ec1d2d27e)
Start importing Assets/Visuals/Art/tili/GS_TileMap_12.asset using Guid(93ebc05cd554d74419a944a09992b11e) Importer(2089858483,d624ce77472d68a35037170ec1d2d27e) (ScriptedImporter) -> (artifact id: '46b5f5b4fbf5308802ec5ab787e82c74') in 0.0174614 seconds
Number of updated asset objects reloaded before import = 0Number of asset objects unloaded after import = 2

========================================================================
Received Import Request.
  Time since last request: 0.000022 seconds.
  path: Assets/Visuals/Art/tili/GS_TileMap_3.asset
  artifactKey: Guid(e273ebb529b9da44c82ad26b96b6c845) Importer(2089858483,d624ce77472d68a35037170ec1d2d27e)
Start importing Assets/Visuals/Art/tili/GS_TileMap_3.asset using Guid(e273ebb529b9da44c82ad26b96b6c845) Importer(2089858483,d624ce77472d68a35037170ec1d2d27e) (ScriptedImporter) -> (artifact id: '6c43da2359059327faaa886532a70b1c') in 0.0161205 seconds
Number of updated asset objects reloaded before import = 0Number of asset objects unloaded after import = 2

========================================================================
Received Import Request.
  Time since last request: 0.000022 seconds.
  path: Assets/Visuals/Art/tili/GS_TileMap_7.asset
  artifactKey: Guid(1ce16ce94465974499a37545cbff4c7e) Importer(2089858483,d624ce77472d68a35037170ec1d2d27e)
Start importing Assets/Visuals/Art/tili/GS_TileMap_7.asset using Guid(1ce16ce94465974499a37545cbff4c7e) Importer(2089858483,d624ce77472d68a35037170ec1d2d27e) (ScriptedImporter) -> (artifact id: '8fbfe3f9f20fd0cdaac1be14e877bb12') in 0.015575 seconds
Number of updated asset objects reloaded before import = 0Number of asset objects unloaded after import = 2

========================================================================
Received Import Request.
  Time since last request: 5.255295 seconds.
  path: Assets/Visuals/Art/tili/ddickfish.prefab
  artifactKey: Guid(ec93ad72b5af1c94ca40fd5e53c7c60d) Importer(2089858483,d624ce77472d68a35037170ec1d2d27e)
Start importing Assets/Visuals/Art/tili/ddickfish.prefab using Guid(ec93ad72b5af1c94ca40fd5e53c7c60d) Importer(2089858483,d624ce77472d68a35037170ec1d2d27e) (ScriptedImporter) -> (artifact id: 'f834007269ca947cbdee2e763c861db9') in 0.0160429 seconds
Number of updated asset objects reloaded before import = 0Number of asset objects unloaded after import = 10

========================================================================
Received Import Request.
  Time since last request: 6.375020 seconds.
  path: Assets/Visuals/Art/tili/ddickfish.prefab
  artifactKey: Guid(ec93ad72b5af1c94ca40fd5e53c7c60d) Importer(2089858483,d624ce77472d68a35037170ec1d2d27e)
Start importing Assets/Visuals/Art/tili/ddickfish.prefab using Guid(ec93ad72b5af1c94ca40fd5e53c7c60d) Importer(2089858483,d624ce77472d68a35037170ec1d2d27e) (ScriptedImporter) -> (artifact id: '10b4d0020c5190ef89b49b3755a697a3') in 0.0189536 seconds
Number of updated asset objects reloaded before import = 0Number of asset objects unloaded after import = 10

========================================================================
Received Import Request.
  Time since last request: 162.716886 seconds.
  path: Assets/Visuals/Art/tili/ddickfish.prefab
  artifactKey: Guid(ec93ad72b5af1c94ca40fd5e53c7c60d) Importer(2089858483,d624ce77472d68a35037170ec1d2d27e)
Start importing Assets/Visuals/Art/tili/ddickfish.prefab using Guid(ec93ad72b5af1c94ca40fd5e53c7c60d) Importer(2089858483,d624ce77472d68a35037170ec1d2d27e) (ScriptedImporter) -> (artifact id: '758c50f597a300f916cefb1287a74ded') in 0.0158795 seconds
Number of updated asset objects reloaded before import = 0Number of asset objects unloaded after import = 10

========================================================================
Received Import Request.
  Time since last request: 88.873698 seconds.
  path: Assets/Visuals/Art/tili/ddickfish.prefab
  artifactKey: Guid(ec93ad72b5af1c94ca40fd5e53c7c60d) Importer(2089858483,d624ce77472d68a35037170ec1d2d27e)
Start importing Assets/Visuals/Art/tili/ddickfish.prefab using Guid(ec93ad72b5af1c94ca40fd5e53c7c60d) Importer(2089858483,d624ce77472d68a35037170ec1d2d27e) (ScriptedImporter) -> (artifact id: '218c2ada568f58ad94e93eb21f0dd651') in 0.0166602 seconds
Number of updated asset objects reloaded before import = 0Number of asset objects unloaded after import = 10

========================================================================
Received Import Request.
  Time since last request: 478.600293 seconds.
  path: Assets/_Recovery/0 (1).unity
  artifactKey: Guid(25f89b3a1de06574ba41901dd3e3b11a) Importer(2089858483,d624ce77472d68a35037170ec1d2d27e)
Start importing Assets/_Recovery/0 (1).unity using Guid(25f89b3a1de06574ba41901dd3e3b11a) Importer(2089858483,d624ce77472d68a35037170ec1d2d27e) (ScriptedImporter) -> (artifact id: '88001858fa7c77c250f3758637abe8d7') in 0.0120675 seconds
Number of updated asset objects reloaded before import = 0Number of asset objects unloaded after import = 1

========================================================================
Received Import Request.
  Time since last request: 196.802234 seconds.
  path: Assets/Visuals/Art/tili/ddickfish.prefab
  artifactKey: Guid(ec93ad72b5af1c94ca40fd5e53c7c60d) Importer(2089858483,d624ce77472d68a35037170ec1d2d27e)
Start importing Assets/Visuals/Art/tili/ddickfish.prefab using Guid(ec93ad72b5af1c94ca40fd5e53c7c60d) Importer(2089858483,d624ce77472d68a35037170ec1d2d27e) (ScriptedImporter) -> (artifact id: '8f94cc0b259966fea32af2b9293955e6') in 0.0125321 seconds
Number of updated asset objects reloaded before import = 0Number of asset objects unloaded after import = 10

========================================================================
Received Import Request.
  Time since last request: 232.253221 seconds.
  path: Assets/_Recovery/0 (1).unity
  artifactKey: Guid(25f89b3a1de06574ba41901dd3e3b11a) Importer(2089858483,d624ce77472d68a35037170ec1d2d27e)
Start importing Assets/_Recovery/0 (1).unity using Guid(25f89b3a1de06574ba41901dd3e3b11a) Importer(2089858483,d624ce77472d68a35037170ec1d2d27e) (ScriptedImporter) -> (artifact id: '2e3e4ab9f7648f3bd5307fda89269050') in 0.0115026 seconds
Number of updated asset objects reloaded before import = 0Number of asset objects unloaded after import = 1

========================================================================
Received Import Request.
  Time since last request: 282.836316 seconds.
  path: Assets/_Recovery/0 (1).unity
  artifactKey: Guid(25f89b3a1de06574ba41901dd3e3b11a) Importer(2089858483,d624ce77472d68a35037170ec1d2d27e)
Start importing Assets/_Recovery/0 (1).unity using Guid(25f89b3a1de06574ba41901dd3e3b11a) Importer(2089858483,d624ce77472d68a35037170ec1d2d27e) (ScriptedImporter) -> (artifact id: '7fd59ccd452d5990a786ee4119ef962c') in 0.0162158 seconds
Number of updated asset objects reloaded before import = 0Number of asset objects unloaded after import = 1

========================================================================
Received Import Request.
  Time since last request: 16.588566 seconds.
  path: Assets/_Recovery/0 (1).unity
  artifactKey: Guid(25f89b3a1de06574ba41901dd3e3b11a) Importer(2089858483,d624ce77472d68a35037170ec1d2d27e)
Start importing Assets/_Recovery/0 (1).unity using Guid(25f89b3a1de06574ba41901dd3e3b11a) Importer(2089858483,d624ce77472d68a35037170ec1d2d27e) (ScriptedImporter) -> (artifact id: '40d1932ca52ff49cf70eff257fb2fa3b') in 0.0162405 seconds
Number of updated asset objects reloaded before import = 0Number of asset objects unloaded after import = 1

========================================================================
Received Import Request.
  Time since last request: 5094.172401 seconds.
  path: Assets/Visuals/Art/URGH.png
  artifactKey: Guid(0babc26c94df7054d95650fb1c4846e5) Importer(815301076,1909f56bfc062723c751e8b465ee728b)
Start importing Assets/Visuals/Art/URGH.png using Guid(0babc26c94df7054d95650fb1c4846e5) Importer(815301076,1909f56bfc062723c751e8b465ee728b) (PreviewImporter) -> (artifact id: '927519e6ae56891362e430101fbcddf5') in 0.2835475 seconds
Number of updated asset objects reloaded before import = 0Number of asset objects unloaded after import = 3

========================================================================
Received Import Request.
  Time since last request: 0.172541 seconds.
  path: Assets/Visuals/Art/URGH.png
  artifactKey: Guid(0babc26c94df7054d95650fb1c4846e5) Importer(2089858483,d624ce77472d68a35037170ec1d2d27e)
Start importing Assets/Visuals/Art/URGH.png using Guid(0babc26c94df7054d95650fb1c4846e5) Importer(2089858483,d624ce77472d68a35037170ec1d2d27e) (ScriptedImporter) -> (artifact id: '8c53cd923782915342259ee1f0ef7533') in 0.0813802 seconds
Number of updated asset objects reloaded before import = 0Number of asset objects unloaded after import = 3

========================================================================
Received Import Request.
  Time since last request: 78.537681 seconds.
  path: Assets/_Recovery/0 (1).unity
  artifactKey: Guid(25f89b3a1de06574ba41901dd3e3b11a) Importer(2089858483,d624ce77472d68a35037170ec1d2d27e)
Start importing Assets/_Recovery/0 (1).unity using Guid(25f89b3a1de06574ba41901dd3e3b11a) Importer(2089858483,d624ce77472d68a35037170ec1d2d27e) (ScriptedImporter) -> (artifact id: '864514ae189ec00a918b4ae0b6c3e573') in 0.021799 seconds
Number of updated asset objects reloaded before import = 0Number of asset objects unloaded after import = 1

========================================================================
Received Import Request.
  Time since last request: 1295.750430 seconds.
  path: Assets/Visuals/Art/BG_Joystick.png
  artifactKey: Guid(06be667d6b3382241b8f54660a43c6bc) Importer(815301076,1909f56bfc062723c751e8b465ee728b)
Start importing Assets/Visuals/Art/BG_Joystick.png using Guid(06be667d6b3382241b8f54660a43c6bc) Importer(815301076,1909f56bfc062723c751e8b465ee728b) (PreviewImporter) -> (artifact id: 'c087e5ae3c153f8f3602179d3d11f1e5') in 0.2423683 seconds
Number of updated asset objects reloaded before import = 0Number of asset objects unloaded after import = 3

========================================================================
Received Import Request.
  Time since last request: 0.459191 seconds.
  path: Assets/Visuals/Art/BG_Joystick.png
  artifactKey: Guid(06be667d6b3382241b8f54660a43c6bc) Importer(2089858483,d624ce77472d68a35037170ec1d2d27e)
Start importing Assets/Visuals/Art/BG_Joystick.png using Guid(06be667d6b3382241b8f54660a43c6bc) Importer(2089858483,d624ce77472d68a35037170ec1d2d27e) (ScriptedImporter) -> (artifact id: 'ebf7a2a78338b83b87abd4f7eaf88ab9') in 0.0869365 seconds
Number of updated asset objects reloaded before import = 0Number of asset objects unloaded after import = 3

========================================================================
Received Import Request.
  Time since last request: 75.202849 seconds.
  path: Assets/_Recovery/0 (1).unity
  artifactKey: Guid(25f89b3a1de06574ba41901dd3e3b11a) Importer(2089858483,d624ce77472d68a35037170ec1d2d27e)
Start importing Assets/_Recovery/0 (1).unity using Guid(25f89b3a1de06574ba41901dd3e3b11a) Importer(2089858483,d624ce77472d68a35037170ec1d2d27e) (ScriptedImporter) -> (artifact id: '91537d14036ba25312772836e748415e') in 0.0304529 seconds
Number of updated asset objects reloaded before import = 0Number of asset objects unloaded after import = 1

========================================================================
Received Import Request.
  Time since last request: 4396.088456 seconds.
  path: Assets/_Recovery/0 (1).unity
  artifactKey: Guid(25f89b3a1de06574ba41901dd3e3b11a) Importer(2089858483,d624ce77472d68a35037170ec1d2d27e)
Start importing Assets/_Recovery/0 (1).unity using Guid(25f89b3a1de06574ba41901dd3e3b11a) Importer(2089858483,d624ce77472d68a35037170ec1d2d27e) (ScriptedImporter) -> (artifact id: '8b3f7486ff393942305407c03ef896e0') in 0.0306331 seconds
Number of updated asset objects reloaded before import = 0Number of asset objects unloaded after import = 1

========================================================================
Received Import Request.
  Time since last request: 118.557193 seconds.
  path: Assets/_Recovery/0 (1).unity
  artifactKey: Guid(25f89b3a1de06574ba41901dd3e3b11a) Importer(2089858483,d624ce77472d68a35037170ec1d2d27e)
Start importing Assets/_Recovery/0 (1).unity using Guid(25f89b3a1de06574ba41901dd3e3b11a) Importer(2089858483,d624ce77472d68a35037170ec1d2d27e) (ScriptedImporter) -> (artifact id: 'c08b91e1f5a7ad1f5f565e7de6ea94af') in 0.0207732 seconds
Number of updated asset objects reloaded before import = 0Number of asset objects unloaded after import = 1

========================================================================
Received Import Request.
  Time since last request: 4912.697400 seconds.
  path: Assets/_Recovery/0 (1).unity
  artifactKey: Guid(25f89b3a1de06574ba41901dd3e3b11a) Importer(2089858483,d624ce77472d68a35037170ec1d2d27e)
Start importing Assets/_Recovery/0 (1).unity using Guid(25f89b3a1de06574ba41901dd3e3b11a) Importer(2089858483,d624ce77472d68a35037170ec1d2d27e) (ScriptedImporter) -> (artifact id: '7d0834192e256fbd2937fafb9f3cdf36') in 0.0737391 seconds
Number of updated asset objects reloaded before import = 0Number of asset objects unloaded after import = 1

========================================================================
Received Import Request.
  Time since last request: 12731.037571 seconds.
  path: Assets/Visuals/Art/BG_Joystick.png
  artifactKey: Guid(06be667d6b3382241b8f54660a43c6bc) Importer(815301076,1909f56bfc062723c751e8b465ee728b)
Start importing Assets/Visuals/Art/BG_Joystick.png using Guid(06be667d6b3382241b8f54660a43c6bc) Importer(815301076,1909f56bfc062723c751e8b465ee728b) (PreviewImporter) -> (artifact id: '9eab991aa806b910eb01dda257907b01') in 0.6720217 seconds
Number of updated asset objects reloaded before import = 0Number of asset objects unloaded after import = 3

========================================================================
Received Import Request.
  Time since last request: 84.543127 seconds.
  path: Assets/_Recovery/0 (1).unity
  artifactKey: Guid(25f89b3a1de06574ba41901dd3e3b11a) Importer(2089858483,d624ce77472d68a35037170ec1d2d27e)
Start importing Assets/_Recovery/0 (1).unity using Guid(25f89b3a1de06574ba41901dd3e3b11a) Importer(2089858483,d624ce77472d68a35037170ec1d2d27e) (ScriptedImporter) -> (artifact id: '2cc3096b18cd38737ebc0a8e6a80a9ef') in 0.0821233 seconds
Number of updated asset objects reloaded before import = 0Number of asset objects unloaded after import = 1

========================================================================
Received Import Request.
  Time since last request: 11.204903 seconds.
  path: Assets/Visuals/Animation/Fall.anim
  artifactKey: Guid(a419f388b919df342aec0fe682788c97) Importer(815301076,1909f56bfc062723c751e8b465ee728b)
Start importing Assets/Visuals/Animation/Fall.anim using Guid(a419f388b919df342aec0fe682788c97) Importer(815301076,1909f56bfc062723c751e8b465ee728b) (PreviewImporter) -> (artifact id: '9fdc1b99d93bbd7c667ec58d951e2fe1') in 0.0655932 seconds
Number of updated asset objects reloaded before import = 0Number of asset objects unloaded after import = 1

========================================================================
Received Import Request.
  Time since last request: 135.554630 seconds.
  path: Assets/Prefabs/Canvas.prefab
  artifactKey: Guid(6cbbdf638a7752340a0c39eb29d19025) Importer(815301076,1909f56bfc062723c751e8b465ee728b)
Start importing Assets/Prefabs/Canvas.prefab using Guid(6cbbdf638a7752340a0c39eb29d19025) Importer(815301076,1909f56bfc062723c751e8b465ee728b) (PreviewImporter) -> (artifact id: 'c9577a2fcd311faf4d4e34ecfe48479e') in 0.7378875 seconds
Number of updated asset objects reloaded before import = 0Number of asset objects unloaded after import = 27

========================================================================
Received Import Request.
  Time since last request: 0.000056 seconds.
  path: Assets/Prefabs/Jump FX.prefab
  artifactKey: Guid(ef64e6572022fbb47969c1618d73ef20) Importer(815301076,1909f56bfc062723c751e8b465ee728b)
Start importing Assets/Prefabs/Jump FX.prefab using Guid(ef64e6572022fbb47969c1618d73ef20) Importer(815301076,1909f56bfc062723c751e8b465ee728b) (PreviewImporter) -> (artifact id: 'bdb559199df0074684879e762b903dd8') in 1.7865967 seconds
Number of updated asset objects reloaded before import = 0Number of asset objects unloaded after import = 9

========================================================================
Received Import Request.
  Time since last request: 0.000075 seconds.
  path: Assets/Prefabs/EventSystem.prefab
  artifactKey: Guid(d149d829a8e1e444c9c6a03fcf159a4a) Importer(815301076,1909f56bfc062723c751e8b465ee728b)
Start importing Assets/Prefabs/EventSystem.prefab using Guid(d149d829a8e1e444c9c6a03fcf159a4a) Importer(815301076,1909f56bfc062723c751e8b465ee728b) (PreviewImporter) -> (artifact id: 'c9eef37c44717ee937ef9b6dae69e513') in 0.0492335 seconds
Number of updated asset objects reloaded before import = 0Number of asset objects unloaded after import = 6

========================================================================
Received Import Request.
  Time since last request: 0.000035 seconds.
  path: Assets/Prefabs/GoalParticle.prefab
  artifactKey: Guid(e77aa7752dbd4a24f86118589765f7fd) Importer(815301076,1909f56bfc062723c751e8b465ee728b)
Start importing Assets/Prefabs/GoalParticle.prefab using Guid(e77aa7752dbd4a24f86118589765f7fd) Importer(815301076,1909f56bfc062723c751e8b465ee728b) (PreviewImporter) -> (artifact id: '4b0f381908bb061f26abd7bf633c048f') in 0.4450632 seconds
Number of updated asset objects reloaded before import = 0Number of asset objects unloaded after import = 6

========================================================================
Received Import Request.
  Time since last request: 0.000050 seconds.
  path: Assets/Prefabs/Particle System.prefab
  artifactKey: Guid(b120240c489093f4c9112b4f1af9b4dc) Importer(815301076,1909f56bfc062723c751e8b465ee728b)
Start importing Assets/Prefabs/Particle System.prefab using Guid(b120240c489093f4c9112b4f1af9b4dc) Importer(815301076,1909f56bfc062723c751e8b465ee728b) (PreviewImporter) -> (artifact id: '1886aa7d2235abeb5edb5e90367bfaf5') in 0.0363539 seconds
Number of updated asset objects reloaded before import = 0Number of asset objects unloaded after import = 6

========================================================================
Received Import Request.
  Time since last request: 0.000061 seconds.
  path: Assets/Prefabs/Triangle.prefab
  artifactKey: Guid(4afe3b953bfa37742a8abe25fd9b745a) Importer(815301076,1909f56bfc062723c751e8b465ee728b)
Start importing Assets/Prefabs/Triangle.prefab using Guid(4afe3b953bfa37742a8abe25fd9b745a) Importer(815301076,1909f56bfc062723c751e8b465ee728b) (PreviewImporter) -> (artifact id: '8b2c8f6fd77e3e720c31d844519c1063') in 0.0791655 seconds
Number of updated asset objects reloaded before import = 0Number of asset objects unloaded after import = 8

========================================================================
Received Import Request.
  Time since last request: 0.000050 seconds.
  path: Assets/Prefabs/SpawnPoint.prefab
  artifactKey: Guid(1b31391c37429cb4d83c658821149500) Importer(815301076,1909f56bfc062723c751e8b465ee728b)
Start importing Assets/Prefabs/SpawnPoint.prefab using Guid(1b31391c37429cb4d83c658821149500) Importer(815301076,1909f56bfc062723c751e8b465ee728b) (PreviewImporter) -> (artifact id: 'a04ef0bb815536e5819cc5491f145283') in 0.0227529 seconds
Number of updated asset objects reloaded before import = 0Number of asset objects unloaded after import = 4

========================================================================
Received Import Request.
  Time since last request: 0.000039 seconds.
  path: Assets/Prefabs/Player.prefab
  artifactKey: Guid(da8b2a9cd87bc984dbed29498043e914) Importer(815301076,1909f56bfc062723c751e8b465ee728b)
Start importing Assets/Prefabs/Player.prefab using Guid(da8b2a9cd87bc984dbed29498043e914) Importer(815301076,1909f56bfc062723c751e8b465ee728b) (PreviewImporter) -> (artifact id: 'a0cffd18ae104a3a5b67bbfb7a28ff21') in 0.2629131 seconds
Number of updated asset objects reloaded before import = 0Number of asset objects unloaded after import = 74

========================================================================
Received Import Request.
  Time since last request: 4.495903 seconds.
  path: Assets/Scripts/PlayerAnimator.cs
  artifactKey: Guid(5d024cc73ad207e438a7a1d777842e0e) Importer(815301076,1909f56bfc062723c751e8b465ee728b)
Start importing Assets/Scripts/PlayerAnimator.cs using Guid(5d024cc73ad207e438a7a1d777842e0e) Importer(815301076,1909f56bfc062723c751e8b465ee728b) (PreviewImporter) -> (artifact id: '1e7ccc8eed47979d2d2a03a308dbb7d9') in 0.0019782 seconds
Number of updated asset objects reloaded before import = 0Number of asset objects unloaded after import = 0

Editor requested this worker to shutdown with reason: Scaling down because of idle timeout
AssetImportWorker is now disconnected from the server
Process exiting
Exiting without the bug reporter. Application will terminate with return code 0