[Licensing::Module] Trying to connect to existing licensing client channel...
Built from '6000.3/staging' branch; Version is '6000.3.8f1 (1c7db571dde0) revision 1867189'; Using compiler version '194234433'; Build Type 'Release'
OS: 'Windows 11  (10.0.26200) Core' Language: 'en' Physical Memory: 32097 MB
BatchMode: 1, IsHumanControllingUs: 0, StartBugReporterOnCrash: 0, Is64bit: 1
System  architecture: x64
Process architecture: x64
[Licensing::IpcConnector] Successfully connected to: "LicenseClient-lisab" at "2026-06-23T19:54:50.7456624Z"
Date: 2026-06-23T19:54:50Z
[Licensing::Client] Code 10 while verifying Licensing Client signature (process Id: 42024, path: "C:/Program Files/Unity Hub/UnityLicensingClient_V1/Unity.Licensing.Client.exe")
[Licensing::Module] LicensingClient has failed validation; ignoring
[Licensing::Client] Error: Unexpected message Type: ApiErrorResponse, expected: HandshakeResponse

COMMAND LINE ARGUMENTS:
C:\Program Files\Unity\Hub\Editor\6000.3.8f1\Editor\Unity.exe
-adb2
-batchMode
-noUpm
-name
AssetImportWorker15
-projectPath
C:/Users/lisab/Desktop/FH/Semesterprojekt II/UnityProject/platformer-movement
-logFile
Logs/AssetImportWorker15.log
-srvPort
55373
-licensingIpc
LicenseClient-lisab
-job-worker-count
7
-background-job-worker-count
8
-gc-helper-count
1
-name
AssetImport
Successfully changed project path to: C:/Users/lisab/Desktop/FH/Semesterprojekt II/UnityProject/platformer-movement
C:/Users/lisab/Desktop/FH/Semesterprojekt II/UnityProject/platformer-movement
[UnityMemory] Configuration Parameters - Can be set up in boot.config
    "memorysetup-temp-allocator-size-nav-mesh-worker=65536"
    "memorysetup-temp-allocator-size-audio-worker=65536"
    "memorysetup-temp-allocator-size-gfx=262144"
    "memorysetup-allocator-temp-initial-block-size-main=262144"
    "memorysetup-allocator-temp-initial-block-size-worker=262144"
    "memorysetup-temp-allocator-size-background-worker=32768"
    "memorysetup-temp-allocator-size-job-worker=262144"
    "memorysetup-temp-allocator-size-preload-manager=33554432"
    "memorysetup-temp-allocator-size-gi-baking-worker=262144"
    "memorysetup-temp-allocator-size-gi-baking-worker=262144"
    "memorysetup-temp-allocator-size-gi-baking-worker=262144"
    "memorysetup-temp-allocator-size-gi-baking-worker=262144"
    "memorysetup-temp-allocator-size-gi-baking-worker=262144"
    "memorysetup-bucket-allocator-granularity=16"
    "memorysetup-bucket-allocator-bucket-count=8"
    "memorysetup-bucket-allocator-block-size=33554432"
    "memorysetup-bucket-allocator-block-count=8"
    "memorysetup-main-allocator-block-size=16777216"
    "memorysetup-thread-allocator-block-size=16777216"
    "memorysetup-gfx-main-allocator-block-size=16777216"
    "memorysetup-gfx-thread-allocator-block-size=16777216"
    "memorysetup-cache-allocator-block-size=4194304"
    "memorysetup-typetree-allocator-block-size=2097152"
    "memorysetup-profiler-bucket-allocator-granularity=16"
    "memorysetup-profiler-bucket-allocator-bucket-count=8"
    "memorysetup-profiler-bucket-allocator-block-size=33554432"
    "memorysetup-profiler-bucket-allocator-block-count=8"
    "memorysetup-profiler-allocator-block-size=16777216"
    "memorysetup-profiler-editor-allocator-block-size=1048576"
    "memorysetup-temp-allocator-size-main=16777216"
    "memorysetup-job-temp-allocator-block-size=2097152"
    "memorysetup-job-temp-allocator-block-size-background=1048576"
    "memorysetup-job-temp-allocator-reduction-small-platforms=262144"
    "memorysetup-temp-allocator-size-cloud-worker=32768"
Player connection [54160]  Target information:

Player connection [54160]  * "[IP] 192.168.0.45 [Port] 0 [Flags] 2 [Guid] 512201284 [EditorId] 512201284 [Version] 1048832 [Id] WindowsEditor(7,LAPTOP-K33LQTEE) [Debug] 1 [PackageName] WindowsEditor [ProjectName] Editor" 

Player connection [54160] Host joined multi-casting on [225.0.0.222:54997]...
Player connection [54160] Host joined alternative multi-casting on [225.0.0.222:34997]...
JobSystem: Creating JobQueue using job-worker-count value 7
Input System module state changed to: Initialized.
[Physics::Module] Initialized fallback backend.
[Physics::Module] Id: 0xdecafbad
Library Redirect Path: Library/
[Physics::Module] Selected backend.
[Physics::Module] Name: PhysX
[Physics::Module] Id: 0xf2b8ea05
[Physics::Module] SDK Version: 4.1.2
[Physics::Module] Integration Version: 1.0.0
[Physics::Module] Threading Mode: Multi-Threaded
Refreshing native plugins compatible for Editor in 178.73 ms, found 3 plugins.
Preloading 0 native plugins for Editor in 0.00 ms.
Initialize engine version: 6000.3.8f1 (1c7db571dde0)
[Subsystems] Discovering subsystems at path C:/Program Files/Unity/Hub/Editor/6000.3.8f1/Editor/Data/Resources/UnitySubsystems
[Subsystems] Discovering subsystems at path C:/Users/lisab/Desktop/FH/Semesterprojekt II/UnityProject/platformer-movement/Assets
GfxDevice: creating device client; kGfxThreadingModeNonThreaded
Direct3D:
    Version:  Direct3D 11.0 [level 11.1]
    Renderer: NVIDIA GeForce RTX 3060 Laptop GPU (ID=0x2520)
    Vendor:   NVIDIA
    VRAM:     5996 MB
    Driver:   32.0.15.8183
Initialize mono
Mono path[0] = 'C:/Program Files/Unity/Hub/Editor/6000.3.8f1/Editor/Data/Managed'
Mono path[1] = 'C:/Program Files/Unity/Hub/Editor/6000.3.8f1/Editor/Data/MonoBleedingEdge/lib/mono/unityjit-win32'
Mono config path = 'C:/Program Files/Unity/Hub/Editor/6000.3.8f1/Editor/Data/MonoBleedingEdge/etc'
Using monoOptions --debugger-agent=transport=dt_socket,embedding=1,server=y,suspend=n,address=127.0.0.1:56304
Begin MonoManager ReloadAssembly
[Licensing::Client] Error: Timed-out after 30.00s, waiting for HandshakeResponse
[Licensing::Module] Error: Failed to handshake to channel: "LicenseClient-lisab"
[Licensing::IpcConnector] LicenseClient-lisab channel disconnected successfully.
[Licensing::IpcConnector] Successfully connected to: "LicenseClient-lisab-6000.3.8" at "2026-06-23T19:55:20.9804024Z"
[Licensing::Client] Handshaking with LicensingClient:
  Version:                 1.17.4+4293ba1
  Session Id:              b64fc1198a73418f939e00dab27466c9
  Correlation Id:          1c65b57383602796b3a43942ce365f6f
  External correlation Id: 5941071592976475679
  Machine Id:              OkdY9qFmRvOtmEhu81VG2AUWO5c=
[Licensing::Module] Successfully connected to LicensingClient on channel: "LicenseClient-lisab-6000.3.8" (connect: 0.02s, validation: 0.04s, handshake: 6.15s)
[Licensing::IpcConnector] Successfully connected to: "LicenseClient-lisab-6000.3.8-notifications" at "2026-06-23T19:55:27.1713303Z"
[Licensing::Module] Licensing Background thread has ended after 36.43s
Registering precompiled unity dll's ...
Register platform support module: C:/Program Files/Unity/Hub/Editor/6000.3.8f1/Editor/Data/PlaybackEngines/WindowsStandaloneSupport/UnityEditor.WindowsStandalone.Extensions.dll
Registered in 0.009687 seconds.
- Loaded All Assemblies, in 60.097 seconds
Native extension for WindowsStandalone target not found
ScheduleIndexationOnStartup MainProcess:False IndexOnStartup:True
Mono: successfully reloaded assembly
- Finished resetting the current domain, in  2.593 seconds
Domain Reload Profiling: 62675ms
	BeginReloadAssembly (51803ms)
		ExecutionOrderSort (0ms)
		DisableScriptedObjects (0ms)
		BackupInstance (0ms)
		ReleaseScriptingObjects (0ms)
		CreateAndSetChildDomain (5ms)
	RebuildCommonClasses (2200ms)
	RebuildNativeTypeToScriptingClass (53ms)
	initialDomainReloadingComplete (225ms)
	LoadAllAssembliesAndSetupDomain (5799ms)
		LoadAssemblies (51777ms)
		RebuildTransferFunctionScriptingTraits (0ms)
		AnalyzeDomain (5787ms)
			TypeCache.Refresh (5778ms)
				TypeCache.ScanAssembly (3802ms)
			BuildScriptInfoCaches (0ms)
			ResolveRequiredComponents (4ms)
	FinalizeReload (2595ms)
		ReleaseScriptCaches (0ms)
		RebuildScriptCaches (0ms)
		SetupLoadedEditorAssemblies (2215ms)
			LogAssemblyErrors (0ms)
			InitializePlatformSupportModulesInManaged (291ms)
			SetLoadedEditorAssemblies (31ms)
			BeforeProcessingInitializeOnLoad (426ms)
			ProcessInitializeOnLoadAttributes (1187ms)
			ProcessInitializeOnLoadMethodAttributes (278ms)
			AfterProcessingInitializeOnLoad (0ms)
			EditorAssembliesLoaded (1ms)
		ExecutionOrderSort2 (0ms)
		AwakeInstancesAfterBackupRestoration (0ms)
========================================================================
Worker process is ready to serve import requests
Import Worker Mode flag is 0x00
Begin MonoManager ReloadAssembly
[Licensing::Client] Successfully resolved entitlement details
[Licensing::Module] License group:
  Id: F4-2GQG-FKZX-2Q8B-M9AS-XXXX
  Product: Unity Personal
  Type: ULF
  Expiration: Unlimited
- Loaded All Assemblies, in 19.444 seconds
Refreshing native plugins compatible for Editor in 3.02 ms, found 3 plugins.
Native extension for WindowsStandalone target not found
Package Manager log level set to [2]
[Package Manager] Failed to launch server process. Reason: Unity was launched with the -noUpm command-line argument
[Package Manager] Unable to send message (not connected to server process).
[Package Manager] Cannot connect to Unity Package Manager local server
ScheduleIndexationOnStartup MainProcess:False IndexOnStartup:True
Mono: successfully reloaded assembly
- Finished resetting the current domain, in  2.865 seconds
Domain Reload Profiling: 22281ms
	BeginReloadAssembly (708ms)
		ExecutionOrderSort (0ms)
		DisableScriptedObjects (16ms)
		BackupInstance (0ms)
		ReleaseScriptingObjects (0ms)
		CreateAndSetChildDomain (75ms)
	RebuildCommonClasses (136ms)
	RebuildNativeTypeToScriptingClass (32ms)
	initialDomainReloadingComplete (118ms)
	LoadAllAssembliesAndSetupDomain (18421ms)
		LoadAssemblies (17443ms)
		RebuildTransferFunctionScriptingTraits (0ms)
		AnalyzeDomain (1460ms)
			TypeCache.Refresh (1274ms)
				TypeCache.ScanAssembly (1247ms)
			BuildScriptInfoCaches (153ms)
			ResolveRequiredComponents (25ms)
	FinalizeReload (2866ms)
		ReleaseScriptCaches (0ms)
		RebuildScriptCaches (0ms)
		SetupLoadedEditorAssemblies (1883ms)
			LogAssemblyErrors (0ms)
			InitializePlatformSupportModulesInManaged (6ms)
			SetLoadedEditorAssemblies (13ms)
			BeforeProcessingInitializeOnLoad (441ms)
			ProcessInitializeOnLoadAttributes (987ms)
			ProcessInitializeOnLoadMethodAttributes (409ms)
			AfterProcessingInitializeOnLoad (27ms)
			EditorAssembliesLoaded (0ms)
		ExecutionOrderSort2 (0ms)
		AwakeInstancesAfterBackupRestoration (18ms)
Launched and connected shader compiler UnityShaderCompiler.exe after 0.10 seconds
Refreshing native plugins compatible for Editor in 4.30 ms, found 3 plugins.
Preloading 0 native plugins for Editor in 0.00 ms.
Unloading 16 Unused Serialized files (Serialized files now loaded: 0)
Unloading 4812 unused Assets / (3.2 MB). Loaded Objects now: 5647.
Memory consumption went from 135.4 MB to 132.2 MB.
Total: 19.050300 ms (FindLiveObjects: 0.892900 ms CreateObjectMapping: 0.618400 ms MarkObjects: 13.097200 ms  DeleteObjects: 4.439800 ms)

========================================================================
Received Import Request.
  Time since last request: 1011907.383092 seconds.
  path: Assets/Scripts/Other
  artifactKey: Guid(8ba8c981c93a76e4facd9fd84129ec88) Importer(815301076,1909f56bfc062723c751e8b465ee728b)
Start importing Assets/Scripts/Other using Guid(8ba8c981c93a76e4facd9fd84129ec88) Importer(815301076,1909f56bfc062723c751e8b465ee728b) (PreviewImporter) -> (artifact id: 'b77d4331daffe832e53b3d9c3be9f96a') in 0.0132455 seconds
Number of updated asset objects reloaded before import = 0Number of asset objects unloaded after import = 0

========================================================================
Received Import Request.
  Time since last request: 4447.143651 seconds.
  path: Assets/Visuals/Animation/Spritesheet_Clown.png
  artifactKey: Guid(864fb55c9b8e6fa48b9d75c881ae5d94) Importer(815301076,1909f56bfc062723c751e8b465ee728b)
Start importing Assets/Visuals/Animation/Spritesheet_Clown.png using Guid(864fb55c9b8e6fa48b9d75c881ae5d94) Importer(815301076,1909f56bfc062723c751e8b465ee728b) (PreviewImporter) -> (artifact id: '03ed3dd98fa2bb4a59501955897dfd37') in 0.8120254 seconds
Number of updated asset objects reloaded before import = 0Number of asset objects unloaded after import = 22

========================================================================
Received Import Request.
  Time since last request: 17.097499 seconds.
  path: Assets/Visuals/Animation/Spritesheet_Clown.png
  artifactKey: Guid(864fb55c9b8e6fa48b9d75c881ae5d94) Importer(815301076,1909f56bfc062723c751e8b465ee728b)
Start importing Assets/Visuals/Animation/Spritesheet_Clown.png using Guid(864fb55c9b8e6fa48b9d75c881ae5d94) Importer(815301076,1909f56bfc062723c751e8b465ee728b) (PreviewImporter) -> (artifact id: '14498b87882016ff7ab9ac54d1f0f187') in 0.1111142 seconds
Number of updated asset objects reloaded before import = 0Number of asset objects unloaded after import = 22

========================================================================
Received Import Request.
  Time since last request: 0.593375 seconds.
  path: Assets/Visuals/Animation/Spritesheet_Clown.png
  artifactKey: Guid(864fb55c9b8e6fa48b9d75c881ae5d94) Importer(2089858483,d624ce77472d68a35037170ec1d2d27e)
Start importing Assets/Visuals/Animation/Spritesheet_Clown.png using Guid(864fb55c9b8e6fa48b9d75c881ae5d94) Importer(2089858483,d624ce77472d68a35037170ec1d2d27e) (ScriptedImporter) -> (artifact id: '5c004352c6b75c9badc21113d2c53fce') in 0.2241495 seconds
Number of updated asset objects reloaded before import = 0Number of asset objects unloaded after import = 22

========================================================================
Received Import Request.
  Time since last request: 381.018589 seconds.
  path: Assets/Visuals/Animation/Idle_Jump_Dash.png
  artifactKey: Guid(cc5b41ce1abbaac49abe47fdd27e4f31) Importer(815301076,1909f56bfc062723c751e8b465ee728b)
Start importing Assets/Visuals/Animation/Idle_Jump_Dash.png using Guid(cc5b41ce1abbaac49abe47fdd27e4f31) Importer(815301076,1909f56bfc062723c751e8b465ee728b) (PreviewImporter) -> (artifact id: '6b9626e0afe5723dfc849f1e150b76fd') in 0.0740417 seconds
Number of updated asset objects reloaded before import = 0Number of asset objects unloaded after import = 14

========================================================================
Received Import Request.
  Time since last request: 0.833752 seconds.
  path: Assets/Visuals/Animation/Idle_Jump_Dash.png
  artifactKey: Guid(cc5b41ce1abbaac49abe47fdd27e4f31) Importer(2089858483,d624ce77472d68a35037170ec1d2d27e)
Start importing Assets/Visuals/Animation/Idle_Jump_Dash.png using Guid(cc5b41ce1abbaac49abe47fdd27e4f31) Importer(2089858483,d624ce77472d68a35037170ec1d2d27e) (ScriptedImporter) -> (artifact id: '5901995e08a1ce52753f12bba302a57f') in 0.0259472 seconds
Number of updated asset objects reloaded before import = 0Number of asset objects unloaded after import = 14

========================================================================
Received Import Request.
  Time since last request: 6.971388 seconds.
  path: Assets/Visuals/Animation/Idle_Jump_Dash.png
  artifactKey: Guid(cc5b41ce1abbaac49abe47fdd27e4f31) Importer(815301076,1909f56bfc062723c751e8b465ee728b)
Start importing Assets/Visuals/Animation/Idle_Jump_Dash.png using Guid(cc5b41ce1abbaac49abe47fdd27e4f31) Importer(815301076,1909f56bfc062723c751e8b465ee728b) (PreviewImporter) -> (artifact id: 'e4d6106431bcbd84293697ba8bb73021') in 0.0743839 seconds
Number of updated asset objects reloaded before import = 0Number of asset objects unloaded after import = 14

========================================================================
Received Import Request.
  Time since last request: 0.776744 seconds.
  path: Assets/Visuals/Animation/Idle_Jump_Dash.png
  artifactKey: Guid(cc5b41ce1abbaac49abe47fdd27e4f31) Importer(2089858483,d624ce77472d68a35037170ec1d2d27e)
Start importing Assets/Visuals/Animation/Idle_Jump_Dash.png using Guid(cc5b41ce1abbaac49abe47fdd27e4f31) Importer(2089858483,d624ce77472d68a35037170ec1d2d27e) (ScriptedImporter) -> (artifact id: '21c966f3577396cfa43587cc83637800') in 0.0320644 seconds
Number of updated asset objects reloaded before import = 0Number of asset objects unloaded after import = 14

========================================================================
Received Import Request.
  Time since last request: 3255.822223 seconds.
  path: Assets/Visuals/Animation/Idle.png
  artifactKey: Guid(49b7b7d072a9ffb448a4225299a83108) Importer(815301076,1909f56bfc062723c751e8b465ee728b)
Start importing Assets/Visuals/Animation/Idle.png using Guid(49b7b7d072a9ffb448a4225299a83108) Importer(815301076,1909f56bfc062723c751e8b465ee728b) (PreviewImporter) -> (artifact id: 'fe1d5b1650cff5c1f95c66e9f6f725e9') in 0.2058043 seconds
Number of updated asset objects reloaded before import = 0Number of asset objects unloaded after import = 6

========================================================================
Received Import Request.
  Time since last request: 0.000833 seconds.
  path: Assets/Visuals/Animation/Walk.png
  artifactKey: Guid(db681682b5d35434d8950a6369cc4bf1) Importer(815301076,1909f56bfc062723c751e8b465ee728b)
Start importing Assets/Visuals/Animation/Walk.png using Guid(db681682b5d35434d8950a6369cc4bf1) Importer(815301076,1909f56bfc062723c751e8b465ee728b) (PreviewImporter) -> (artifact id: '6a575a506d2775f689ba827d29e3ada5') in 0.0697723 seconds
Number of updated asset objects reloaded before import = 0Number of asset objects unloaded after import = 10

========================================================================
Received Import Request.
  Time since last request: 0.422069 seconds.
  path: Assets/Visuals/Animation/Jump.png
  artifactKey: Guid(61403de198336a9459529dc4f6385029) Importer(2089858483,d624ce77472d68a35037170ec1d2d27e)
Start importing Assets/Visuals/Animation/Jump.png using Guid(61403de198336a9459529dc4f6385029) Importer(2089858483,d624ce77472d68a35037170ec1d2d27e) (ScriptedImporter) -> (artifact id: 'f7c77a3c9eed949bd252e46350c7414e') in 0.0655615 seconds
Number of updated asset objects reloaded before import = 0Number of asset objects unloaded after import = 9

========================================================================
Received Import Request.
  Time since last request: 0.000020 seconds.
  path: Assets/Visuals/Animation/Idle.png
  artifactKey: Guid(49b7b7d072a9ffb448a4225299a83108) Importer(2089858483,d624ce77472d68a35037170ec1d2d27e)
Start importing Assets/Visuals/Animation/Idle.png using Guid(49b7b7d072a9ffb448a4225299a83108) Importer(2089858483,d624ce77472d68a35037170ec1d2d27e) (ScriptedImporter) -> (artifact id: 'afba5a0d4d84ad17f8ee52ce374046c8') in 0.1135507 seconds
Number of updated asset objects reloaded before import = 0Number of asset objects unloaded after import = 6

========================================================================
Received Import Request.
  Time since last request: 0.000023 seconds.
  path: Assets/Visuals/Animation/Walk.png
  artifactKey: Guid(db681682b5d35434d8950a6369cc4bf1) Importer(2089858483,d624ce77472d68a35037170ec1d2d27e)
Start importing Assets/Visuals/Animation/Walk.png using Guid(db681682b5d35434d8950a6369cc4bf1) Importer(2089858483,d624ce77472d68a35037170ec1d2d27e) (ScriptedImporter) -> (artifact id: '771a293596cbe7d85ef765a1d914768e') in 0.0269378 seconds
Number of updated asset objects reloaded before import = 0Number of asset objects unloaded after import = 10

========================================================================
Received Import Request.
  Time since last request: 67.990984 seconds.
  path: Assets/Visuals/Animation/Walk.png
  artifactKey: Guid(db681682b5d35434d8950a6369cc4bf1) Importer(815301076,1909f56bfc062723c751e8b465ee728b)
Start importing Assets/Visuals/Animation/Walk.png using Guid(db681682b5d35434d8950a6369cc4bf1) Importer(815301076,1909f56bfc062723c751e8b465ee728b) (PreviewImporter) -> (artifact id: '01c8bb30bff8346a37a12f28224d0cef') in 0.0518124 seconds
Number of updated asset objects reloaded before import = 0Number of asset objects unloaded after import = 10

========================================================================
Received Import Request.
  Time since last request: 0.789381 seconds.
  path: Assets/Visuals/Animation/Walk.png
  artifactKey: Guid(db681682b5d35434d8950a6369cc4bf1) Importer(2089858483,d624ce77472d68a35037170ec1d2d27e)
Start importing Assets/Visuals/Animation/Walk.png using Guid(db681682b5d35434d8950a6369cc4bf1) Importer(2089858483,d624ce77472d68a35037170ec1d2d27e) (ScriptedImporter) -> (artifact id: '27fa6bf965b2f2d74e919390835181c3') in 0.0243536 seconds
Number of updated asset objects reloaded before import = 0Number of asset objects unloaded after import = 10

========================================================================
Received Import Request.
  Time since last request: 16.950288 seconds.
  path: Assets/Visuals/Animation/Jump.png
  artifactKey: Guid(61403de198336a9459529dc4f6385029) Importer(815301076,1909f56bfc062723c751e8b465ee728b)
Start importing Assets/Visuals/Animation/Jump.png using Guid(61403de198336a9459529dc4f6385029) Importer(815301076,1909f56bfc062723c751e8b465ee728b) (PreviewImporter) -> (artifact id: 'ad3596878f6b8516ded9897090f94c78') in 0.0390955 seconds
Number of updated asset objects reloaded before import = 0Number of asset objects unloaded after import = 9

========================================================================
Received Import Request.
  Time since last request: 0.795966 seconds.
  path: Assets/Visuals/Animation/Jump.png
  artifactKey: Guid(61403de198336a9459529dc4f6385029) Importer(2089858483,d624ce77472d68a35037170ec1d2d27e)
Start importing Assets/Visuals/Animation/Jump.png using Guid(61403de198336a9459529dc4f6385029) Importer(2089858483,d624ce77472d68a35037170ec1d2d27e) (ScriptedImporter) -> (artifact id: '3a273db8110bff5542119dfaf231b0c2') in 0.0242229 seconds
Number of updated asset objects reloaded before import = 0Number of asset objects unloaded after import = 9

========================================================================
Received Import Request.
  Time since last request: 7.474935 seconds.
  path: Assets/Visuals/Animation/Idle.png
  artifactKey: Guid(49b7b7d072a9ffb448a4225299a83108) Importer(815301076,1909f56bfc062723c751e8b465ee728b)
Start importing Assets/Visuals/Animation/Idle.png using Guid(49b7b7d072a9ffb448a4225299a83108) Importer(815301076,1909f56bfc062723c751e8b465ee728b) (PreviewImporter) -> (artifact id: '9dcd4664369411e5a2077e441a9406a6') in 0.0271199 seconds
Number of updated asset objects reloaded before import = 0Number of asset objects unloaded after import = 6

========================================================================
Received Import Request.
  Time since last request: 0.845544 seconds.
  path: Assets/Visuals/Animation/Idle.png
  artifactKey: Guid(49b7b7d072a9ffb448a4225299a83108) Importer(2089858483,d624ce77472d68a35037170ec1d2d27e)
Start importing Assets/Visuals/Animation/Idle.png using Guid(49b7b7d072a9ffb448a4225299a83108) Importer(2089858483,d624ce77472d68a35037170ec1d2d27e) (ScriptedImporter) -> (artifact id: 'a0621ebfb528c233a5b9b0c58f7927aa') in 0.0202841 seconds
Number of updated asset objects reloaded before import = 0Number of asset objects unloaded after import = 6

========================================================================
Received Import Request.
  Time since last request: 48.321511 seconds.
  path: Assets/Visuals/Animation/Jumpanim
  artifactKey: Guid(d6f8623fc767ae043b0ddcec1fa81a76) Importer(2089858483,d624ce77472d68a35037170ec1d2d27e)
Start importing Assets/Visuals/Animation/Jumpanim using Guid(d6f8623fc767ae043b0ddcec1fa81a76) Importer(2089858483,d624ce77472d68a35037170ec1d2d27e) (ScriptedImporter) -> (artifact id: '2dead1ffb9bf59e0a93216c77f517ab1') in 0.0461346 seconds
Number of updated asset objects reloaded before import = 0Number of asset objects unloaded after import = 1

========================================================================
Received Import Request.
  Time since last request: 0.000023 seconds.
  path: Assets/Visuals/Animation/Jumpanim/Jump_0.controller
  artifactKey: Guid(2ff3936c6f663414ea591e8a782ecb48) Importer(2089858483,d624ce77472d68a35037170ec1d2d27e)
Start importing Assets/Visuals/Animation/Jumpanim/Jump_0.controller using Guid(2ff3936c6f663414ea591e8a782ecb48) Importer(2089858483,d624ce77472d68a35037170ec1d2d27e) (ScriptedImporter) -> (artifact id: 'd57bfc971b115fee6f3889fa0bb83f09') in 0.1077877 seconds
Number of updated asset objects reloaded before import = 0Number of asset objects unloaded after import = 1

========================================================================
Received Import Request.
  Time since last request: 848.715812 seconds.
  path: Assets/Visuals/Animation/Idle_Anim.anim
  artifactKey: Guid(d55abcb356716c346b605447591e4389) Importer(2089858483,d624ce77472d68a35037170ec1d2d27e)
Start importing Assets/Visuals/Animation/Idle_Anim.anim using Guid(d55abcb356716c346b605447591e4389) Importer(2089858483,d624ce77472d68a35037170ec1d2d27e) (ScriptedImporter) -> (artifact id: 'f526ca3cf778df343bf6732b11eb306f') in 0.3136029 seconds
Number of updated asset objects reloaded before import = 0Number of asset objects unloaded after import = 1

========================================================================
Received Import Request.
  Time since last request: 35.561633 seconds.
  path: Assets/Visuals/Animation/WalkAnim.anim
  artifactKey: Guid(00ea66f1a2acb1c4ba0db84d0838bde6) Importer(2089858483,d624ce77472d68a35037170ec1d2d27e)
Start importing Assets/Visuals/Animation/WalkAnim.anim using Guid(00ea66f1a2acb1c4ba0db84d0838bde6) Importer(2089858483,d624ce77472d68a35037170ec1d2d27e) (ScriptedImporter) -> (artifact id: '842551d61308cf11f5fc22b684967a69') in 0.0156955 seconds
Number of updated asset objects reloaded before import = 0Number of asset objects unloaded after import = 1

========================================================================
Received Import Request.
  Time since last request: 16.041388 seconds.
  path: Assets/Visuals/Animation/Walk.png
  artifactKey: Guid(db681682b5d35434d8950a6369cc4bf1) Importer(815301076,1909f56bfc062723c751e8b465ee728b)
Start importing Assets/Visuals/Animation/Walk.png using Guid(db681682b5d35434d8950a6369cc4bf1) Importer(815301076,1909f56bfc062723c751e8b465ee728b) (PreviewImporter) -> (artifact id: '476e9d8347182bac21b4ce4beaa02a12') in 0.0451237 seconds
Number of updated asset objects reloaded before import = 0Number of asset objects unloaded after import = 10

========================================================================
Received Import Request.
  Time since last request: 0.869405 seconds.
  path: Assets/Visuals/Animation/Walk.png
  artifactKey: Guid(db681682b5d35434d8950a6369cc4bf1) Importer(2089858483,d624ce77472d68a35037170ec1d2d27e)
Start importing Assets/Visuals/Animation/Walk.png using Guid(db681682b5d35434d8950a6369cc4bf1) Importer(2089858483,d624ce77472d68a35037170ec1d2d27e) (ScriptedImporter) -> (artifact id: '8dd0c70e27eb5448cbcfc9f027825544') in 0.0248015 seconds
Number of updated asset objects reloaded before import = 0Number of asset objects unloaded after import = 10

========================================================================
Received Import Request.
  Time since last request: 10.810566 seconds.
  path: Assets/Visuals/Animation/Walk.png
  artifactKey: Guid(db681682b5d35434d8950a6369cc4bf1) Importer(815301076,1909f56bfc062723c751e8b465ee728b)
Start importing Assets/Visuals/Animation/Walk.png using Guid(db681682b5d35434d8950a6369cc4bf1) Importer(815301076,1909f56bfc062723c751e8b465ee728b) (PreviewImporter) -> (artifact id: '92a23e52ac46f8356c67c0626ba7b8d2') in 0.0436491 seconds
Number of updated asset objects reloaded before import = 0Number of asset objects unloaded after import = 10

========================================================================
Received Import Request.
  Time since last request: 0.868822 seconds.
  path: Assets/Visuals/Animation/Walk.png
  artifactKey: Guid(db681682b5d35434d8950a6369cc4bf1) Importer(2089858483,d624ce77472d68a35037170ec1d2d27e)
Start importing Assets/Visuals/Animation/Walk.png using Guid(db681682b5d35434d8950a6369cc4bf1) Importer(2089858483,d624ce77472d68a35037170ec1d2d27e) (ScriptedImporter) -> (artifact id: '97c4a066c320a01a7c69df597ac53e5f') in 0.0190388 seconds
Number of updated asset objects reloaded before import = 0Number of asset objects unloaded after import = 10

========================================================================
Received Import Request.
  Time since last request: 34.126026 seconds.
  path: Assets/Visuals/Animation/Jump.png
  artifactKey: Guid(61403de198336a9459529dc4f6385029) Importer(815301076,1909f56bfc062723c751e8b465ee728b)
Start importing Assets/Visuals/Animation/Jump.png using Guid(61403de198336a9459529dc4f6385029) Importer(815301076,1909f56bfc062723c751e8b465ee728b) (PreviewImporter) -> (artifact id: '83c39a156ef4410aeea8733102d279f2') in 0.0312911 seconds
Number of updated asset objects reloaded before import = 0Number of asset objects unloaded after import = 9

========================================================================
Received Import Request.
  Time since last request: 0.887461 seconds.
  path: Assets/Visuals/Animation/Jump.png
  artifactKey: Guid(61403de198336a9459529dc4f6385029) Importer(2089858483,d624ce77472d68a35037170ec1d2d27e)
Start importing Assets/Visuals/Animation/Jump.png using Guid(61403de198336a9459529dc4f6385029) Importer(2089858483,d624ce77472d68a35037170ec1d2d27e) (ScriptedImporter) -> (artifact id: '5d1897e1633949e428dd495a6a849ae6') in 0.0198484 seconds
Number of updated asset objects reloaded before import = 0Number of asset objects unloaded after import = 9

========================================================================
Received Import Request.
  Time since last request: 18.595524 seconds.
  path: Assets/Visuals/Animation/Idle.png
  artifactKey: Guid(49b7b7d072a9ffb448a4225299a83108) Importer(815301076,1909f56bfc062723c751e8b465ee728b)
Start importing Assets/Visuals/Animation/Idle.png using Guid(49b7b7d072a9ffb448a4225299a83108) Importer(815301076,1909f56bfc062723c751e8b465ee728b) (PreviewImporter) -> (artifact id: '96ebe4f196e7891a763b5e76714ba2e7') in 0.0297722 seconds
Number of updated asset objects reloaded before import = 0Number of asset objects unloaded after import = 6

========================================================================
Received Import Request.
  Time since last request: 0.878157 seconds.
  path: Assets/Visuals/Animation/Idle.png
  artifactKey: Guid(49b7b7d072a9ffb448a4225299a83108) Importer(2089858483,d624ce77472d68a35037170ec1d2d27e)
Start importing Assets/Visuals/Animation/Idle.png using Guid(49b7b7d072a9ffb448a4225299a83108) Importer(2089858483,d624ce77472d68a35037170ec1d2d27e) (ScriptedImporter) -> (artifact id: '49c3d884544cd1ce13acac744d90ff95') in 0.0209059 seconds
Number of updated asset objects reloaded before import = 0Number of asset objects unloaded after import = 6

========================================================================
Received Import Request.
  Time since last request: 8.127016 seconds.
  path: Assets/Visuals/Animation/Idle.png
  artifactKey: Guid(49b7b7d072a9ffb448a4225299a83108) Importer(815301076,1909f56bfc062723c751e8b465ee728b)
Start importing Assets/Visuals/Animation/Idle.png using Guid(49b7b7d072a9ffb448a4225299a83108) Importer(815301076,1909f56bfc062723c751e8b465ee728b) (PreviewImporter) -> (artifact id: 'f90cfca9d86c1e97fc78793a1c947c4f') in 0.0259872 seconds
Number of updated asset objects reloaded before import = 0Number of asset objects unloaded after import = 6

========================================================================
Received Import Request.
  Time since last request: 0.925059 seconds.
  path: Assets/Visuals/Animation/Idle.png
  artifactKey: Guid(49b7b7d072a9ffb448a4225299a83108) Importer(2089858483,d624ce77472d68a35037170ec1d2d27e)
Start importing Assets/Visuals/Animation/Idle.png using Guid(49b7b7d072a9ffb448a4225299a83108) Importer(2089858483,d624ce77472d68a35037170ec1d2d27e) (ScriptedImporter) -> (artifact id: '728bf5fb9bde6583d5beae56bfc2ab29') in 0.0181293 seconds
Number of updated asset objects reloaded before import = 0Number of asset objects unloaded after import = 6

========================================================================
Received Import Request.
  Time since last request: 26.933844 seconds.
  path: Assets/Visuals/Animation/Idle.png
  artifactKey: Guid(49b7b7d072a9ffb448a4225299a83108) Importer(815301076,1909f56bfc062723c751e8b465ee728b)
Start importing Assets/Visuals/Animation/Idle.png using Guid(49b7b7d072a9ffb448a4225299a83108) Importer(815301076,1909f56bfc062723c751e8b465ee728b) (PreviewImporter) -> (artifact id: '042dee45696cfeca2c307f2ce12a8e79') in 0.0314382 seconds
Number of updated asset objects reloaded before import = 0Number of asset objects unloaded after import = 6

========================================================================
Received Import Request.
  Time since last request: 0.885290 seconds.
  path: Assets/Visuals/Animation/Idle.png
  artifactKey: Guid(49b7b7d072a9ffb448a4225299a83108) Importer(2089858483,d624ce77472d68a35037170ec1d2d27e)
Start importing Assets/Visuals/Animation/Idle.png using Guid(49b7b7d072a9ffb448a4225299a83108) Importer(2089858483,d624ce77472d68a35037170ec1d2d27e) (ScriptedImporter) -> (artifact id: '0adb2b528eb3968a9a5e00b7d5eb83df') in 0.0153925 seconds
Number of updated asset objects reloaded before import = 0Number of asset objects unloaded after import = 6

========================================================================
Received Import Request.
  Time since last request: 22.595999 seconds.
  path: Assets/Visuals/Animation/Idle_0.controller
  artifactKey: Guid(be85e2a70bcd7be4096f1b4447f36e07) Importer(2089858483,d624ce77472d68a35037170ec1d2d27e)
Start importing Assets/Visuals/Animation/Idle_0.controller using Guid(be85e2a70bcd7be4096f1b4447f36e07) Importer(2089858483,d624ce77472d68a35037170ec1d2d27e) (ScriptedImporter) -> (artifact id: '0ceee0e00881e782f5d4c1a11e42ff0d') in 0.0211818 seconds
Number of updated asset objects reloaded before import = 0Number of asset objects unloaded after import = 4

========================================================================
Received Import Request.
  Time since last request: 0.000021 seconds.
  path: Assets/_Recovery/0 (1).unity
  artifactKey: Guid(25f89b3a1de06574ba41901dd3e3b11a) Importer(2089858483,d624ce77472d68a35037170ec1d2d27e)
Start importing Assets/_Recovery/0 (1).unity using Guid(25f89b3a1de06574ba41901dd3e3b11a) Importer(2089858483,d624ce77472d68a35037170ec1d2d27e) (ScriptedImporter) -> (artifact id: 'b512d6ec9dff45367f10dae893f3ef53') in 0.0138304 seconds
Number of updated asset objects reloaded before import = 0Number of asset objects unloaded after import = 1

========================================================================
Received Import Request.
  Time since last request: 0.000018 seconds.
  path: Assets/Visuals/Animation/Walk_0.controller
  artifactKey: Guid(ff9b3640fedfd50478245e30749126ff) Importer(2089858483,d624ce77472d68a35037170ec1d2d27e)
Start importing Assets/Visuals/Animation/Walk_0.controller using Guid(ff9b3640fedfd50478245e30749126ff) Importer(2089858483,d624ce77472d68a35037170ec1d2d27e) (ScriptedImporter) -> (artifact id: '79d3f6288aae05f62c8b6756b548e194') in 0.014266 seconds
Number of updated asset objects reloaded before import = 0Number of asset objects unloaded after import = 4

========================================================================
Received Import Request.
  Time since last request: 0.000026 seconds.
  path: Assets/Visuals/Animation/Jumpanim/New Animation.anim
  artifactKey: Guid(a41a07585b97bbf4fbd19141024beea8) Importer(2089858483,d624ce77472d68a35037170ec1d2d27e)
Start importing Assets/Visuals/Animation/Jumpanim/New Animation.anim using Guid(a41a07585b97bbf4fbd19141024beea8) Importer(2089858483,d624ce77472d68a35037170ec1d2d27e) (ScriptedImporter) -> (artifact id: '59530aa419cb771bd9803b7deb7571a1') in 0.0182397 seconds
Number of updated asset objects reloaded before import = 0Number of asset objects unloaded after import = 1

Editor requested this worker to shutdown with reason: Scaling down because of idle timeout
AssetImportWorker is now disconnected from the server
Process exiting
Exiting without the bug reporter. Application will terminate with return code 0