[Licensing::Module] Trying to connect to existing licensing client channel...
Built from '6000.3/staging' branch; Version is '6000.3.8f1 (1c7db571dde0) revision 1867189'; Using compiler version '194234433'; Build Type 'Release'
OS: 'Windows 11  (10.0.26200) Core' Language: 'en' Physical Memory: 15775 MB
[Licensing::IpcConnector] Successfully connected to: "LicenseClient-geral" at "2026-06-24T10:13:04.3026339Z"
BatchMode: 1, IsHumanControllingUs: 0, StartBugReporterOnCrash: 0, Is64bit: 1
System  architecture: x64
Process architecture: x64
Date: 2026-06-24T10:13:04Z

COMMAND LINE ARGUMENTS:
C:\Program Files\Unity\Hub\Editor\6000.3.8f1\Editor\Unity.exe
-adb2
-batchMode
-noUpm
-name
AssetImportWorker0
-projectPath
C:/Unity stuff/Jack o' Jester
-logFile
Logs/AssetImportWorker0.log
-srvPort
56448
-licensingIpc
LicenseClient-geral
-job-worker-count
7
-background-job-worker-count
8
-gc-helper-count
1
-name
AssetImport
Successfully changed project path to: C:/Unity stuff/Jack o' Jester
C:/Unity stuff/Jack o' Jester
[UnityMemory] Configuration Parameters - Can be set up in boot.config
    "memorysetup-temp-allocator-size-nav-mesh-worker=65536"
    "memorysetup-temp-allocator-size-audio-worker=65536"
    "memorysetup-temp-allocator-size-gfx=262144"
    "memorysetup-allocator-temp-initial-block-size-main=262144"
    "memorysetup-allocator-temp-initial-block-size-worker=262144"
    "memorysetup-temp-allocator-size-background-worker=32768"
    "memorysetup-temp-allocator-size-job-worker=262144"
    "memorysetup-temp-allocator-size-preload-manager=33554432"
    "memorysetup-temp-allocator-size-gi-baking-worker=262144"
    "memorysetup-temp-allocator-size-gi-baking-worker=262144"
    "memorysetup-temp-allocator-size-gi-baking-worker=262144"
    "memorysetup-temp-allocator-size-gi-baking-worker=262144"
    "memorysetup-temp-allocator-size-gi-baking-worker=262144"
    "memorysetup-bucket-allocator-granularity=16"
    "memorysetup-bucket-allocator-bucket-count=8"
    "memorysetup-bucket-allocator-block-size=33554432"
    "memorysetup-bucket-allocator-block-count=8"
    "memorysetup-main-allocator-block-size=16777216"
    "memorysetup-thread-allocator-block-size=16777216"
    "memorysetup-gfx-main-allocator-block-size=16777216"
    "memorysetup-gfx-thread-allocator-block-size=16777216"
    "memorysetup-cache-allocator-block-size=4194304"
    "memorysetup-typetree-allocator-block-size=2097152"
    "memorysetup-profiler-bucket-allocator-granularity=16"
    "memorysetup-profiler-bucket-allocator-bucket-count=8"
    "memorysetup-profiler-bucket-allocator-block-size=33554432"
    "memorysetup-profiler-bucket-allocator-block-count=8"
    "memorysetup-profiler-allocator-block-size=16777216"
    "memorysetup-profiler-editor-allocator-block-size=1048576"
    "memorysetup-temp-allocator-size-main=16777216"
    "memorysetup-job-temp-allocator-block-size=2097152"
    "memorysetup-job-temp-allocator-block-size-background=1048576"
    "memorysetup-job-temp-allocator-reduction-small-platforms=262144"
    "memorysetup-temp-allocator-size-cloud-worker=32768"
Player connection [14744]  Target information:

Player connection [14744]  * "[IP] 192.168.0.167 [Port] 0 [Flags] 2 [Guid] 2077645996 [EditorId] 2077645996 [Version] 1048832 [Id] WindowsEditor(7,LAPTOP-OP0NDMM9) [Debug] 1 [PackageName] WindowsEditor [ProjectName] Editor" 

Player connection [14744] Host joined multi-casting on [225.0.0.222:54997]...
Player connection [14744] Host joined alternative multi-casting on [225.0.0.222:34997]...
JobSystem: Creating JobQueue using job-worker-count value 7
Input System module state changed to: Initialized.
[Physics::Module] Initialized fallback backend.
[Physics::Module] Id: 0xdecafbad
Library Redirect Path: Library/
[Physics::Module] Selected backend.
[Physics::Module] Name: PhysX
[Physics::Module] Id: 0xf2b8ea05
[Physics::Module] SDK Version: 4.1.2
[Physics::Module] Integration Version: 1.0.0
[Physics::Module] Threading Mode: Multi-Threaded
Refreshing native plugins compatible for Editor in 10.39 ms, found 3 plugins.
Preloading 0 native plugins for Editor in 0.00 ms.
Initialize engine version: 6000.3.8f1 (1c7db571dde0)
[Subsystems] Discovering subsystems at path C:/Program Files/Unity/Hub/Editor/6000.3.8f1/Editor/Data/Resources/UnitySubsystems
[Subsystems] Discovering subsystems at path C:/Unity stuff/Jack o' Jester/Assets
GfxDevice: creating device client; kGfxThreadingModeNonThreaded
Direct3D:
    Version:  Direct3D 11.0 [level 11.1]
    Renderer: NVIDIA GeForce RTX 3050 Ti Laptop GPU (ID=0x25a0)
    Vendor:   NVIDIA
    VRAM:     3962 MB
    Driver:   32.0.15.9579
Shader 'Hidden/Universal Render Pipeline/FallbackError': fallback shader 'Hidden/Core/FallbackError' not found
Shader 'Hidden/Universal Render Pipeline/StencilDeferred': fallback shader 'Hidden/Universal Render Pipeline/FallbackError' not found
Shader 'Hidden/Universal Render Pipeline/ClusterDeferred': fallback shader 'Hidden/Universal Render Pipeline/FallbackError' not found
Shader 'Universal Render Pipeline/Nature/SpeedTree7': fallback shader 'Hidden/Universal Render Pipeline/FallbackError' not found
Shader 'Universal Render Pipeline/Nature/SpeedTree7': dependency 'BillboardShader' shader 'Universal Render Pipeline/Nature/SpeedTree7 Billboard' not found
Shader 'Universal Render Pipeline/Lit': fallback shader 'Hidden/Universal Render Pipeline/FallbackError' not found
Shader 'Universal Render Pipeline/Particles/Unlit': fallback shader 'Hidden/Universal Render Pipeline/FallbackError' not found
Shader 'Universal Render Pipeline/VR/SpatialMapping/Occlusion': fallback shader 'Hidden/Universal Render Pipeline/FallbackError' not found
Shader 'Universal Render Pipeline/VR/SpatialMapping/Wireframe': fallback shader 'Hidden/Universal Render Pipeline/FallbackError' not found
Shader 'Universal Render Pipeline/Simple Lit': fallback shader 'Hidden/Universal Render Pipeline/FallbackError' not found
Shader 'Universal Render Pipeline/Baked Lit': fallback shader 'Universal Render Pipeline/Unlit' not found
Shader 'Universal Render Pipeline/Particles/Simple Lit': fallback shader 'Universal Render Pipeline/Particles/Unlit' not found
Shader 'Universal Render Pipeline/Particles/Lit': fallback shader 'Universal Render Pipeline/Particles/Simple Lit' not found
Shader 'Universal Render Pipeline/Nature/SpeedTree7 Billboard': fallback shader 'Hidden/Universal Render Pipeline/FallbackError' not found
Shader 'Universal Render Pipeline/Nature/SpeedTree8': fallback shader 'Hidden/Universal Render Pipeline/FallbackError' not found
Shader 'Hidden/Universal Render Pipeline/Terrain/Lit (Add Pass)': fallback shader 'Hidden/Universal Render Pipeline/FallbackError' not found
Shader 'Universal Render Pipeline/Complex Lit': fallback shader 'Hidden/Universal Render Pipeline/FallbackError' not found
Shader 'Universal Render Pipeline/Unlit': fallback shader 'Hidden/Universal Render Pipeline/FallbackError' not found
Initialize mono
Mono path[0] = 'C:/Program Files/Unity/Hub/Editor/6000.3.8f1/Editor/Data/Managed'
Mono path[1] = 'C:/Program Files/Unity/Hub/Editor/6000.3.8f1/Editor/Data/MonoBleedingEdge/lib/mono/unityjit-win32'
Mono config path = 'C:/Program Files/Unity/Hub/Editor/6000.3.8f1/Editor/Data/MonoBleedingEdge/etc'
Using monoOptions --debugger-agent=transport=dt_socket,embedding=1,server=y,suspend=n,address=127.0.0.1:56764
Begin MonoManager ReloadAssembly
Registering precompiled unity dll's ...
Register platform support module: C:/Program Files/Unity/Hub/Editor/6000.3.8f1/Editor/Data/PlaybackEngines/WindowsStandaloneSupport/UnityEditor.WindowsStandalone.Extensions.dll
Registered in 0.007914 seconds.
[Licensing::Client] Handshaking with LicensingClient:
  Version:                 1.17.4+4293ba1
  Session Id:              06453bd6001f4e75a41098f15e80b282
  Correlation Id:          d6f7f87918752c95dce254edc1ebd65a
  External correlation Id: 6179020809296101183
  Machine Id:              tifgm3pwEF7oeWatuHPIq9e6oE4=
[Licensing::Module] Successfully connected to LicensingClient on channel: "LicenseClient-geral" (connect: 0.00s, validation: 0.01s, handshake: 2.76s)
[Licensing::IpcConnector] Successfully connected to: "LicenseClient-geral-notifications" at "2026-06-24T10:13:07.0700338Z"
[Licensing::Module] Licensing Background thread has ended after 2.77s
- Loaded All Assemblies, in  1.257 seconds
Native extension for WindowsStandalone target not found
ScheduleIndexationOnStartup MainProcess:False IndexOnStartup:True
Mono: successfully reloaded assembly
- Finished resetting the current domain, in  1.113 seconds
Domain Reload Profiling: 2357ms
	BeginReloadAssembly (426ms)
		ExecutionOrderSort (0ms)
		DisableScriptedObjects (0ms)
		BackupInstance (0ms)
		ReleaseScriptingObjects (0ms)
		CreateAndSetChildDomain (2ms)
	RebuildCommonClasses (103ms)
	RebuildNativeTypeToScriptingClass (29ms)
	initialDomainReloadingComplete (154ms)
	LoadAllAssembliesAndSetupDomain (530ms)
		LoadAssemblies (410ms)
		RebuildTransferFunctionScriptingTraits (0ms)
		AnalyzeDomain (521ms)
			TypeCache.Refresh (517ms)
				TypeCache.ScanAssembly (479ms)
			BuildScriptInfoCaches (0ms)
			ResolveRequiredComponents (1ms)
	FinalizeReload (1114ms)
		ReleaseScriptCaches (0ms)
		RebuildScriptCaches (0ms)
		SetupLoadedEditorAssemblies (1016ms)
			LogAssemblyErrors (0ms)
			InitializePlatformSupportModulesInManaged (134ms)
			SetLoadedEditorAssemblies (12ms)
			BeforeProcessingInitializeOnLoad (249ms)
			ProcessInitializeOnLoadAttributes (426ms)
			ProcessInitializeOnLoadMethodAttributes (194ms)
			AfterProcessingInitializeOnLoad (0ms)
			EditorAssembliesLoaded (0ms)
		ExecutionOrderSort2 (0ms)
		AwakeInstancesAfterBackupRestoration (0ms)
========================================================================
Worker process is ready to serve import requests
Import Worker Mode flag is 0x00
Begin MonoManager ReloadAssembly
[Licensing::Client] Successfully resolved entitlement details
[Licensing::Module] License group:
  Id: F4-DFJ8-HZR5-WQ5U-MVAM-XXXX
  Product: Unity Personal
  Type: ULF
  Expiration: Unlimited
[Licensing::Module] License group:
  Id: 9071659417178-UnityPersXXXX
  Product: Unity Personal
  Type: Assigned
  Expiration: Unlimited
- Loaded All Assemblies, in  2.027 seconds
Refreshing native plugins compatible for Editor in 4.11 ms, found 3 plugins.
Native extension for WindowsStandalone target not found
Package Manager log level set to [2]
[Package Manager] Failed to launch server process. Reason: Unity was launched with the -noUpm command-line argument
[Package Manager] Unable to send message (not connected to server process).
[Package Manager] Cannot connect to Unity Package Manager local server
ScheduleIndexationOnStartup MainProcess:False IndexOnStartup:True
Shader 'Universal Render Pipeline/Autodesk Interactive/AutodeskInteractive': fallback shader 'Hidden/Shader Graph/FallbackError' not found
Shader 'Universal Render Pipeline/Autodesk Interactive/AutodeskInteractiveTransparent': fallback shader 'Hidden/Shader Graph/FallbackError' not found
Shader 'Universal Render Pipeline/Autodesk Interactive/AutodeskInteractiveMasked': fallback shader 'Hidden/Shader Graph/FallbackError' not found
Shader 'Universal Render Pipeline/Nature/SpeedTree8_PBRLit': fallback shader 'Hidden/Shader Graph/FallbackError' not found
Shader 'Universal Render Pipeline/Nature/SpeedTree9_URP': fallback shader 'Hidden/Shader Graph/FallbackError' not found
Shader 'Universal Render Pipeline/Terrain/Lit': fallback shader 'Hidden/Universal Render Pipeline/FallbackError' not found
Shader 'Universal Render Pipeline/Terrain/Lit': dependency 'AddPassShader' shader 'Hidden/Universal Render Pipeline/Terrain/Lit (Add Pass)' not found
Shader 'Universal Render Pipeline/Terrain/Lit': dependency 'BaseMapShader' shader 'Hidden/Universal Render Pipeline/Terrain/Lit (Base Pass)' not found
Shader 'Universal Render Pipeline/Terrain/Lit': dependency 'BaseMapGenShader' shader 'Hidden/Universal Render Pipeline/Terrain/Lit (Basemap Gen)' not found
Shader 'Shader Graphs/Decal': fallback shader 'Hidden/Shader Graph/FallbackError' not found
Mono: successfully reloaded assembly
- Finished resetting the current domain, in  2.364 seconds
Domain Reload Profiling: 4371ms
	BeginReloadAssembly (502ms)
		ExecutionOrderSort (0ms)
		DisableScriptedObjects (14ms)
		BackupInstance (0ms)
		ReleaseScriptingObjects (0ms)
		CreateAndSetChildDomain (70ms)
	RebuildCommonClasses (88ms)
	RebuildNativeTypeToScriptingClass (32ms)
	initialDomainReloadingComplete (115ms)
	LoadAllAssembliesAndSetupDomain (1269ms)
		LoadAssemblies (994ms)
		RebuildTransferFunctionScriptingTraits (0ms)
		AnalyzeDomain (572ms)
			TypeCache.Refresh (400ms)
				TypeCache.ScanAssembly (363ms)
			BuildScriptInfoCaches (142ms)
			ResolveRequiredComponents (24ms)
	FinalizeReload (2365ms)
		ReleaseScriptCaches (0ms)
		RebuildScriptCaches (0ms)
		SetupLoadedEditorAssemblies (1995ms)
			LogAssemblyErrors (0ms)
			InitializePlatformSupportModulesInManaged (5ms)
			SetLoadedEditorAssemblies (12ms)
			BeforeProcessingInitializeOnLoad (384ms)
			ProcessInitializeOnLoadAttributes (1265ms)
			ProcessInitializeOnLoadMethodAttributes (311ms)
			AfterProcessingInitializeOnLoad (17ms)
			EditorAssembliesLoaded (0ms)
		ExecutionOrderSort2 (0ms)
		AwakeInstancesAfterBackupRestoration (18ms)
WARNING: Shader Unsupported: 'Hidden/Universal Render Pipeline/Terrain/Lit (Base Pass)' - All subshaders removed
WARNING: Shader Did you use #pragma only_renderers and omit this platform?
WARNING: Shader If subshaders removal was intentional, you may have forgotten turning Fallback off?
WARNING: Shader Unsupported: 'Hidden/Universal Render Pipeline/Terrain/Lit (Base Pass)' - All subshaders removed
WARNING: Shader Did you use #pragma only_renderers and omit this platform?
WARNING: Shader If subshaders removal was intentional, you may have forgotten turning Fallback off?
Launched and connected shader compiler UnityShaderCompiler.exe after 0.05 seconds
Refreshing native plugins compatible for Editor in 3.62 ms, found 3 plugins.
Preloading 0 native plugins for Editor in 0.00 ms.
Unloading 17 Unused Serialized files (Serialized files now loaded: 0)
Unloading 4812 unused Assets / (4.3 MB). Loaded Objects now: 5649.
Memory consumption went from 135.8 MB to 131.5 MB.
Total: 24.124800 ms (FindLiveObjects: 1.514800 ms CreateObjectMapping: 1.518400 ms MarkObjects: 18.096900 ms  DeleteObjects: 2.992700 ms)

========================================================================
Received Import Request.
  Time since last request: 717830.361072 seconds.
  path: Assets/TextMesh Pro/Examples & Extras/Materials/Crate - URP.mat
  artifactKey: Guid(3b5cc91c3bf8cf74391252247f52fb59) Importer(2089858483,d624ce77472d68a35037170ec1d2d27e)
Start importing Assets/TextMesh Pro/Examples & Extras/Materials/Crate - URP.mat using Guid(3b5cc91c3bf8cf74391252247f52fb59) Importer(2089858483,d624ce77472d68a35037170ec1d2d27e) (ScriptedImporter) -> (artifact id: '7fe67b294fc5a55c47b3321ce14d5996') in 0.2540581 seconds
Number of updated asset objects reloaded before import = 0Number of asset objects unloaded after import = 3

========================================================================
Received Import Request.
  Time since last request: 0.000038 seconds.
  path: Assets/Visuals/Art/tili/GS_TileMap_6.asset
  artifactKey: Guid(d00a3ca9bf0a2024dab907c52bb10cbc) Importer(2089858483,d624ce77472d68a35037170ec1d2d27e)
Start importing Assets/Visuals/Art/tili/GS_TileMap_6.asset using Guid(d00a3ca9bf0a2024dab907c52bb10cbc) Importer(2089858483,d624ce77472d68a35037170ec1d2d27e) (ScriptedImporter) -> (artifact id: 'c31fe8e0c322f592b4c53849821ffdba') in 0.096311 seconds
Number of updated asset objects reloaded before import = 0Number of asset objects unloaded after import = 2

========================================================================
Received Import Request.
  Time since last request: 0.000059 seconds.
  path: Assets/Visuals/Animation/Walk_0.controller
  artifactKey: Guid(ff9b3640fedfd50478245e30749126ff) Importer(2089858483,d624ce77472d68a35037170ec1d2d27e)
Start importing Assets/Visuals/Animation/Walk_0.controller using Guid(ff9b3640fedfd50478245e30749126ff) Importer(2089858483,d624ce77472d68a35037170ec1d2d27e) (ScriptedImporter) -> (artifact id: '0c3a150e278858d8c48d0b0c10c35a93') in 0.0426153 seconds
Number of updated asset objects reloaded before import = 0Number of asset objects unloaded after import = 4

========================================================================
Received Import Request.
  Time since last request: 0.000032 seconds.
  path: Assets/Visuals/Art/tili/TILEMAP_4.asset
  artifactKey: Guid(15d52d0115cfce943a4c6716ef024ba2) Importer(2089858483,d624ce77472d68a35037170ec1d2d27e)
Start importing Assets/Visuals/Art/tili/TILEMAP_4.asset using Guid(15d52d0115cfce943a4c6716ef024ba2) Importer(2089858483,d624ce77472d68a35037170ec1d2d27e) (ScriptedImporter) -> (artifact id: 'c0b93866602a41f736abd56bf0153f07') in 0.0333593 seconds
Number of updated asset objects reloaded before import = 0Number of asset objects unloaded after import = 1

========================================================================
Received Import Request.
  Time since last request: 0.000033 seconds.
  path: Assets/Visuals/Art/tili/TileMap_JJ_10.asset
  artifactKey: Guid(7913e3c52bdceff459e11d3b5233c4fe) Importer(2089858483,d624ce77472d68a35037170ec1d2d27e)
Start importing Assets/Visuals/Art/tili/TileMap_JJ_10.asset using Guid(7913e3c52bdceff459e11d3b5233c4fe) Importer(2089858483,d624ce77472d68a35037170ec1d2d27e) (ScriptedImporter) -> (artifact id: 'bdfdd4851d1a556e7e27c4de3364451a') in 0.0270404 seconds
Number of updated asset objects reloaded before import = 0Number of asset objects unloaded after import = 1

========================================================================
Received Import Request.
  Time since last request: 0.000047 seconds.
  path: Assets/Visuals/Art/tili/GS_TileMap_5.asset
  artifactKey: Guid(2970d746371806d4cbbe4a9ed558befa) Importer(2089858483,d624ce77472d68a35037170ec1d2d27e)
Start importing Assets/Visuals/Art/tili/GS_TileMap_5.asset using Guid(2970d746371806d4cbbe4a9ed558befa) Importer(2089858483,d624ce77472d68a35037170ec1d2d27e) (ScriptedImporter) -> (artifact id: '040a0c4713553a7dd474845caca8d977') in 0.0240567 seconds
Number of updated asset objects reloaded before import = 0Number of asset objects unloaded after import = 2

========================================================================
Received Import Request.
  Time since last request: 0.000030 seconds.
  path: Assets/Visuals/Art/tili/TileMap_JJ_2.asset
  artifactKey: Guid(003d188ceb8c3ed4fad8392c93c2d0a4) Importer(2089858483,d624ce77472d68a35037170ec1d2d27e)
Start importing Assets/Visuals/Art/tili/TileMap_JJ_2.asset using Guid(003d188ceb8c3ed4fad8392c93c2d0a4) Importer(2089858483,d624ce77472d68a35037170ec1d2d27e) (ScriptedImporter) -> (artifact id: '49d3c06038f5a5a7764286889aa84363') in 0.0267733 seconds
Number of updated asset objects reloaded before import = 0Number of asset objects unloaded after import = 1

========================================================================
Received Import Request.
  Time since last request: 0.000034 seconds.
  path: Assets/Visuals/Art/tili/IMG_1974.asset
  artifactKey: Guid(97e058b484e3c974cad3dc0ab4b46f93) Importer(2089858483,d624ce77472d68a35037170ec1d2d27e)
Start importing Assets/Visuals/Art/tili/IMG_1974.asset using Guid(97e058b484e3c974cad3dc0ab4b46f93) Importer(2089858483,d624ce77472d68a35037170ec1d2d27e) (ScriptedImporter) -> (artifact id: 'fa082cd220b066cfd2a57a45fb21c548') in 0.0264663 seconds
Number of updated asset objects reloaded before import = 0Number of asset objects unloaded after import = 2

========================================================================
Received Import Request.
  Time since last request: 0.000051 seconds.
  path: Assets/Visuals/Art/tili/Tilemap2_11.asset
  artifactKey: Guid(e6147ae7b7b3210439d663403932bdc1) Importer(2089858483,d624ce77472d68a35037170ec1d2d27e)
Start importing Assets/Visuals/Art/tili/Tilemap2_11.asset using Guid(e6147ae7b7b3210439d663403932bdc1) Importer(2089858483,d624ce77472d68a35037170ec1d2d27e) (ScriptedImporter) -> (artifact id: 'e3bcc078ebe2fe0651f5ebdb9abad7e0') in 0.0259053 seconds
Number of updated asset objects reloaded before import = 0Number of asset objects unloaded after import = 1

========================================================================
Received Import Request.
  Time since last request: 0.000041 seconds.
  path: Assets/Visuals/Art/TileMap_Lychee
  artifactKey: Guid(003c925e31d126047953ae3b3ad0207e) Importer(2089858483,d624ce77472d68a35037170ec1d2d27e)
Start importing Assets/Visuals/Art/TileMap_Lychee using Guid(003c925e31d126047953ae3b3ad0207e) Importer(2089858483,d624ce77472d68a35037170ec1d2d27e) (ScriptedImporter) -> (artifact id: '0dc20e0d7c9fd9ac757be74b6ee7438a') in 0.0224351 seconds
Number of updated asset objects reloaded before import = 0Number of asset objects unloaded after import = 1

========================================================================
Received Import Request.
  Time since last request: 0.000039 seconds.
  path: Assets/Visuals/Art/TileMap_Lychee/TILEMAP_2.asset
  artifactKey: Guid(5ed27127d772b7e418634f85fe96b8b9) Importer(2089858483,d624ce77472d68a35037170ec1d2d27e)
Start importing Assets/Visuals/Art/TileMap_Lychee/TILEMAP_2.asset using Guid(5ed27127d772b7e418634f85fe96b8b9) Importer(2089858483,d624ce77472d68a35037170ec1d2d27e) (ScriptedImporter) -> (artifact id: 'e88d4b771f05563c4aa872484aa9f488') in 0.0298926 seconds
Number of updated asset objects reloaded before import = 0Number of asset objects unloaded after import = 1

========================================================================
Received Import Request.
  Time since last request: 0.000048 seconds.
  path: Assets/Visuals/Art/tili/TILEMAP_8.asset
  artifactKey: Guid(151eff660e999e74e826f6d319b184eb) Importer(2089858483,d624ce77472d68a35037170ec1d2d27e)
Start importing Assets/Visuals/Art/tili/TILEMAP_8.asset using Guid(151eff660e999e74e826f6d319b184eb) Importer(2089858483,d624ce77472d68a35037170ec1d2d27e) (ScriptedImporter) -> (artifact id: 'bb9dab770be72fd6961f547397ad7de3') in 0.0240885 seconds
Number of updated asset objects reloaded before import = 0Number of asset objects unloaded after import = 1

========================================================================
Received Import Request.
  Time since last request: 0.000027 seconds.
  path: Assets/Visuals/Art/tili/TileMap_JJ_0.asset
  artifactKey: Guid(4fc68e1e8ec86454e8a0ec1621b3d946) Importer(2089858483,d624ce77472d68a35037170ec1d2d27e)
Start importing Assets/Visuals/Art/tili/TileMap_JJ_0.asset using Guid(4fc68e1e8ec86454e8a0ec1621b3d946) Importer(2089858483,d624ce77472d68a35037170ec1d2d27e) (ScriptedImporter) -> (artifact id: '09eb65523ec40417938315dda6ca7c17') in 0.0264485 seconds
Number of updated asset objects reloaded before import = 0Number of asset objects unloaded after import = 1

========================================================================
Received Import Request.
  Time since last request: 0.000032 seconds.
  path: Assets/Visuals/Art/tili/GS_TileMap_1.asset
  artifactKey: Guid(f495a225d7e4ffc45b58f4a64c4d4663) Importer(2089858483,d624ce77472d68a35037170ec1d2d27e)
Start importing Assets/Visuals/Art/tili/GS_TileMap_1.asset using Guid(f495a225d7e4ffc45b58f4a64c4d4663) Importer(2089858483,d624ce77472d68a35037170ec1d2d27e) (ScriptedImporter) -> (artifact id: '6075197d1a874472dc08acf2165c39e5') in 0.0295113 seconds
Number of updated asset objects reloaded before import = 0Number of asset objects unloaded after import = 2

========================================================================
Received Import Request.
  Time since last request: 0.000044 seconds.
  path: Assets/Visuals/Art/tili/GS_TileMap_3.asset
  artifactKey: Guid(e273ebb529b9da44c82ad26b96b6c845) Importer(2089858483,d624ce77472d68a35037170ec1d2d27e)
Start importing Assets/Visuals/Art/tili/GS_TileMap_3.asset using Guid(e273ebb529b9da44c82ad26b96b6c845) Importer(2089858483,d624ce77472d68a35037170ec1d2d27e) (ScriptedImporter) -> (artifact id: 'eb4e99549af60cb19919ca627a721aab') in 0.0286015 seconds
Number of updated asset objects reloaded before import = 0Number of asset objects unloaded after import = 2

========================================================================
Received Import Request.
  Time since last request: 0.000036 seconds.
  path: Assets/New Universal Render Pipeline Asset.asset
  artifactKey: Guid(70f6a91176b1be74c84704a5bc9de95f) Importer(2089858483,d624ce77472d68a35037170ec1d2d27e)
Start importing Assets/New Universal Render Pipeline Asset.asset using Guid(70f6a91176b1be74c84704a5bc9de95f) Importer(2089858483,d624ce77472d68a35037170ec1d2d27e) (ScriptedImporter) -> (artifact id: 'dd07989ee18d08ad46fa83ed0a6f3291') in 0.1170222 seconds
Number of updated asset objects reloaded before import = 0Number of asset objects unloaded after import = 1

========================================================================
Received Import Request.
  Time since last request: 0.000036 seconds.
  path: Assets/Visuals/Art/tili/JJ_TileMap_5.asset
  artifactKey: Guid(0829fa2611529824bbec94631167afc2) Importer(2089858483,d624ce77472d68a35037170ec1d2d27e)
Start importing Assets/Visuals/Art/tili/JJ_TileMap_5.asset using Guid(0829fa2611529824bbec94631167afc2) Importer(2089858483,d624ce77472d68a35037170ec1d2d27e) (ScriptedImporter) -> (artifact id: '00429b3d610b99b79e7db28a7f006183') in 0.0296225 seconds
Number of updated asset objects reloaded before import = 0Number of asset objects unloaded after import = 1

========================================================================
Received Import Request.
  Time since last request: 0.000052 seconds.
  path: Assets/Scenes/GoalScript.cs
  artifactKey: Guid(d5d782315ab054c48b0766bfb1c94833) Importer(2089858483,d624ce77472d68a35037170ec1d2d27e)
Start importing Assets/Scenes/GoalScript.cs using Guid(d5d782315ab054c48b0766bfb1c94833) Importer(2089858483,d624ce77472d68a35037170ec1d2d27e) (ScriptedImporter) -> (artifact id: '827badb7bb250092953c2734a9e01b9f') in 0.0273962 seconds
Number of updated asset objects reloaded before import = 0Number of asset objects unloaded after import = 0

========================================================================
Received Import Request.
  Time since last request: 0.000034 seconds.
  path: Assets/Visuals/Art/TileMap_Lychee/TILEMAP_1.asset
  artifactKey: Guid(d7e50e5e0e929e74fb297cb4dc08c8e1) Importer(2089858483,d624ce77472d68a35037170ec1d2d27e)
Start importing Assets/Visuals/Art/TileMap_Lychee/TILEMAP_1.asset using Guid(d7e50e5e0e929e74fb297cb4dc08c8e1) Importer(2089858483,d624ce77472d68a35037170ec1d2d27e) (ScriptedImporter) -> (artifact id: '2340465ad81b1efb349fd17f9bf84c5f') in 0.0325094 seconds
Number of updated asset objects reloaded before import = 0Number of asset objects unloaded after import = 1

========================================================================
Received Import Request.
  Time since last request: 0.000040 seconds.
  path: Assets/Visuals/Animation/Idle_0.controller
  artifactKey: Guid(be85e2a70bcd7be4096f1b4447f36e07) Importer(2089858483,d624ce77472d68a35037170ec1d2d27e)
Start importing Assets/Visuals/Animation/Idle_0.controller using Guid(be85e2a70bcd7be4096f1b4447f36e07) Importer(2089858483,d624ce77472d68a35037170ec1d2d27e) (ScriptedImporter) -> (artifact id: 'f899b09025454eb9bf4d05301cd4c72f') in 0.0234586 seconds
Number of updated asset objects reloaded before import = 0Number of asset objects unloaded after import = 4

========================================================================
Received Import Request.
  Time since last request: 0.000045 seconds.
  path: Assets/Scenes/NoGriAllowed.unity
  artifactKey: Guid(57ae6b8a68d2f2d44a78dc1bae285280) Importer(2089858483,d624ce77472d68a35037170ec1d2d27e)
Start importing Assets/Scenes/NoGriAllowed.unity using Guid(57ae6b8a68d2f2d44a78dc1bae285280) Importer(2089858483,d624ce77472d68a35037170ec1d2d27e) (ScriptedImporter) -> (artifact id: 'da31bb80c427b342c42f8ad8438122fe') in 0.0239975 seconds
Number of updated asset objects reloaded before import = 0Number of asset objects unloaded after import = 1

========================================================================
Received Import Request.
  Time since last request: 0.000029 seconds.
  path: Assets/Visuals/Art/tili/TileMap_JJ_12.asset
  artifactKey: Guid(dea60436a65c5c840ab08059994099a0) Importer(2089858483,d624ce77472d68a35037170ec1d2d27e)
Start importing Assets/Visuals/Art/tili/TileMap_JJ_12.asset using Guid(dea60436a65c5c840ab08059994099a0) Importer(2089858483,d624ce77472d68a35037170ec1d2d27e) (ScriptedImporter) -> (artifact id: '266dbad388af209a12a55f5acbb2ac2c') in 0.0284828 seconds
Number of updated asset objects reloaded before import = 0Number of asset objects unloaded after import = 1

========================================================================
Received Import Request.
  Time since last request: 0.000046 seconds.
  path: Assets/Visuals/Art/tili/JJ_TileMap_2.asset
  artifactKey: Guid(04a1627b100a67245925cd26dfc927d5) Importer(2089858483,d624ce77472d68a35037170ec1d2d27e)
Start importing Assets/Visuals/Art/tili/JJ_TileMap_2.asset using Guid(04a1627b100a67245925cd26dfc927d5) Importer(2089858483,d624ce77472d68a35037170ec1d2d27e) (ScriptedImporter) -> (artifact id: 'feb6d78e51314527dc91bd2c12fb7e9a') in 0.0268726 seconds
Number of updated asset objects reloaded before import = 0Number of asset objects unloaded after import = 1

========================================================================
Received Import Request.
  Time since last request: 0.000061 seconds.
  path: Assets/Visuals/Art/BG_Joystick.png
  artifactKey: Guid(06be667d6b3382241b8f54660a43c6bc) Importer(2089858483,d624ce77472d68a35037170ec1d2d27e)
Start importing Assets/Visuals/Art/BG_Joystick.png using Guid(06be667d6b3382241b8f54660a43c6bc) Importer(2089858483,d624ce77472d68a35037170ec1d2d27e) (ScriptedImporter) -> (artifact id: 'ff79d3bfbe680b78d019efe2f539b7f2') in 0.6584464 seconds
Number of updated asset objects reloaded before import = 0Number of asset objects unloaded after import = 3

========================================================================
Received Import Request.
  Time since last request: 0.000035 seconds.
  path: Assets/Visuals/Art/tili/GS_TileMap_4.asset
  artifactKey: Guid(5db8e787eabd3a249b0576efbc015ff5) Importer(2089858483,d624ce77472d68a35037170ec1d2d27e)
Start importing Assets/Visuals/Art/tili/GS_TileMap_4.asset using Guid(5db8e787eabd3a249b0576efbc015ff5) Importer(2089858483,d624ce77472d68a35037170ec1d2d27e) (ScriptedImporter) -> (artifact id: '9a5fc84e5885f9e1e30b6493dfc7f4ee') in 0.025908 seconds
Number of updated asset objects reloaded before import = 0Number of asset objects unloaded after import = 2

========================================================================
Received Import Request.
  Time since last request: 0.000043 seconds.
  path: Assets/Visuals/Animation/Jump.png
  artifactKey: Guid(61403de198336a9459529dc4f6385029) Importer(2089858483,d624ce77472d68a35037170ec1d2d27e)
Start importing Assets/Visuals/Animation/Jump.png using Guid(61403de198336a9459529dc4f6385029) Importer(2089858483,d624ce77472d68a35037170ec1d2d27e) (ScriptedImporter) -> (artifact id: '5bf3bb2f0e637a00283976134918c2c7') in 0.0555849 seconds
Number of updated asset objects reloaded before import = 0Number of asset objects unloaded after import = 9

========================================================================
Received Import Request.
  Time since last request: 0.000033 seconds.
  path: Assets/Visuals/Art/tili/TILEMAP_1.asset
  artifactKey: Guid(2b35d7a123172ed46a1561e47b3d1cbc) Importer(2089858483,d624ce77472d68a35037170ec1d2d27e)
Start importing Assets/Visuals/Art/tili/TILEMAP_1.asset using Guid(2b35d7a123172ed46a1561e47b3d1cbc) Importer(2089858483,d624ce77472d68a35037170ec1d2d27e) (ScriptedImporter) -> (artifact id: 'ff4134615040fb069df287e5318bce12') in 0.0285945 seconds
Number of updated asset objects reloaded before import = 0Number of asset objects unloaded after import = 1

========================================================================
Received Import Request.
  Time since last request: 0.000034 seconds.
  path: Assets/TextMesh Pro/Examples & Extras/Resources/Fonts & Materials/Roboto-Bold SDF - URP.mat
  artifactKey: Guid(90722b8bd74d9aa49958562aff7bdf76) Importer(2089858483,d624ce77472d68a35037170ec1d2d27e)
Start importing Assets/TextMesh Pro/Examples & Extras/Resources/Fonts & Materials/Roboto-Bold SDF - URP.mat using Guid(90722b8bd74d9aa49958562aff7bdf76) Importer(2089858483,d624ce77472d68a35037170ec1d2d27e) (ScriptedImporter) -> (artifact id: '5d8ef83fec72d0575de351d02c4d8e66') in 0.0538179 seconds
Number of updated asset objects reloaded before import = 0Number of asset objects unloaded after import = 3

Editor requested this worker to shutdown with reason: Scaling down because of idle timeout
AssetImportWorker is now disconnected from the server
Process exiting
Exiting without the bug reporter. Application will terminate with return code 0