[Licensing::Module] Trying to connect to existing licensing client channel...
Built from '6000.3/staging' branch; Version is '6000.3.8f1 (1c7db571dde0) revision 1867189'; Using compiler version '194234433'; Build Type 'Release'
OS: 'Windows 11  (10.0.26200) Core' Language: 'en' Physical Memory: 32097 MB
BatchMode: 1, IsHumanControllingUs: 0, StartBugReporterOnCrash: 0, Is64bit: 1
[Licensing::IpcConnector] Successfully connected to: "LicenseClient-lisab" at "2026-06-23T08:34:04.6195741Z"
System  architecture: x64
Process architecture: x64
Date: 2026-06-23T08:34:04Z
[Licensing::Client] Code 10 while verifying Licensing Client signature (process Id: 42024, path: "C:/Program Files/Unity Hub/UnityLicensingClient_V1/Unity.Licensing.Client.exe")
[Licensing::Module] LicensingClient has failed validation; ignoring
[Licensing::Client] Error: Unexpected message Type: ApiErrorResponse, expected: HandshakeResponse

COMMAND LINE ARGUMENTS:
C:\Program Files\Unity\Hub\Editor\6000.3.8f1\Editor\Unity.exe
-adb2
-batchMode
-noUpm
-name
AssetImportWorker4
-projectPath
C:/Users/lisab/Desktop/FH/Semesterprojekt II/UnityProject/platformer-movement
-logFile
Logs/AssetImportWorker4.log
-srvPort
55373
-licensingIpc
LicenseClient-lisab
-job-worker-count
7
-background-job-worker-count
8
-gc-helper-count
1
-name
AssetImport
Successfully changed project path to: C:/Users/lisab/Desktop/FH/Semesterprojekt II/UnityProject/platformer-movement
C:/Users/lisab/Desktop/FH/Semesterprojekt II/UnityProject/platformer-movement
[UnityMemory] Configuration Parameters - Can be set up in boot.config
    "memorysetup-temp-allocator-size-nav-mesh-worker=65536"
    "memorysetup-temp-allocator-size-audio-worker=65536"
    "memorysetup-temp-allocator-size-gfx=262144"
    "memorysetup-allocator-temp-initial-block-size-main=262144"
    "memorysetup-allocator-temp-initial-block-size-worker=262144"
    "memorysetup-temp-allocator-size-background-worker=32768"
    "memorysetup-temp-allocator-size-job-worker=262144"
    "memorysetup-temp-allocator-size-preload-manager=33554432"
    "memorysetup-temp-allocator-size-gi-baking-worker=262144"
    "memorysetup-temp-allocator-size-gi-baking-worker=262144"
    "memorysetup-temp-allocator-size-gi-baking-worker=262144"
    "memorysetup-temp-allocator-size-gi-baking-worker=262144"
    "memorysetup-temp-allocator-size-gi-baking-worker=262144"
    "memorysetup-bucket-allocator-granularity=16"
    "memorysetup-bucket-allocator-bucket-count=8"
    "memorysetup-bucket-allocator-block-size=33554432"
    "memorysetup-bucket-allocator-block-count=8"
    "memorysetup-main-allocator-block-size=16777216"
    "memorysetup-thread-allocator-block-size=16777216"
    "memorysetup-gfx-main-allocator-block-size=16777216"
    "memorysetup-gfx-thread-allocator-block-size=16777216"
    "memorysetup-cache-allocator-block-size=4194304"
    "memorysetup-typetree-allocator-block-size=2097152"
    "memorysetup-profiler-bucket-allocator-granularity=16"
    "memorysetup-profiler-bucket-allocator-bucket-count=8"
    "memorysetup-profiler-bucket-allocator-block-size=33554432"
    "memorysetup-profiler-bucket-allocator-block-count=8"
    "memorysetup-profiler-allocator-block-size=16777216"
    "memorysetup-profiler-editor-allocator-block-size=1048576"
    "memorysetup-temp-allocator-size-main=16777216"
    "memorysetup-job-temp-allocator-block-size=2097152"
    "memorysetup-job-temp-allocator-block-size-background=1048576"
    "memorysetup-job-temp-allocator-reduction-small-platforms=262144"
    "memorysetup-temp-allocator-size-cloud-worker=32768"
Player connection [43616]  Target information:

Player connection [43616]  * "[IP] 192.168.0.45 [Port] 0 [Flags] 2 [Guid] 2650740559 [EditorId] 2650740559 [Version] 1048832 [Id] WindowsEditor(7,LAPTOP-K33LQTEE) [Debug] 1 [PackageName] WindowsEditor [ProjectName] Editor" 

Player connection [43616] Host joined multi-casting on [225.0.0.222:54997]...
Player connection [43616] Host joined alternative multi-casting on [225.0.0.222:34997]...
JobSystem: Creating JobQueue using job-worker-count value 7
Input System module state changed to: Initialized.
[Physics::Module] Initialized fallback backend.
[Physics::Module] Id: 0xdecafbad
Library Redirect Path: Library/
[Physics::Module] Selected backend.
[Physics::Module] Name: PhysX
[Physics::Module] Id: 0xf2b8ea05
[Physics::Module] SDK Version: 4.1.2
[Physics::Module] Integration Version: 1.0.0
[Physics::Module] Threading Mode: Multi-Threaded
Refreshing native plugins compatible for Editor in 3.96 ms, found 3 plugins.
Preloading 0 native plugins for Editor in 0.00 ms.
Initialize engine version: 6000.3.8f1 (1c7db571dde0)
[Subsystems] Discovering subsystems at path C:/Program Files/Unity/Hub/Editor/6000.3.8f1/Editor/Data/Resources/UnitySubsystems
[Subsystems] Discovering subsystems at path C:/Users/lisab/Desktop/FH/Semesterprojekt II/UnityProject/platformer-movement/Assets
GfxDevice: creating device client; kGfxThreadingModeNonThreaded
Direct3D:
    Version:  Direct3D 11.0 [level 11.1]
    Renderer: NVIDIA GeForce RTX 3060 Laptop GPU (ID=0x2520)
    Vendor:   NVIDIA
    VRAM:     5996 MB
    Driver:   32.0.15.8183
Initialize mono
Mono path[0] = 'C:/Program Files/Unity/Hub/Editor/6000.3.8f1/Editor/Data/Managed'
Mono path[1] = 'C:/Program Files/Unity/Hub/Editor/6000.3.8f1/Editor/Data/MonoBleedingEdge/lib/mono/unityjit-win32'
Mono config path = 'C:/Program Files/Unity/Hub/Editor/6000.3.8f1/Editor/Data/MonoBleedingEdge/etc'
Using monoOptions --debugger-agent=transport=dt_socket,embedding=1,server=y,suspend=n,address=127.0.0.1:56952
Begin MonoManager ReloadAssembly
Registering precompiled unity dll's ...
Register platform support module: C:/Program Files/Unity/Hub/Editor/6000.3.8f1/Editor/Data/PlaybackEngines/WindowsStandaloneSupport/UnityEditor.WindowsStandalone.Extensions.dll
Registered in 0.002263 seconds.
- Loaded All Assemblies, in  0.539 seconds
Native extension for WindowsStandalone target not found
ScheduleIndexationOnStartup MainProcess:False IndexOnStartup:True
Mono: successfully reloaded assembly
- Finished resetting the current domain, in  0.595 seconds
Domain Reload Profiling: 1129ms
	BeginReloadAssembly (218ms)
		ExecutionOrderSort (0ms)
		DisableScriptedObjects (0ms)
		BackupInstance (0ms)
		ReleaseScriptingObjects (0ms)
		CreateAndSetChildDomain (1ms)
	RebuildCommonClasses (42ms)
	RebuildNativeTypeToScriptingClass (18ms)
	initialDomainReloadingComplete (57ms)
	LoadAllAssembliesAndSetupDomain (198ms)
		LoadAssemblies (211ms)
		RebuildTransferFunctionScriptingTraits (0ms)
		AnalyzeDomain (195ms)
			TypeCache.Refresh (192ms)
				TypeCache.ScanAssembly (175ms)
			BuildScriptInfoCaches (0ms)
			ResolveRequiredComponents (1ms)
	FinalizeReload (595ms)
		ReleaseScriptCaches (0ms)
		RebuildScriptCaches (0ms)
		SetupLoadedEditorAssemblies (536ms)
			LogAssemblyErrors (0ms)
			InitializePlatformSupportModulesInManaged (67ms)
			SetLoadedEditorAssemblies (7ms)
			BeforeProcessingInitializeOnLoad (113ms)
			ProcessInitializeOnLoadAttributes (239ms)
			ProcessInitializeOnLoadMethodAttributes (109ms)
			AfterProcessingInitializeOnLoad (0ms)
			EditorAssembliesLoaded (0ms)
		ExecutionOrderSort2 (0ms)
		AwakeInstancesAfterBackupRestoration (0ms)
========================================================================
Worker process is ready to serve import requests
Import Worker Mode flag is 0x00
Begin MonoManager ReloadAssembly
[Licensing::Module] Licensing is not yet initialized.
[Licensing::Client] Error: Timed-out after 30.00s, waiting for HandshakeResponse
[Licensing::Module] Error: Failed to handshake to channel: "LicenseClient-lisab"
[Licensing::IpcConnector] LicenseClient-lisab channel disconnected successfully.
[Licensing::IpcConnector] Successfully connected to: "LicenseClient-lisab-6000.3.8" at "2026-06-23T08:34:34.6776956Z"
[Licensing::Client] Handshaking with LicensingClient:
  Version:                 1.17.4+4293ba1
  Session Id:              56dc5bccf6f94b95b1c22fb553f69255
  Correlation Id:          1c65b57383602796b3a43942ce365f6f
  External correlation Id: 1983194970520955432
  Machine Id:              OkdY9qFmRvOtmEhu81VG2AUWO5c=
[Licensing::Module] Successfully connected to LicensingClient on channel: "LicenseClient-lisab-6000.3.8" (connect: 0.00s, validation: 0.00s, handshake: 1.24s)
[Licensing::IpcConnector] Successfully connected to: "LicenseClient-lisab-6000.3.8-notifications" at "2026-06-23T08:34:35.9224205Z"
[Licensing::Module] Licensing Background thread has ended after 31.30s
[Licensing::Module] Licensing is initialized (took 28.73s).
[Licensing::Client] Successfully resolved entitlement details
[Licensing::Module] License group:
  Id: F4-2GQG-FKZX-2Q8B-M9AS-XXXX
  Product: Unity Personal
  Type: ULF
  Expiration: Unlimited
- Loaded All Assemblies, in 29.634 seconds
Refreshing native plugins compatible for Editor in 1.36 ms, found 3 plugins.
Native extension for WindowsStandalone target not found
Package Manager log level set to [2]
[Package Manager] Failed to launch server process. Reason: Unity was launched with the -noUpm command-line argument
[Package Manager] Unable to send message (not connected to server process).
[Package Manager] Cannot connect to Unity Package Manager local server
ScheduleIndexationOnStartup MainProcess:False IndexOnStartup:True
Mono: successfully reloaded assembly
- Finished resetting the current domain, in  0.843 seconds
Domain Reload Profiling: 30469ms
	BeginReloadAssembly (28951ms)
		ExecutionOrderSort (0ms)
		DisableScriptedObjects (7ms)
		BackupInstance (0ms)
		ReleaseScriptingObjects (0ms)
		CreateAndSetChildDomain (41ms)
	RebuildCommonClasses (39ms)
	RebuildNativeTypeToScriptingClass (12ms)
	initialDomainReloadingComplete (44ms)
	LoadAllAssembliesAndSetupDomain (579ms)
		LoadAssemblies (462ms)
		RebuildTransferFunctionScriptingTraits (0ms)
		AnalyzeDomain (234ms)
			TypeCache.Refresh (161ms)
				TypeCache.ScanAssembly (146ms)
			BuildScriptInfoCaches (61ms)
			ResolveRequiredComponents (9ms)
	FinalizeReload (844ms)
		ReleaseScriptCaches (0ms)
		RebuildScriptCaches (0ms)
		SetupLoadedEditorAssemblies (681ms)
			LogAssemblyErrors (0ms)
			InitializePlatformSupportModulesInManaged (2ms)
			SetLoadedEditorAssemblies (5ms)
			BeforeProcessingInitializeOnLoad (158ms)
			ProcessInitializeOnLoadAttributes (360ms)
			ProcessInitializeOnLoadMethodAttributes (148ms)
			AfterProcessingInitializeOnLoad (8ms)
			EditorAssembliesLoaded (0ms)
		ExecutionOrderSort2 (0ms)
		AwakeInstancesAfterBackupRestoration (7ms)
Launched and connected shader compiler UnityShaderCompiler.exe after 0.02 seconds
Refreshing native plugins compatible for Editor in 1.68 ms, found 3 plugins.
Preloading 0 native plugins for Editor in 0.00 ms.
Unloading 16 Unused Serialized files (Serialized files now loaded: 0)
Unloading 4812 unused Assets / (4.2 MB). Loaded Objects now: 5647.
Memory consumption went from 135.5 MB to 131.3 MB.
Total: 10.990900 ms (FindLiveObjects: 0.596700 ms CreateObjectMapping: 1.111800 ms MarkObjects: 7.091900 ms  DeleteObjects: 2.189300 ms)

========================================================================
Received Import Request.
  Time since last request: 971023.984523 seconds.
  path: Assets/Visuals/Art/TILEMAP.png
  artifactKey: Guid(3fbc3716f6ee7df448d2d7324fe95499) Importer(815301076,1909f56bfc062723c751e8b465ee728b)
Start importing Assets/Visuals/Art/TILEMAP.png using Guid(3fbc3716f6ee7df448d2d7324fe95499) Importer(815301076,1909f56bfc062723c751e8b465ee728b) (PreviewImporter) -> (artifact id: '045d109b7272f52f2924f4461c94f6ae') in 0.129411 seconds
Number of updated asset objects reloaded before import = 0Number of asset objects unloaded after import = 11

========================================================================
Received Import Request.
  Time since last request: 0.782214 seconds.
  path: Assets/Visuals/Art/TILEMAP.png
  artifactKey: Guid(3fbc3716f6ee7df448d2d7324fe95499) Importer(2089858483,d624ce77472d68a35037170ec1d2d27e)
Start importing Assets/Visuals/Art/TILEMAP.png using Guid(3fbc3716f6ee7df448d2d7324fe95499) Importer(2089858483,d624ce77472d68a35037170ec1d2d27e) (ScriptedImporter) -> (artifact id: '5cbcef1576108095bfd3c9c86170761e') in 0.1396028 seconds
Number of updated asset objects reloaded before import = 0Number of asset objects unloaded after import = 11

========================================================================
Received Import Request.
  Time since last request: 33.315273 seconds.
  path: Assets/Visuals/Art/TileMap_Lychee/wa.prefab
  artifactKey: Guid(1e0bb4e5b230b1e439dc481b201dd178) Importer(2089858483,d624ce77472d68a35037170ec1d2d27e)
Start importing Assets/Visuals/Art/TileMap_Lychee/wa.prefab using Guid(1e0bb4e5b230b1e439dc481b201dd178) Importer(2089858483,d624ce77472d68a35037170ec1d2d27e) (ScriptedImporter) -> (artifact id: '80847b625bc524757f5ee7a51d9acd9a') in 0.0303 seconds
Number of updated asset objects reloaded before import = 0Number of asset objects unloaded after import = 10

========================================================================
Received Import Request.
  Time since last request: 6.171888 seconds.
  path: Assets/Visuals/Art/TileMap_Lychee/wa.prefab
  artifactKey: Guid(1e0bb4e5b230b1e439dc481b201dd178) Importer(2089858483,d624ce77472d68a35037170ec1d2d27e)
Start importing Assets/Visuals/Art/TileMap_Lychee/wa.prefab using Guid(1e0bb4e5b230b1e439dc481b201dd178) Importer(2089858483,d624ce77472d68a35037170ec1d2d27e) (ScriptedImporter) -> (artifact id: 'b4ac56281d0b8c08d76081515aa58e77') in 0.01201 seconds
Number of updated asset objects reloaded before import = 0Number of asset objects unloaded after import = 10

========================================================================
Received Import Request.
  Time since last request: 174.999988 seconds.
  path: Assets/Visuals/Art/TILEMAP.png
  artifactKey: Guid(3fbc3716f6ee7df448d2d7324fe95499) Importer(815301076,1909f56bfc062723c751e8b465ee728b)
Start importing Assets/Visuals/Art/TILEMAP.png using Guid(3fbc3716f6ee7df448d2d7324fe95499) Importer(815301076,1909f56bfc062723c751e8b465ee728b) (PreviewImporter) -> (artifact id: '7b09644ca7ea519f433bbfd7783eb66e') in 0.0530761 seconds
Number of updated asset objects reloaded before import = 0Number of asset objects unloaded after import = 11

========================================================================
Received Import Request.
  Time since last request: 0.830865 seconds.
  path: Assets/Visuals/Art/TILEMAP.png
  artifactKey: Guid(3fbc3716f6ee7df448d2d7324fe95499) Importer(2089858483,d624ce77472d68a35037170ec1d2d27e)
Start importing Assets/Visuals/Art/TILEMAP.png using Guid(3fbc3716f6ee7df448d2d7324fe95499) Importer(2089858483,d624ce77472d68a35037170ec1d2d27e) (ScriptedImporter) -> (artifact id: '513eea3a73b90e3d4cbe824e8bbf5d9c') in 0.0237098 seconds
Number of updated asset objects reloaded before import = 0Number of asset objects unloaded after import = 11

========================================================================
Received Import Request.
  Time since last request: 14.908401 seconds.
  path: Assets/Visuals/Art/TILEMAP.png
  artifactKey: Guid(3fbc3716f6ee7df448d2d7324fe95499) Importer(815301076,1909f56bfc062723c751e8b465ee728b)
Start importing Assets/Visuals/Art/TILEMAP.png using Guid(3fbc3716f6ee7df448d2d7324fe95499) Importer(815301076,1909f56bfc062723c751e8b465ee728b) (PreviewImporter) -> (artifact id: '81d56426c2f1bfebc53bc958ed8815a7') in 0.0517852 seconds
Number of updated asset objects reloaded before import = 0Number of asset objects unloaded after import = 11

========================================================================
Received Import Request.
  Time since last request: 0.821102 seconds.
  path: Assets/Visuals/Art/TILEMAP.png
  artifactKey: Guid(3fbc3716f6ee7df448d2d7324fe95499) Importer(2089858483,d624ce77472d68a35037170ec1d2d27e)
Start importing Assets/Visuals/Art/TILEMAP.png using Guid(3fbc3716f6ee7df448d2d7324fe95499) Importer(2089858483,d624ce77472d68a35037170ec1d2d27e) (ScriptedImporter) -> (artifact id: '85fd3d16b77b53d61c8d05f57ce4fab6') in 0.0202482 seconds
Number of updated asset objects reloaded before import = 0Number of asset objects unloaded after import = 11

========================================================================
Received Import Request.
  Time since last request: 12.705518 seconds.
  path: Assets/Visuals/Art/TileMap_Lychee/wa.prefab
  artifactKey: Guid(1e0bb4e5b230b1e439dc481b201dd178) Importer(2089858483,d624ce77472d68a35037170ec1d2d27e)
Start importing Assets/Visuals/Art/TileMap_Lychee/wa.prefab using Guid(1e0bb4e5b230b1e439dc481b201dd178) Importer(2089858483,d624ce77472d68a35037170ec1d2d27e) (ScriptedImporter) -> (artifact id: 'af773bee1f8079087e35af4d409d0a78') in 0.0153386 seconds
Number of updated asset objects reloaded before import = 0Number of asset objects unloaded after import = 10

========================================================================
Received Import Request.
  Time since last request: 36.855714 seconds.
  path: Assets/Visuals/Art/Tilemap/Basic Palette.prefab
  artifactKey: Guid(6a47884768e21fa4db9cd5e8f3b0525c) Importer(2089858483,d624ce77472d68a35037170ec1d2d27e)
Start importing Assets/Visuals/Art/Tilemap/Basic Palette.prefab using Guid(6a47884768e21fa4db9cd5e8f3b0525c) Importer(2089858483,d624ce77472d68a35037170ec1d2d27e) (ScriptedImporter) -> (artifact id: 'd4837b386e21c9761925059fa698b6b7') in 0.0160633 seconds
Number of updated asset objects reloaded before import = 0Number of asset objects unloaded after import = 10

========================================================================
Received Import Request.
  Time since last request: 6.757978 seconds.
  path: Assets/Visuals/Art/Tilemap/Basic Palette.prefab
  artifactKey: Guid(6a47884768e21fa4db9cd5e8f3b0525c) Importer(815301076,1909f56bfc062723c751e8b465ee728b)
Start importing Assets/Visuals/Art/Tilemap/Basic Palette.prefab using Guid(6a47884768e21fa4db9cd5e8f3b0525c) Importer(815301076,1909f56bfc062723c751e8b465ee728b) (PreviewImporter) -> (artifact id: '7dcd08eba55747a076b52a947c90b2f0') in 0.4957472 seconds
Number of updated asset objects reloaded before import = 0Number of asset objects unloaded after import = 372

========================================================================
Received Import Request.
  Time since last request: 29.669709 seconds.
  path: Assets/Visuals/Art/Tilemap/Basic Palette.prefab
  artifactKey: Guid(6a47884768e21fa4db9cd5e8f3b0525c) Importer(2089858483,d624ce77472d68a35037170ec1d2d27e)
Start importing Assets/Visuals/Art/Tilemap/Basic Palette.prefab using Guid(6a47884768e21fa4db9cd5e8f3b0525c) Importer(2089858483,d624ce77472d68a35037170ec1d2d27e) (ScriptedImporter) -> (artifact id: '4b39f183c0aa022c0651a426b8b2ac4b') in 0.0168775 seconds
Number of updated asset objects reloaded before import = 0Number of asset objects unloaded after import = 10

========================================================================
Received Import Request.
  Time since last request: 10.950314 seconds.
  path: Assets/Visuals/Art/TILEMAP.png
  artifactKey: Guid(3fbc3716f6ee7df448d2d7324fe95499) Importer(815301076,1909f56bfc062723c751e8b465ee728b)
Start importing Assets/Visuals/Art/TILEMAP.png using Guid(3fbc3716f6ee7df448d2d7324fe95499) Importer(815301076,1909f56bfc062723c751e8b465ee728b) (PreviewImporter) -> (artifact id: '154e272a1f7c91126ff103d470058178') in 0.0542643 seconds
Number of updated asset objects reloaded before import = 0Number of asset objects unloaded after import = 11

========================================================================
Received Import Request.
  Time since last request: 0.863517 seconds.
  path: Assets/Visuals/Art/TILEMAP.png
  artifactKey: Guid(3fbc3716f6ee7df448d2d7324fe95499) Importer(2089858483,d624ce77472d68a35037170ec1d2d27e)
Start importing Assets/Visuals/Art/TILEMAP.png using Guid(3fbc3716f6ee7df448d2d7324fe95499) Importer(2089858483,d624ce77472d68a35037170ec1d2d27e) (ScriptedImporter) -> (artifact id: '559acbc7a0f9630129708a006fd436ee') in 0.02102 seconds
Number of updated asset objects reloaded before import = 0Number of asset objects unloaded after import = 11

========================================================================
Received Import Request.
  Time since last request: 3.420755 seconds.
  path: Assets/Visuals/Art/TILEMAP.png
  artifactKey: Guid(3fbc3716f6ee7df448d2d7324fe95499) Importer(815301076,1909f56bfc062723c751e8b465ee728b)
Start importing Assets/Visuals/Art/TILEMAP.png using Guid(3fbc3716f6ee7df448d2d7324fe95499) Importer(815301076,1909f56bfc062723c751e8b465ee728b) (PreviewImporter) -> (artifact id: '15bc81c26ce5ba3cf951e77f2cb1b3a3') in 0.0507622 seconds
Number of updated asset objects reloaded before import = 0Number of asset objects unloaded after import = 11

========================================================================
Received Import Request.
  Time since last request: 0.872233 seconds.
  path: Assets/Visuals/Art/TILEMAP.png
  artifactKey: Guid(3fbc3716f6ee7df448d2d7324fe95499) Importer(2089858483,d624ce77472d68a35037170ec1d2d27e)
Start importing Assets/Visuals/Art/TILEMAP.png using Guid(3fbc3716f6ee7df448d2d7324fe95499) Importer(2089858483,d624ce77472d68a35037170ec1d2d27e) (ScriptedImporter) -> (artifact id: '0b965421575eadba8287ceab97ee7b92') in 0.0274041 seconds
Number of updated asset objects reloaded before import = 0Number of asset objects unloaded after import = 11

========================================================================
Received Import Request.
  Time since last request: 191.257218 seconds.
  path: Assets/Visuals/Art/tili/TILEMAP_6.asset
  artifactKey: Guid(8e04245cb98d36f43859c2bd39ee18e9) Importer(2089858483,d624ce77472d68a35037170ec1d2d27e)
Start importing Assets/Visuals/Art/tili/TILEMAP_6.asset using Guid(8e04245cb98d36f43859c2bd39ee18e9) Importer(2089858483,d624ce77472d68a35037170ec1d2d27e) (ScriptedImporter) -> (artifact id: '3a8457f117b14a92d5d116064ab0b33b') in 0.0387413 seconds
Number of updated asset objects reloaded before import = 0Number of asset objects unloaded after import = 2

========================================================================
Received Import Request.
  Time since last request: 0.000028 seconds.
  path: Assets/Visuals/Art/tili/TILEMAP_3.asset
  artifactKey: Guid(0468fb3ecab477944a2412a6d887933e) Importer(2089858483,d624ce77472d68a35037170ec1d2d27e)
Start importing Assets/Visuals/Art/tili/TILEMAP_3.asset using Guid(0468fb3ecab477944a2412a6d887933e) Importer(2089858483,d624ce77472d68a35037170ec1d2d27e) (ScriptedImporter) -> (artifact id: '5d49ea52d3883949cfbe761823bf4c91') in 0.0127116 seconds
Number of updated asset objects reloaded before import = 0Number of asset objects unloaded after import = 2

========================================================================
Received Import Request.
  Time since last request: 0.000044 seconds.
  path: Assets/Visuals/Art/tili/TILEMAP_0.asset
  artifactKey: Guid(a901980e9d2055e4dae8512bcb70867b) Importer(2089858483,d624ce77472d68a35037170ec1d2d27e)
Start importing Assets/Visuals/Art/tili/TILEMAP_0.asset using Guid(a901980e9d2055e4dae8512bcb70867b) Importer(2089858483,d624ce77472d68a35037170ec1d2d27e) (ScriptedImporter) -> (artifact id: '1d1fa3ecbdc3aa1ee078869d10165ef8') in 0.0179158 seconds
Number of updated asset objects reloaded before import = 0Number of asset objects unloaded after import = 2

========================================================================
Received Import Request.
  Time since last request: 0.000025 seconds.
  path: Assets/Visuals/Art/tili/TILEMAP_7.asset
  artifactKey: Guid(42379ca1eac6ebe4b9d7c5a6310ae8d2) Importer(2089858483,d624ce77472d68a35037170ec1d2d27e)
Start importing Assets/Visuals/Art/tili/TILEMAP_7.asset using Guid(42379ca1eac6ebe4b9d7c5a6310ae8d2) Importer(2089858483,d624ce77472d68a35037170ec1d2d27e) (ScriptedImporter) -> (artifact id: 'b929672fd207831b629cc4e447149aac') in 0.0158796 seconds
Number of updated asset objects reloaded before import = 0Number of asset objects unloaded after import = 2

========================================================================
Received Import Request.
  Time since last request: 0.000028 seconds.
  path: Assets/Visuals/Art/tili/TILEMAP_1.asset
  artifactKey: Guid(2b35d7a123172ed46a1561e47b3d1cbc) Importer(2089858483,d624ce77472d68a35037170ec1d2d27e)
Start importing Assets/Visuals/Art/tili/TILEMAP_1.asset using Guid(2b35d7a123172ed46a1561e47b3d1cbc) Importer(2089858483,d624ce77472d68a35037170ec1d2d27e) (ScriptedImporter) -> (artifact id: 'fee3b23794391c418955ab398e605213') in 0.0159346 seconds
Number of updated asset objects reloaded before import = 0Number of asset objects unloaded after import = 2

========================================================================
Received Import Request.
  Time since last request: 0.000027 seconds.
  path: Assets/Visuals/Art/tili/TILEMAP_5.asset
  artifactKey: Guid(5c42887537fcd2c43a727e3a3fc58121) Importer(2089858483,d624ce77472d68a35037170ec1d2d27e)
Start importing Assets/Visuals/Art/tili/TILEMAP_5.asset using Guid(5c42887537fcd2c43a727e3a3fc58121) Importer(2089858483,d624ce77472d68a35037170ec1d2d27e) (ScriptedImporter) -> (artifact id: 'dce82757efd6bccdc722358f78a0690a') in 0.0157865 seconds
Number of updated asset objects reloaded before import = 0Number of asset objects unloaded after import = 2

========================================================================
Received Import Request.
  Time since last request: 12.342609 seconds.
  path: Assets/Visuals/Art/TileMap_Lychee/wa.prefab
  artifactKey: Guid(1e0bb4e5b230b1e439dc481b201dd178) Importer(2089858483,d624ce77472d68a35037170ec1d2d27e)
Start importing Assets/Visuals/Art/TileMap_Lychee/wa.prefab using Guid(1e0bb4e5b230b1e439dc481b201dd178) Importer(2089858483,d624ce77472d68a35037170ec1d2d27e) (ScriptedImporter) -> (artifact id: 'df29d5802c1f3f3f0c8ffc03d24775c0') in 0.0152311 seconds
Number of updated asset objects reloaded before import = 0Number of asset objects unloaded after import = 10

========================================================================
Received Import Request.
  Time since last request: 92.460566 seconds.
  path: Assets/Visuals/Art/tili/ddickfish.prefab
  artifactKey: Guid(ec93ad72b5af1c94ca40fd5e53c7c60d) Importer(2089858483,d624ce77472d68a35037170ec1d2d27e)
Start importing Assets/Visuals/Art/tili/ddickfish.prefab using Guid(ec93ad72b5af1c94ca40fd5e53c7c60d) Importer(2089858483,d624ce77472d68a35037170ec1d2d27e) (ScriptedImporter) -> (artifact id: 'b448dc746eb4cce933aca8edd702058d') in 0.0186255 seconds
Number of updated asset objects reloaded before import = 0Number of asset objects unloaded after import = 10

========================================================================
Received Import Request.
  Time since last request: 10.311569 seconds.
  path: Assets/Visuals/Art/tili/ddickfish.prefab
  artifactKey: Guid(ec93ad72b5af1c94ca40fd5e53c7c60d) Importer(2089858483,d624ce77472d68a35037170ec1d2d27e)
Start importing Assets/Visuals/Art/tili/ddickfish.prefab using Guid(ec93ad72b5af1c94ca40fd5e53c7c60d) Importer(2089858483,d624ce77472d68a35037170ec1d2d27e) (ScriptedImporter) -> (artifact id: 'c043904f6acd48964d2532684215a30b') in 0.0168839 seconds
Number of updated asset objects reloaded before import = 0Number of asset objects unloaded after import = 10

========================================================================
Received Import Request.
  Time since last request: 287.726173 seconds.
  path: Assets/Visuals/Art/tili/ddickfish.prefab
  artifactKey: Guid(ec93ad72b5af1c94ca40fd5e53c7c60d) Importer(2089858483,d624ce77472d68a35037170ec1d2d27e)
Start importing Assets/Visuals/Art/tili/ddickfish.prefab using Guid(ec93ad72b5af1c94ca40fd5e53c7c60d) Importer(2089858483,d624ce77472d68a35037170ec1d2d27e) (ScriptedImporter) -> (artifact id: '258af43f7aa66d35e7365f1bbe3b9a2a') in 0.0161924 seconds
Number of updated asset objects reloaded before import = 0Number of asset objects unloaded after import = 10

========================================================================
Received Import Request.
  Time since last request: 1543.134442 seconds.
  path: Assets/Visuals/Art/IMG_1966.PNG
  artifactKey: Guid(416624b5439c88245bed0d201166824d) Importer(815301076,1909f56bfc062723c751e8b465ee728b)
Start importing Assets/Visuals/Art/IMG_1966.PNG using Guid(416624b5439c88245bed0d201166824d) Importer(815301076,1909f56bfc062723c751e8b465ee728b) (PreviewImporter) -> (artifact id: '515c7e37f94ab7550afacaa4f51a0c1b') in 0.0234476 seconds
Number of updated asset objects reloaded before import = 0Number of asset objects unloaded after import = 3

========================================================================
Received Import Request.
  Time since last request: 0.828145 seconds.
  path: Assets/Visuals/Art/IMG_1966.PNG
  artifactKey: Guid(416624b5439c88245bed0d201166824d) Importer(2089858483,d624ce77472d68a35037170ec1d2d27e)
Start importing Assets/Visuals/Art/IMG_1966.PNG using Guid(416624b5439c88245bed0d201166824d) Importer(2089858483,d624ce77472d68a35037170ec1d2d27e) (ScriptedImporter) -> (artifact id: 'a90d001f0643c1ea9784a9952cfd50b4') in 0.0164034 seconds
Number of updated asset objects reloaded before import = 0Number of asset objects unloaded after import = 3

========================================================================
Received Import Request.
  Time since last request: 3148.942968 seconds.
  path: Assets/Visuals/Art/TestBG00.png
  artifactKey: Guid(de7090f7e60fd95488e43ee290ef3ff0) Importer(815301076,1909f56bfc062723c751e8b465ee728b)
Start importing Assets/Visuals/Art/TestBG00.png using Guid(de7090f7e60fd95488e43ee290ef3ff0) Importer(815301076,1909f56bfc062723c751e8b465ee728b) (PreviewImporter) -> (artifact id: 'd00f7268380291c559cb583f552c3cfb') in 0.06871 seconds
Number of updated asset objects reloaded before import = 0Number of asset objects unloaded after import = 3

========================================================================
Received Import Request.
  Time since last request: 0.801467 seconds.
  path: Assets/Visuals/Art/TestBG00.png
  artifactKey: Guid(de7090f7e60fd95488e43ee290ef3ff0) Importer(2089858483,d624ce77472d68a35037170ec1d2d27e)
Start importing Assets/Visuals/Art/TestBG00.png using Guid(de7090f7e60fd95488e43ee290ef3ff0) Importer(2089858483,d624ce77472d68a35037170ec1d2d27e) (ScriptedImporter) -> (artifact id: '5eacf34f422954a96ea062d8b80f0df0') in 0.043582 seconds
Number of updated asset objects reloaded before import = 0Number of asset objects unloaded after import = 3

========================================================================
Received Import Request.
  Time since last request: 81.402858 seconds.
  path: Assets/_Recovery/0 (1).unity
  artifactKey: Guid(25f89b3a1de06574ba41901dd3e3b11a) Importer(2089858483,d624ce77472d68a35037170ec1d2d27e)
Start importing Assets/_Recovery/0 (1).unity using Guid(25f89b3a1de06574ba41901dd3e3b11a) Importer(2089858483,d624ce77472d68a35037170ec1d2d27e) (ScriptedImporter) -> (artifact id: 'c3c89e8481646b47e63fa8d8a3c33a4f') in 0.0300753 seconds
Number of updated asset objects reloaded before import = 0Number of asset objects unloaded after import = 1

========================================================================
Received Import Request.
  Time since last request: 2378.228504 seconds.
  path: Assets/Visuals/Art/Tilemap2.png
  artifactKey: Guid(54aa8dc7bfeab114b9c53d7b3b9c0703) Importer(815301076,1909f56bfc062723c751e8b465ee728b)
Start importing Assets/Visuals/Art/Tilemap2.png using Guid(54aa8dc7bfeab114b9c53d7b3b9c0703) Importer(815301076,1909f56bfc062723c751e8b465ee728b) (PreviewImporter) -> (artifact id: '67cbc84f9c86d364c80979590a1a8a3b') in 0.1084045 seconds
Number of updated asset objects reloaded before import = 0Number of asset objects unloaded after import = 4

========================================================================
Received Import Request.
  Time since last request: 0.680786 seconds.
  path: Assets/Visuals/Art/Tilemap2.png
  artifactKey: Guid(54aa8dc7bfeab114b9c53d7b3b9c0703) Importer(2089858483,d624ce77472d68a35037170ec1d2d27e)
Start importing Assets/Visuals/Art/Tilemap2.png using Guid(54aa8dc7bfeab114b9c53d7b3b9c0703) Importer(2089858483,d624ce77472d68a35037170ec1d2d27e) (ScriptedImporter) -> (artifact id: '7fe8d95be16811a355f37c846b0977a6') in 0.0582942 seconds
Number of updated asset objects reloaded before import = 0Number of asset objects unloaded after import = 4

========================================================================
Received Import Request.
  Time since last request: 21.547739 seconds.
  path: Assets/Visuals/Art/Tilemap2.png
  artifactKey: Guid(54aa8dc7bfeab114b9c53d7b3b9c0703) Importer(815301076,1909f56bfc062723c751e8b465ee728b)
Start importing Assets/Visuals/Art/Tilemap2.png using Guid(54aa8dc7bfeab114b9c53d7b3b9c0703) Importer(815301076,1909f56bfc062723c751e8b465ee728b) (PreviewImporter) -> (artifact id: '3a1c043d6f5e84d5f7b340c44d03ed75') in 0.0426497 seconds
Number of updated asset objects reloaded before import = 0Number of asset objects unloaded after import = 4

========================================================================
Received Import Request.
  Time since last request: 0.793355 seconds.
  path: Assets/Visuals/Art/Tilemap2.png
  artifactKey: Guid(54aa8dc7bfeab114b9c53d7b3b9c0703) Importer(2089858483,d624ce77472d68a35037170ec1d2d27e)
Start importing Assets/Visuals/Art/Tilemap2.png using Guid(54aa8dc7bfeab114b9c53d7b3b9c0703) Importer(2089858483,d624ce77472d68a35037170ec1d2d27e) (ScriptedImporter) -> (artifact id: '12f1f8cc34514654626fd302cbd585f8') in 0.0272751 seconds
Number of updated asset objects reloaded before import = 0Number of asset objects unloaded after import = 4

========================================================================
Received Import Request.
  Time since last request: 9.600708 seconds.
  path: Assets/Visuals/Art/Tilemap2.png
  artifactKey: Guid(54aa8dc7bfeab114b9c53d7b3b9c0703) Importer(815301076,1909f56bfc062723c751e8b465ee728b)
Start importing Assets/Visuals/Art/Tilemap2.png using Guid(54aa8dc7bfeab114b9c53d7b3b9c0703) Importer(815301076,1909f56bfc062723c751e8b465ee728b) (PreviewImporter) -> (artifact id: '0f4b0b9f5a881c0a30584491f77a9577') in 0.1101787 seconds
Number of updated asset objects reloaded before import = 0Number of asset objects unloaded after import = 14

========================================================================
Received Import Request.
  Time since last request: 0.737069 seconds.
  path: Assets/Visuals/Art/Tilemap2.png
  artifactKey: Guid(54aa8dc7bfeab114b9c53d7b3b9c0703) Importer(2089858483,d624ce77472d68a35037170ec1d2d27e)
Start importing Assets/Visuals/Art/Tilemap2.png using Guid(54aa8dc7bfeab114b9c53d7b3b9c0703) Importer(2089858483,d624ce77472d68a35037170ec1d2d27e) (ScriptedImporter) -> (artifact id: 'ed1180633b33d8830da84faaa3212705') in 0.034563 seconds
Number of updated asset objects reloaded before import = 0Number of asset objects unloaded after import = 14

========================================================================
Received Import Request.
  Time since last request: 13.287041 seconds.
  path: Assets/Visuals/Art/tili/Tilemap2_6.asset
  artifactKey: Guid(0da8104775cc3d240bf3bd8b198f98a9) Importer(2089858483,d624ce77472d68a35037170ec1d2d27e)
Start importing Assets/Visuals/Art/tili/Tilemap2_6.asset using Guid(0da8104775cc3d240bf3bd8b198f98a9) Importer(2089858483,d624ce77472d68a35037170ec1d2d27e) (ScriptedImporter) -> (artifact id: '7b3af1fd5a8cc2a573b9b9de12166f32') in 0.0486933 seconds
Number of updated asset objects reloaded before import = 0Number of asset objects unloaded after import = 2

========================================================================
Received Import Request.
  Time since last request: 0.000037 seconds.
  path: Assets/Visuals/Art/tili/Tilemap2_8.asset
  artifactKey: Guid(61792ec52cde4754bb3fdb47ca8d47b8) Importer(2089858483,d624ce77472d68a35037170ec1d2d27e)
Start importing Assets/Visuals/Art/tili/Tilemap2_8.asset using Guid(61792ec52cde4754bb3fdb47ca8d47b8) Importer(2089858483,d624ce77472d68a35037170ec1d2d27e) (ScriptedImporter) -> (artifact id: '12f4c1b9efa03e52e1ee3566635d8851') in 0.0167967 seconds
Number of updated asset objects reloaded before import = 0Number of asset objects unloaded after import = 2

========================================================================
Received Import Request.
  Time since last request: 0.000036 seconds.
  path: Assets/Visuals/Art/tili/Tilemap2_9.asset
  artifactKey: Guid(5a9eca35736a0914ea2fa4245743a8c4) Importer(2089858483,d624ce77472d68a35037170ec1d2d27e)
Start importing Assets/Visuals/Art/tili/Tilemap2_9.asset using Guid(5a9eca35736a0914ea2fa4245743a8c4) Importer(2089858483,d624ce77472d68a35037170ec1d2d27e) (ScriptedImporter) -> (artifact id: 'c0769827f961a7e8ed38a6624ca0bed3') in 0.0159187 seconds
Number of updated asset objects reloaded before import = 0Number of asset objects unloaded after import = 2

========================================================================
Received Import Request.
  Time since last request: 0.000051 seconds.
  path: Assets/Visuals/Art/tili/Tilemap2_7.asset
  artifactKey: Guid(6e2d738844ef62446ab1aee0e3526cba) Importer(2089858483,d624ce77472d68a35037170ec1d2d27e)
Start importing Assets/Visuals/Art/tili/Tilemap2_7.asset using Guid(6e2d738844ef62446ab1aee0e3526cba) Importer(2089858483,d624ce77472d68a35037170ec1d2d27e) (ScriptedImporter) -> (artifact id: '42f4c9bce9ee4865215c0fc9c25d2665') in 0.0223196 seconds
Number of updated asset objects reloaded before import = 0Number of asset objects unloaded after import = 2

========================================================================
Received Import Request.
  Time since last request: 0.000035 seconds.
  path: Assets/Visuals/Art/tili/ddickfish.prefab
  artifactKey: Guid(ec93ad72b5af1c94ca40fd5e53c7c60d) Importer(2089858483,d624ce77472d68a35037170ec1d2d27e)
Start importing Assets/Visuals/Art/tili/ddickfish.prefab using Guid(ec93ad72b5af1c94ca40fd5e53c7c60d) Importer(2089858483,d624ce77472d68a35037170ec1d2d27e) (ScriptedImporter) -> (artifact id: 'd201d75356b611cdb400d7fdbe61846d') in 0.0229765 seconds
Number of updated asset objects reloaded before import = 0Number of asset objects unloaded after import = 10

========================================================================
Received Import Request.
  Time since last request: 0.000026 seconds.
  path: Assets/Visuals/Art/tili/Tilemap2_10.asset
  artifactKey: Guid(4b710f9e330785f4583116dd00294c6c) Importer(2089858483,d624ce77472d68a35037170ec1d2d27e)
Start importing Assets/Visuals/Art/tili/Tilemap2_10.asset using Guid(4b710f9e330785f4583116dd00294c6c) Importer(2089858483,d624ce77472d68a35037170ec1d2d27e) (ScriptedImporter) -> (artifact id: 'db587153e53f297084cc788b3010238f') in 0.0185648 seconds
Number of updated asset objects reloaded before import = 0Number of asset objects unloaded after import = 2

========================================================================
Received Import Request.
  Time since last request: 0.000030 seconds.
  path: Assets/Visuals/Art/tili/Tilemap2_3.asset
  artifactKey: Guid(5e12579b86590c14fb3d3616c034553a) Importer(2089858483,d624ce77472d68a35037170ec1d2d27e)
Start importing Assets/Visuals/Art/tili/Tilemap2_3.asset using Guid(5e12579b86590c14fb3d3616c034553a) Importer(2089858483,d624ce77472d68a35037170ec1d2d27e) (ScriptedImporter) -> (artifact id: '7a5914f27c1336579327bd0b31c86e17') in 0.0187435 seconds
Number of updated asset objects reloaded before import = 0Number of asset objects unloaded after import = 2

========================================================================
Received Import Request.
  Time since last request: 0.000036 seconds.
  path: Assets/Visuals/Art/tili/Tilemap2_0.asset
  artifactKey: Guid(3ce27bddfeaf6a04880754d9d4325d20) Importer(2089858483,d624ce77472d68a35037170ec1d2d27e)
Start importing Assets/Visuals/Art/tili/Tilemap2_0.asset using Guid(3ce27bddfeaf6a04880754d9d4325d20) Importer(2089858483,d624ce77472d68a35037170ec1d2d27e) (ScriptedImporter) -> (artifact id: '1d11f0595b781197e2fad1d522a2ce23') in 0.0161594 seconds
Number of updated asset objects reloaded before import = 0Number of asset objects unloaded after import = 2

========================================================================
Received Import Request.
  Time since last request: 0.000027 seconds.
  path: Assets/Visuals/Art/tili/Tilemap2_5.asset
  artifactKey: Guid(da3d54270423259408cbf6153fa07bb1) Importer(2089858483,d624ce77472d68a35037170ec1d2d27e)
Start importing Assets/Visuals/Art/tili/Tilemap2_5.asset using Guid(da3d54270423259408cbf6153fa07bb1) Importer(2089858483,d624ce77472d68a35037170ec1d2d27e) (ScriptedImporter) -> (artifact id: 'ad620d5b89456eb83c7050eb652f33e6') in 0.0168777 seconds
Number of updated asset objects reloaded before import = 0Number of asset objects unloaded after import = 2

========================================================================
Received Import Request.
  Time since last request: 0.000034 seconds.
  path: Assets/Visuals/Art/tili/Tilemap2_4.asset
  artifactKey: Guid(6c2e4696e440b5241a2a93ed9d357fd5) Importer(2089858483,d624ce77472d68a35037170ec1d2d27e)
Start importing Assets/Visuals/Art/tili/Tilemap2_4.asset using Guid(6c2e4696e440b5241a2a93ed9d357fd5) Importer(2089858483,d624ce77472d68a35037170ec1d2d27e) (ScriptedImporter) -> (artifact id: '07ae98c4631de2d62c0008d4defab936') in 0.0346373 seconds
Number of updated asset objects reloaded before import = 0Number of asset objects unloaded after import = 2

========================================================================
Received Import Request.
  Time since last request: 0.000029 seconds.
  path: Assets/Visuals/Art/tili/Tilemap2_2.asset
  artifactKey: Guid(9e7c33450b1ce4149a6528cd29aa761c) Importer(2089858483,d624ce77472d68a35037170ec1d2d27e)
Start importing Assets/Visuals/Art/tili/Tilemap2_2.asset using Guid(9e7c33450b1ce4149a6528cd29aa761c) Importer(2089858483,d624ce77472d68a35037170ec1d2d27e) (ScriptedImporter) -> (artifact id: '8c571ddbacc3f371d76dec28fc48b181') in 0.0201408 seconds
Number of updated asset objects reloaded before import = 0Number of asset objects unloaded after import = 2

========================================================================
Received Import Request.
  Time since last request: 0.000040 seconds.
  path: Assets/Visuals/Art/tili/Tilemap2_11.asset
  artifactKey: Guid(e6147ae7b7b3210439d663403932bdc1) Importer(2089858483,d624ce77472d68a35037170ec1d2d27e)
Start importing Assets/Visuals/Art/tili/Tilemap2_11.asset using Guid(e6147ae7b7b3210439d663403932bdc1) Importer(2089858483,d624ce77472d68a35037170ec1d2d27e) (ScriptedImporter) -> (artifact id: '46d2e6ae1f6eba2cca43c738135562b1') in 0.0161147 seconds
Number of updated asset objects reloaded before import = 0Number of asset objects unloaded after import = 2

========================================================================
Received Import Request.
  Time since last request: 10.806886 seconds.
  path: Assets/Visuals/Art/tili/ddickfish.prefab
  artifactKey: Guid(ec93ad72b5af1c94ca40fd5e53c7c60d) Importer(2089858483,d624ce77472d68a35037170ec1d2d27e)
Start importing Assets/Visuals/Art/tili/ddickfish.prefab using Guid(ec93ad72b5af1c94ca40fd5e53c7c60d) Importer(2089858483,d624ce77472d68a35037170ec1d2d27e) (ScriptedImporter) -> (artifact id: '76ea33bbbb4c42ceec877103d5957800') in 0.0190964 seconds
Number of updated asset objects reloaded before import = 0Number of asset objects unloaded after import = 10

========================================================================
Received Import Request.
  Time since last request: 1352.852000 seconds.
  path: Assets/Visuals/Art/TileMap_JJ.png
  artifactKey: Guid(ec4bc2b7ca7c3994e983cbde8aad4802) Importer(815301076,1909f56bfc062723c751e8b465ee728b)
Start importing Assets/Visuals/Art/TileMap_JJ.png using Guid(ec4bc2b7ca7c3994e983cbde8aad4802) Importer(815301076,1909f56bfc062723c751e8b465ee728b) (PreviewImporter) -> (artifact id: '4473486b240d33c7970b2dce83893339') in 0.0577376 seconds
Number of updated asset objects reloaded before import = 0Number of asset objects unloaded after import = 5

========================================================================
Received Import Request.
  Time since last request: 0.000034 seconds.
  path: Assets/Visuals/Art/TileMap_JJ.png
  artifactKey: Guid(ec4bc2b7ca7c3994e983cbde8aad4802) Importer(2089858483,d624ce77472d68a35037170ec1d2d27e)
Start importing Assets/Visuals/Art/TileMap_JJ.png using Guid(ec4bc2b7ca7c3994e983cbde8aad4802) Importer(2089858483,d624ce77472d68a35037170ec1d2d27e) (ScriptedImporter) -> (artifact id: 'f9048cc0aba93bbec9c79c7f3d46fc40') in 0.0212889 seconds
Number of updated asset objects reloaded before import = 0Number of asset objects unloaded after import = 5

========================================================================
Received Import Request.
  Time since last request: 13.229446 seconds.
  path: Assets/Visuals/Art/TileMap_JJ.png
  artifactKey: Guid(ec4bc2b7ca7c3994e983cbde8aad4802) Importer(815301076,1909f56bfc062723c751e8b465ee728b)
Start importing Assets/Visuals/Art/TileMap_JJ.png using Guid(ec4bc2b7ca7c3994e983cbde8aad4802) Importer(815301076,1909f56bfc062723c751e8b465ee728b) (PreviewImporter) -> (artifact id: '49cc44298acd22c5ecf16a99e8e08476') in 0.0414907 seconds
Number of updated asset objects reloaded before import = 0Number of asset objects unloaded after import = 5

========================================================================
Received Import Request.
  Time since last request: 0.876877 seconds.
  path: Assets/Visuals/Art/TileMap_JJ.png
  artifactKey: Guid(ec4bc2b7ca7c3994e983cbde8aad4802) Importer(2089858483,d624ce77472d68a35037170ec1d2d27e)
Start importing Assets/Visuals/Art/TileMap_JJ.png using Guid(ec4bc2b7ca7c3994e983cbde8aad4802) Importer(2089858483,d624ce77472d68a35037170ec1d2d27e) (ScriptedImporter) -> (artifact id: '06b4d839eebac707a92bdacb4e0818bb') in 0.0293846 seconds
Number of updated asset objects reloaded before import = 0Number of asset objects unloaded after import = 5

========================================================================
Received Import Request.
  Time since last request: 6.433391 seconds.
  path: Assets/Visuals/Art/TileMap_JJ.png
  artifactKey: Guid(ec4bc2b7ca7c3994e983cbde8aad4802) Importer(815301076,1909f56bfc062723c751e8b465ee728b)
Start importing Assets/Visuals/Art/TileMap_JJ.png using Guid(ec4bc2b7ca7c3994e983cbde8aad4802) Importer(815301076,1909f56bfc062723c751e8b465ee728b) (PreviewImporter) -> (artifact id: '8f7f2c3c20787765051b6f4ac951c377') in 0.1117844 seconds
Number of updated asset objects reloaded before import = 0Number of asset objects unloaded after import = 17

========================================================================
Received Import Request.
  Time since last request: 0.750349 seconds.
  path: Assets/Visuals/Art/TileMap_JJ.png
  artifactKey: Guid(ec4bc2b7ca7c3994e983cbde8aad4802) Importer(2089858483,d624ce77472d68a35037170ec1d2d27e)
Start importing Assets/Visuals/Art/TileMap_JJ.png using Guid(ec4bc2b7ca7c3994e983cbde8aad4802) Importer(2089858483,d624ce77472d68a35037170ec1d2d27e) (ScriptedImporter) -> (artifact id: '4aacf95d6834d942f0d42208e040eb01') in 0.030857 seconds
Number of updated asset objects reloaded before import = 0Number of asset objects unloaded after import = 17

========================================================================
Received Import Request.
  Time since last request: 11.034089 seconds.
  path: Assets/Visuals/Art/tili/ddickfish.prefab
  artifactKey: Guid(ec93ad72b5af1c94ca40fd5e53c7c60d) Importer(2089858483,d624ce77472d68a35037170ec1d2d27e)
Start importing Assets/Visuals/Art/tili/ddickfish.prefab using Guid(ec93ad72b5af1c94ca40fd5e53c7c60d) Importer(2089858483,d624ce77472d68a35037170ec1d2d27e) (ScriptedImporter) -> (artifact id: '5e0366ec4315ab7f1be72dfaf4233094') in 0.0169014 seconds
Number of updated asset objects reloaded before import = 0Number of asset objects unloaded after import = 10

========================================================================
Received Import Request.
  Time since last request: 4.897856 seconds.
  path: Assets/Visuals/Art/tili/TileMap_JJ_1.asset
  artifactKey: Guid(b967f98c887fad847b481fa4b9a927e7) Importer(2089858483,d624ce77472d68a35037170ec1d2d27e)
Start importing Assets/Visuals/Art/tili/TileMap_JJ_1.asset using Guid(b967f98c887fad847b481fa4b9a927e7) Importer(2089858483,d624ce77472d68a35037170ec1d2d27e) (ScriptedImporter) -> (artifact id: 'cd8e17d9f43203745b7be00a7c67856d') in 0.0146647 seconds
Number of updated asset objects reloaded before import = 0Number of asset objects unloaded after import = 2

========================================================================
Received Import Request.
  Time since last request: 0.088920 seconds.
  path: Assets/Visuals/Art/tili/TileMap_JJ_9.asset
  artifactKey: Guid(1ae2a1f3b172b174998e0135cfc1e2eb) Importer(2089858483,d624ce77472d68a35037170ec1d2d27e)
Start importing Assets/Visuals/Art/tili/TileMap_JJ_9.asset using Guid(1ae2a1f3b172b174998e0135cfc1e2eb) Importer(2089858483,d624ce77472d68a35037170ec1d2d27e) (ScriptedImporter) -> (artifact id: 'a9d6a64222ee64af3282999a49dca58a') in 0.0160909 seconds
Number of updated asset objects reloaded before import = 0Number of asset objects unloaded after import = 2

========================================================================
Received Import Request.
  Time since last request: 0.000030 seconds.
  path: Assets/Visuals/Art/tili/TileMap_JJ_13.asset
  artifactKey: Guid(4f080c4b81983544899781aa8a111fed) Importer(2089858483,d624ce77472d68a35037170ec1d2d27e)
Start importing Assets/Visuals/Art/tili/TileMap_JJ_13.asset using Guid(4f080c4b81983544899781aa8a111fed) Importer(2089858483,d624ce77472d68a35037170ec1d2d27e) (ScriptedImporter) -> (artifact id: '1dfb01f346fdc2d78748ba0b6968e50a') in 0.0163587 seconds
Number of updated asset objects reloaded before import = 0Number of asset objects unloaded after import = 2

========================================================================
Received Import Request.
  Time since last request: 0.000026 seconds.
  path: Assets/Visuals/Art/tili/TileMap_JJ_4.asset
  artifactKey: Guid(790588351c15f8d429ae2fad76f0f542) Importer(2089858483,d624ce77472d68a35037170ec1d2d27e)
Start importing Assets/Visuals/Art/tili/TileMap_JJ_4.asset using Guid(790588351c15f8d429ae2fad76f0f542) Importer(2089858483,d624ce77472d68a35037170ec1d2d27e) (ScriptedImporter) -> (artifact id: 'b5ad43565467703d1533964e47bfdc49') in 0.0159125 seconds
Number of updated asset objects reloaded before import = 0Number of asset objects unloaded after import = 2

========================================================================
Received Import Request.
  Time since last request: 0.000036 seconds.
  path: Assets/Visuals/Art/tili/TileMap_JJ_7.asset
  artifactKey: Guid(9e7c45c039b54004e8fb56878188aafc) Importer(2089858483,d624ce77472d68a35037170ec1d2d27e)
Start importing Assets/Visuals/Art/tili/TileMap_JJ_7.asset using Guid(9e7c45c039b54004e8fb56878188aafc) Importer(2089858483,d624ce77472d68a35037170ec1d2d27e) (ScriptedImporter) -> (artifact id: '4e2466b1e9ddc9dd78a49390234dafae') in 0.0158607 seconds
Number of updated asset objects reloaded before import = 0Number of asset objects unloaded after import = 2

========================================================================
Received Import Request.
  Time since last request: 0.000035 seconds.
  path: Assets/Visuals/Art/tili/TileMap_JJ_6.asset
  artifactKey: Guid(686a7fa3d50a9b44e8ab7a24dd4ba42c) Importer(2089858483,d624ce77472d68a35037170ec1d2d27e)
Start importing Assets/Visuals/Art/tili/TileMap_JJ_6.asset using Guid(686a7fa3d50a9b44e8ab7a24dd4ba42c) Importer(2089858483,d624ce77472d68a35037170ec1d2d27e) (ScriptedImporter) -> (artifact id: 'd1317f87f0905c975d6d37be691cefed') in 0.0179661 seconds
Number of updated asset objects reloaded before import = 0Number of asset objects unloaded after import = 2

========================================================================
Received Import Request.
  Time since last request: 0.000030 seconds.
  path: Assets/Visuals/Art/tili/TileMap_JJ_10.asset
  artifactKey: Guid(7913e3c52bdceff459e11d3b5233c4fe) Importer(2089858483,d624ce77472d68a35037170ec1d2d27e)
Start importing Assets/Visuals/Art/tili/TileMap_JJ_10.asset using Guid(7913e3c52bdceff459e11d3b5233c4fe) Importer(2089858483,d624ce77472d68a35037170ec1d2d27e) (ScriptedImporter) -> (artifact id: '02a708f5182904b6b073966384f107db') in 0.0164972 seconds
Number of updated asset objects reloaded before import = 0Number of asset objects unloaded after import = 2

========================================================================
Received Import Request.
  Time since last request: 0.000042 seconds.
  path: Assets/Visuals/Art/tili/TileMap_JJ_12.asset
  artifactKey: Guid(dea60436a65c5c840ab08059994099a0) Importer(2089858483,d624ce77472d68a35037170ec1d2d27e)
Start importing Assets/Visuals/Art/tili/TileMap_JJ_12.asset using Guid(dea60436a65c5c840ab08059994099a0) Importer(2089858483,d624ce77472d68a35037170ec1d2d27e) (ScriptedImporter) -> (artifact id: '3ac893b3978bc703c91551357cf2a549') in 0.0181584 seconds
Number of updated asset objects reloaded before import = 0Number of asset objects unloaded after import = 2

========================================================================
Received Import Request.
  Time since last request: 13.529432 seconds.
  path: Assets/Visuals/Art/tili/ddickfish.prefab
  artifactKey: Guid(ec93ad72b5af1c94ca40fd5e53c7c60d) Importer(2089858483,d624ce77472d68a35037170ec1d2d27e)
Start importing Assets/Visuals/Art/tili/ddickfish.prefab using Guid(ec93ad72b5af1c94ca40fd5e53c7c60d) Importer(2089858483,d624ce77472d68a35037170ec1d2d27e) (ScriptedImporter) -> (artifact id: '1ff80c461b973c92d78c35b72e5c0170') in 0.0201018 seconds
Number of updated asset objects reloaded before import = 0Number of asset objects unloaded after import = 10

Editor requested this worker to shutdown with reason: Scaling down because of idle timeout
AssetImportWorker is now disconnected from the server
Process exiting
Exiting without the bug reporter. Application will terminate with return code 0