[Licensing::Module] Trying to connect to existing licensing client channel...
Built from '6000.3/staging' branch; Version is '6000.3.8f1 (1c7db571dde0) revision 1867189'; Using compiler version '194234433'; Build Type 'Release'
OS: 'Windows 11  (10.0.26200) Core' Language: 'en' Physical Memory: 32097 MB
[Licensing::IpcConnector] Successfully connected to: "LicenseClient-lisab" at "2026-06-23T11:14:07.9813405Z"
BatchMode: 1, IsHumanControllingUs: 0, StartBugReporterOnCrash: 0, Is64bit: 1
System  architecture: x64
Process architecture: x64
Date: 2026-06-23T11:14:07Z
[Licensing::Client] Code 10 while verifying Licensing Client signature (process Id: 42024, path: "C:/Program Files/Unity Hub/UnityLicensingClient_V1/Unity.Licensing.Client.exe")
[Licensing::Module] LicensingClient has failed validation; ignoring
[Licensing::Client] Error: Unexpected message Type: ApiErrorResponse, expected: HandshakeResponse

COMMAND LINE ARGUMENTS:
C:\Program Files\Unity\Hub\Editor\6000.3.8f1\Editor\Unity.exe
-adb2
-batchMode
-noUpm
-name
AssetImportWorker9
-projectPath
C:/Users/lisab/Desktop/FH/Semesterprojekt II/UnityProject/platformer-movement
-logFile
Logs/AssetImportWorker9.log
-srvPort
55373
-licensingIpc
LicenseClient-lisab
-job-worker-count
7
-background-job-worker-count
8
-gc-helper-count
1
-name
AssetImport
Successfully changed project path to: C:/Users/lisab/Desktop/FH/Semesterprojekt II/UnityProject/platformer-movement
C:/Users/lisab/Desktop/FH/Semesterprojekt II/UnityProject/platformer-movement
[UnityMemory] Configuration Parameters - Can be set up in boot.config
    "memorysetup-temp-allocator-size-nav-mesh-worker=65536"
    "memorysetup-temp-allocator-size-audio-worker=65536"
    "memorysetup-temp-allocator-size-gfx=262144"
    "memorysetup-allocator-temp-initial-block-size-main=262144"
    "memorysetup-allocator-temp-initial-block-size-worker=262144"
    "memorysetup-temp-allocator-size-background-worker=32768"
    "memorysetup-temp-allocator-size-job-worker=262144"
    "memorysetup-temp-allocator-size-preload-manager=33554432"
    "memorysetup-temp-allocator-size-gi-baking-worker=262144"
    "memorysetup-temp-allocator-size-gi-baking-worker=262144"
    "memorysetup-temp-allocator-size-gi-baking-worker=262144"
    "memorysetup-temp-allocator-size-gi-baking-worker=262144"
    "memorysetup-temp-allocator-size-gi-baking-worker=262144"
    "memorysetup-bucket-allocator-granularity=16"
    "memorysetup-bucket-allocator-bucket-count=8"
    "memorysetup-bucket-allocator-block-size=33554432"
    "memorysetup-bucket-allocator-block-count=8"
    "memorysetup-main-allocator-block-size=16777216"
    "memorysetup-thread-allocator-block-size=16777216"
    "memorysetup-gfx-main-allocator-block-size=16777216"
    "memorysetup-gfx-thread-allocator-block-size=16777216"
    "memorysetup-cache-allocator-block-size=4194304"
    "memorysetup-typetree-allocator-block-size=2097152"
    "memorysetup-profiler-bucket-allocator-granularity=16"
    "memorysetup-profiler-bucket-allocator-bucket-count=8"
    "memorysetup-profiler-bucket-allocator-block-size=33554432"
    "memorysetup-profiler-bucket-allocator-block-count=8"
    "memorysetup-profiler-allocator-block-size=16777216"
    "memorysetup-profiler-editor-allocator-block-size=1048576"
    "memorysetup-temp-allocator-size-main=16777216"
    "memorysetup-job-temp-allocator-block-size=2097152"
    "memorysetup-job-temp-allocator-block-size-background=1048576"
    "memorysetup-job-temp-allocator-reduction-small-platforms=262144"
    "memorysetup-temp-allocator-size-cloud-worker=32768"
Player connection [47072]  Target information:

Player connection [47072]  * "[IP] 192.168.0.45 [Port] 0 [Flags] 2 [Guid] 2575976304 [EditorId] 2575976304 [Version] 1048832 [Id] WindowsEditor(7,LAPTOP-K33LQTEE) [Debug] 1 [PackageName] WindowsEditor [ProjectName] Editor" 

Player connection [47072] Host joined multi-casting on [225.0.0.222:54997]...
Player connection [47072] Host joined alternative multi-casting on [225.0.0.222:34997]...
JobSystem: Creating JobQueue using job-worker-count value 7
Input System module state changed to: Initialized.
[Physics::Module] Initialized fallback backend.
[Physics::Module] Id: 0xdecafbad
Library Redirect Path: Library/
[Physics::Module] Selected backend.
[Physics::Module] Name: PhysX
[Physics::Module] Id: 0xf2b8ea05
[Physics::Module] SDK Version: 4.1.2
[Physics::Module] Integration Version: 1.0.0
[Physics::Module] Threading Mode: Multi-Threaded
Refreshing native plugins compatible for Editor in 82.50 ms, found 3 plugins.
Preloading 0 native plugins for Editor in 0.00 ms.
Initialize engine version: 6000.3.8f1 (1c7db571dde0)
[Subsystems] Discovering subsystems at path C:/Program Files/Unity/Hub/Editor/6000.3.8f1/Editor/Data/Resources/UnitySubsystems
[Subsystems] Discovering subsystems at path C:/Users/lisab/Desktop/FH/Semesterprojekt II/UnityProject/platformer-movement/Assets
GfxDevice: creating device client; kGfxThreadingModeNonThreaded
Direct3D:
    Version:  Direct3D 11.0 [level 11.1]
    Renderer: NVIDIA GeForce RTX 3060 Laptop GPU (ID=0x2520)
    Vendor:   NVIDIA
    VRAM:     5996 MB
    Driver:   32.0.15.8183
Initialize mono
Mono path[0] = 'C:/Program Files/Unity/Hub/Editor/6000.3.8f1/Editor/Data/Managed'
Mono path[1] = 'C:/Program Files/Unity/Hub/Editor/6000.3.8f1/Editor/Data/MonoBleedingEdge/lib/mono/unityjit-win32'
Mono config path = 'C:/Program Files/Unity/Hub/Editor/6000.3.8f1/Editor/Data/MonoBleedingEdge/etc'
Using monoOptions --debugger-agent=transport=dt_socket,embedding=1,server=y,suspend=n,address=127.0.0.1:56608
Begin MonoManager ReloadAssembly
Registering precompiled unity dll's ...
Register platform support module: C:/Program Files/Unity/Hub/Editor/6000.3.8f1/Editor/Data/PlaybackEngines/WindowsStandaloneSupport/UnityEditor.WindowsStandalone.Extensions.dll
Registered in 0.181831 seconds.
- Loaded All Assemblies, in 15.780 seconds
Native extension for WindowsStandalone target not found
ScheduleIndexationOnStartup MainProcess:False IndexOnStartup:True
Mono: successfully reloaded assembly
- Finished resetting the current domain, in  0.585 seconds
Domain Reload Profiling: 16361ms
	BeginReloadAssembly (13225ms)
		ExecutionOrderSort (0ms)
		DisableScriptedObjects (0ms)
		BackupInstance (0ms)
		ReleaseScriptingObjects (0ms)
		CreateAndSetChildDomain (1ms)
	RebuildCommonClasses (630ms)
	RebuildNativeTypeToScriptingClass (16ms)
	initialDomainReloadingComplete (237ms)
	LoadAllAssembliesAndSetupDomain (1667ms)
		LoadAssemblies (13220ms)
		RebuildTransferFunctionScriptingTraits (0ms)
		AnalyzeDomain (1663ms)
			TypeCache.Refresh (1661ms)
				TypeCache.ScanAssembly (1245ms)
			BuildScriptInfoCaches (0ms)
			ResolveRequiredComponents (0ms)
	FinalizeReload (586ms)
		ReleaseScriptCaches (0ms)
		RebuildScriptCaches (0ms)
		SetupLoadedEditorAssemblies (541ms)
			LogAssemblyErrors (0ms)
			InitializePlatformSupportModulesInManaged (53ms)
			SetLoadedEditorAssemblies (4ms)
			BeforeProcessingInitializeOnLoad (101ms)
			ProcessInitializeOnLoadAttributes (260ms)
			ProcessInitializeOnLoadMethodAttributes (122ms)
			AfterProcessingInitializeOnLoad (0ms)
			EditorAssembliesLoaded (0ms)
		ExecutionOrderSort2 (0ms)
		AwakeInstancesAfterBackupRestoration (0ms)
========================================================================
Worker process is ready to serve import requests
Import Worker Mode flag is 0x00
Begin MonoManager ReloadAssembly
[Licensing::Module] Licensing is not yet initialized.
[Licensing::Client] Error: Timed-out after 30.00s, waiting for HandshakeResponse
[Licensing::Module] Error: Failed to handshake to channel: "LicenseClient-lisab"
[Licensing::IpcConnector] LicenseClient-lisab channel disconnected successfully.
[Licensing::IpcConnector] Successfully connected to: "LicenseClient-lisab-6000.3.8" at "2026-06-23T11:14:38.1090418Z"
[Licensing::Client] Handshaking with LicensingClient:
  Version:                 1.17.4+4293ba1
  Session Id:              68e071e2e6504ee999a24af87112f770
  Correlation Id:          1c65b57383602796b3a43942ce365f6f
  External correlation Id: 7279377836046825368
  Machine Id:              OkdY9qFmRvOtmEhu81VG2AUWO5c=
[Licensing::Module] Successfully connected to LicensingClient on channel: "LicenseClient-lisab-6000.3.8" (connect: 0.00s, validation: 0.00s, handshake: 1.12s)
[Licensing::IpcConnector] Successfully connected to: "LicenseClient-lisab-6000.3.8-notifications" at "2026-06-23T11:14:39.2309913Z"
[Licensing::Module] Licensing Background thread has ended after 31.25s
[Licensing::Module] Licensing is initialized (took 10.03s).
[Licensing::Client] Successfully resolved entitlement details
[Licensing::Module] License group:
  Id: F4-2GQG-FKZX-2Q8B-M9AS-XXXX
  Product: Unity Personal
  Type: ULF
  Expiration: Unlimited
- Loaded All Assemblies, in 22.088 seconds
Refreshing native plugins compatible for Editor in 1.43 ms, found 3 plugins.
Native extension for WindowsStandalone target not found
Package Manager log level set to [2]
[Package Manager] Failed to launch server process. Reason: Unity was launched with the -noUpm command-line argument
[Package Manager] Unable to send message (not connected to server process).
[Package Manager] Cannot connect to Unity Package Manager local server
ScheduleIndexationOnStartup MainProcess:False IndexOnStartup:True
Mono: successfully reloaded assembly
- Finished resetting the current domain, in  1.161 seconds
Domain Reload Profiling: 23241ms
	BeginReloadAssembly (10245ms)
		ExecutionOrderSort (0ms)
		DisableScriptedObjects (6ms)
		BackupInstance (0ms)
		ReleaseScriptingObjects (0ms)
		CreateAndSetChildDomain (41ms)
	RebuildCommonClasses (42ms)
	RebuildNativeTypeToScriptingClass (12ms)
	initialDomainReloadingComplete (48ms)
	LoadAllAssembliesAndSetupDomain (11731ms)
		LoadAssemblies (11171ms)
		RebuildTransferFunctionScriptingTraits (0ms)
		AnalyzeDomain (677ms)
			TypeCache.Refresh (593ms)
				TypeCache.ScanAssembly (579ms)
			BuildScriptInfoCaches (66ms)
			ResolveRequiredComponents (14ms)
	FinalizeReload (1162ms)
		ReleaseScriptCaches (0ms)
		RebuildScriptCaches (0ms)
		SetupLoadedEditorAssemblies (771ms)
			LogAssemblyErrors (0ms)
			InitializePlatformSupportModulesInManaged (2ms)
			SetLoadedEditorAssemblies (4ms)
			BeforeProcessingInitializeOnLoad (167ms)
			ProcessInitializeOnLoadAttributes (431ms)
			ProcessInitializeOnLoadMethodAttributes (157ms)
			AfterProcessingInitializeOnLoad (9ms)
			EditorAssembliesLoaded (0ms)
		ExecutionOrderSort2 (0ms)
		AwakeInstancesAfterBackupRestoration (8ms)
Launched and connected shader compiler UnityShaderCompiler.exe after 0.04 seconds
Refreshing native plugins compatible for Editor in 1.72 ms, found 3 plugins.
Preloading 0 native plugins for Editor in 0.00 ms.
Unloading 16 Unused Serialized files (Serialized files now loaded: 0)
Unloading 4812 unused Assets / (3.5 MB). Loaded Objects now: 5647.
Memory consumption went from 139.2 MB to 135.7 MB.
Total: 8.476000 ms (FindLiveObjects: 0.554900 ms CreateObjectMapping: 0.360000 ms MarkObjects: 5.716400 ms  DeleteObjects: 1.843700 ms)

========================================================================
Received Import Request.
  Time since last request: 980977.337046 seconds.
  path: Assets/Visuals/Art/tili/JJ_TileMap_0.asset
  artifactKey: Guid(ab5ed0b14c025d743bec6ee123ba6896) Importer(2089858483,d624ce77472d68a35037170ec1d2d27e)
Start importing Assets/Visuals/Art/tili/JJ_TileMap_0.asset using Guid(ab5ed0b14c025d743bec6ee123ba6896) Importer(2089858483,d624ce77472d68a35037170ec1d2d27e) (ScriptedImporter) -> (artifact id: '023f33913f004ff4bd2a3fafcb35d6a3') in 0.12595 seconds
Number of updated asset objects reloaded before import = 0Number of asset objects unloaded after import = 2

========================================================================
Received Import Request.
  Time since last request: 93.224383 seconds.
  path: Assets/Visuals/Art/tili/JJ_TileMap_12.asset
  artifactKey: Guid(830024cf0ead6ed48bdb33a62f3bf067) Importer(2089858483,d624ce77472d68a35037170ec1d2d27e)
Start importing Assets/Visuals/Art/tili/JJ_TileMap_12.asset using Guid(830024cf0ead6ed48bdb33a62f3bf067) Importer(2089858483,d624ce77472d68a35037170ec1d2d27e) (ScriptedImporter) -> (artifact id: '7545fe5cd0014407be458dab17df08e2') in 0.0227663 seconds
Number of updated asset objects reloaded before import = 0Number of asset objects unloaded after import = 2

========================================================================
Received Import Request.
  Time since last request: 0.000030 seconds.
  path: Assets/Visuals/Art/tili/JJ_TileMap_5.asset
  artifactKey: Guid(0829fa2611529824bbec94631167afc2) Importer(2089858483,d624ce77472d68a35037170ec1d2d27e)
Start importing Assets/Visuals/Art/tili/JJ_TileMap_5.asset using Guid(0829fa2611529824bbec94631167afc2) Importer(2089858483,d624ce77472d68a35037170ec1d2d27e) (ScriptedImporter) -> (artifact id: '26e5b30e541c24d00c493c80704f73ac') in 0.0155068 seconds
Number of updated asset objects reloaded before import = 0Number of asset objects unloaded after import = 2

========================================================================
Received Import Request.
  Time since last request: 0.000032 seconds.
  path: Assets/Visuals/Art/tili/JJ_TileMap_10.asset
  artifactKey: Guid(56ac6c6275730954ba0c749ee67b2048) Importer(2089858483,d624ce77472d68a35037170ec1d2d27e)
Start importing Assets/Visuals/Art/tili/JJ_TileMap_10.asset using Guid(56ac6c6275730954ba0c749ee67b2048) Importer(2089858483,d624ce77472d68a35037170ec1d2d27e) (ScriptedImporter) -> (artifact id: '8a7144bd251bbbc66b8693ba380d818b') in 0.018622 seconds
Number of updated asset objects reloaded before import = 0Number of asset objects unloaded after import = 2

========================================================================
Received Import Request.
  Time since last request: 0.000027 seconds.
  path: Assets/Visuals/Art/tili/JJ_TileMap_11.asset
  artifactKey: Guid(77f1903d2d6494a4bbff7e59fac9f60f) Importer(2089858483,d624ce77472d68a35037170ec1d2d27e)
Start importing Assets/Visuals/Art/tili/JJ_TileMap_11.asset using Guid(77f1903d2d6494a4bbff7e59fac9f60f) Importer(2089858483,d624ce77472d68a35037170ec1d2d27e) (ScriptedImporter) -> (artifact id: '6db1661a6db78de0de1ab336f86f1b8f') in 0.0182824 seconds
Number of updated asset objects reloaded before import = 0Number of asset objects unloaded after import = 2

========================================================================
Received Import Request.
  Time since last request: 0.000027 seconds.
  path: Assets/Visuals/Art/tili/ddickfish.prefab
  artifactKey: Guid(ec93ad72b5af1c94ca40fd5e53c7c60d) Importer(2089858483,d624ce77472d68a35037170ec1d2d27e)
Start importing Assets/Visuals/Art/tili/ddickfish.prefab using Guid(ec93ad72b5af1c94ca40fd5e53c7c60d) Importer(2089858483,d624ce77472d68a35037170ec1d2d27e) (ScriptedImporter) -> (artifact id: '44c8d6f562a26c2553d1e7f1407d8ae7') in 0.0572008 seconds
Number of updated asset objects reloaded before import = 0Number of asset objects unloaded after import = 10

========================================================================
Received Import Request.
  Time since last request: 0.000025 seconds.
  path: Assets/Visuals/Art/tili/JJ_TileMap_7.asset
  artifactKey: Guid(2c0bd73dc93626240bc3d5fd8221c89e) Importer(2089858483,d624ce77472d68a35037170ec1d2d27e)
Start importing Assets/Visuals/Art/tili/JJ_TileMap_7.asset using Guid(2c0bd73dc93626240bc3d5fd8221c89e) Importer(2089858483,d624ce77472d68a35037170ec1d2d27e) (ScriptedImporter) -> (artifact id: 'b95fc35e6b1d955eb5670e5a889921fc') in 0.0161495 seconds
Number of updated asset objects reloaded before import = 0Number of asset objects unloaded after import = 2

========================================================================
Received Import Request.
  Time since last request: 0.000035 seconds.
  path: Assets/Visuals/Art/tili/JJ_TileMap_2.asset
  artifactKey: Guid(04a1627b100a67245925cd26dfc927d5) Importer(2089858483,d624ce77472d68a35037170ec1d2d27e)
Start importing Assets/Visuals/Art/tili/JJ_TileMap_2.asset using Guid(04a1627b100a67245925cd26dfc927d5) Importer(2089858483,d624ce77472d68a35037170ec1d2d27e) (ScriptedImporter) -> (artifact id: '4560581194593bb5916e441bf7647cd3') in 0.0192783 seconds
Number of updated asset objects reloaded before import = 0Number of asset objects unloaded after import = 2

Editor requested this worker to shutdown with reason: Scaling down because of idle timeout
AssetImportWorker is now disconnected from the server
Process exiting
Exiting without the bug reporter. Application will terminate with return code 0